<html>
<body>
<pre>
<h1>µVision Build Log</h1>
<h2>Tool Versions:</h2>
IDE-Version: ¦ÌVision V5.40.0.0
Copyright (C) 2024 ARM Ltd and ARM Germany GmbH. All rights reserved.
License Information: 1 Jsir2022, 1, LIC=47GU5-GWURK-562Q2-92WCM-YGS9C-9J7JL
 
Tool Versions:
Toolchain:       MDK-ARM Plus  Version: 5.40.0.3
Toolchain Path:  D:\Keil_MDK\ARM\ARMCC\Bin
C Compiler:      Armcc.exe V5.06 update 7 (build 960)
Assembler:       Armasm.exe V5.06 update 7 (build 960)
Linker/Locator:  ArmLink.exe V5.06 update 7 (build 960)
Library Manager: ArmAr.exe V5.06 update 7 (build 960)
Hex Converter:   FromElf.exe V5.06 update 7 (build 960)
CPU DLL:         SARMCM3.DLL V5.40.0.3
Dialog DLL:      DCM.DLL V1.17.5.0
Target DLL:      CMSIS_AGDI.dll V1.33.18.0
Dialog DLL:      TCM.DLL V1.56.4.0
 
<h2>Project:</h2>
U:\Creative2024\dgm\dgm_v2_0\Firmware_app\MDK-ARM\dgm_app.uvprojx
Project File Date:  07/27/2024

<h2>Output:</h2>
*** Using Compiler 'V5.06 update 7 (build 960)', folder: 'D:\Keil_MDK\ARM\ARMCC\Bin'
Build target 'dgm_app'
compiling gd32c10x_it.c...
compiling anticogging.c...
compiling mc_task.c...
compiling calibration.c...
compiling main.c...
compiling can.c...
linking...
Program Size: Code=25220 RO-data=3700 RW-data=136 ZI-data=19400  
FromELF: creating hex file...
After Build - User command #1: "D:\Keil_MDK\\ARM\ARMCC\bin\fromelf.exe" --bincombined ".\object\dgm_app_fw.axf" --output="U:\Creative2024\dgm\dgm_v2_0\Firmware_app\MDK-ARM\object\\dgm_app_fw.bin"
".\object\dgm_app_fw.axf" - 0 Error(s), 0 Warning(s).

<h2>Software Packages used:</h2>

Package Vendor: GigaDevice
                https://gd32mcu.com/data/documents/pack/GigaDevice.GD32C10x_DFP.1.0.1.pack
                GigaDevice::GD32C10x_DFP@1.0.1
                GigaDevice GD32C10x Series Device Support and Examples

<h2>Collection of Component include folders:</h2>
  U:/KeilARM_Repository/GigaDevice/GD32C10x_DFP/1.0.1/Device/Include

<h2>Collection of Component Files used:</h2>
Build Time Elapsed:  00:00:01
</pre>
</body>
</html>
