Component: Arm Compiler for Embedded 6.22 Tool: armlink [5ee90200]

==============================================================================

Section Cross References

    opticalflow.o(.text.HAL_TIM_PeriodElapsedCallback) refers to tim.o(.bss.htim7) for htim7
    opticalflow.o(.text.HAL_TIM_PeriodElapsedCallback) refers to opticalflow.o(.bss.timus) for timus
    opticalflow.o(.ARM.exidx.text.HAL_TIM_PeriodElapsedCallback) refers to opticalflow.o(.text.HAL_TIM_PeriodElapsedCallback) for [Anonymous Symbol]
    opticalflow.o(.text.TIM_delayus) refers to opticalflow.o(.bss.timus) for timus
    opticalflow.o(.ARM.exidx.text.TIM_delayus) refers to opticalflow.o(.text.TIM_delayus) for [Anonymous Symbol]
    opticalflow.o(.text.OF_initDevice) refers to tim.o(.bss.htim7) for htim7
    opticalflow.o(.text.OF_initDevice) refers to stm32h7xx_hal_tim.o(.text.HAL_TIM_Base_Start_IT) for HAL_TIM_Base_Start_IT
    opticalflow.o(.text.OF_initDevice) refers to stm32h7xx_hal_gpio.o(.text.HAL_GPIO_WritePin) for HAL_GPIO_WritePin
    opticalflow.o(.text.OF_initDevice) refers to stm32h7xx_hal.o(.text.HAL_Delay) for HAL_Delay
    opticalflow.o(.text.OF_initDevice) refers to opticalflow.o(.bss.TxData) for TxData
    opticalflow.o(.text.OF_initDevice) refers to spi.o(.bss.hspi1) for hspi1
    opticalflow.o(.text.OF_initDevice) refers to stm32h7xx_hal_spi.o(.text.HAL_SPI_Transmit) for HAL_SPI_Transmit
    opticalflow.o(.text.OF_initDevice) refers to opticalflow.o(.text.TIM_delayus) for TIM_delayus
    opticalflow.o(.text.OF_initDevice) refers to opticalflow.o(.bss.Prodect_ID) for Prodect_ID
    opticalflow.o(.text.OF_initDevice) refers to stm32h7xx_hal_spi.o(.text.HAL_SPI_Receive) for HAL_SPI_Receive
    opticalflow.o(.text.OF_initDevice) refers to opticalflow.o(.bss.Revision_ID) for Revision_ID
    opticalflow.o(.ARM.exidx.text.OF_initDevice) refers to opticalflow.o(.text.OF_initDevice) for [Anonymous Symbol]
    opticalflow.o(.text.OF_readDeltaXY) refers to opticalflow.o(.bss.TxData) for TxData
    opticalflow.o(.text.OF_readDeltaXY) refers to stm32h7xx_hal_gpio.o(.text.HAL_GPIO_WritePin) for HAL_GPIO_WritePin
    opticalflow.o(.text.OF_readDeltaXY) refers to spi.o(.bss.hspi1) for hspi1
    opticalflow.o(.text.OF_readDeltaXY) refers to stm32h7xx_hal_spi.o(.text.HAL_SPI_Transmit) for HAL_SPI_Transmit
    opticalflow.o(.text.OF_readDeltaXY) refers to opticalflow.o(.text.TIM_delayus) for TIM_delayus
    opticalflow.o(.text.OF_readDeltaXY) refers to opticalflow.o(.bss.Motion) for Motion
    opticalflow.o(.text.OF_readDeltaXY) refers to stm32h7xx_hal_spi.o(.text.HAL_SPI_Receive) for HAL_SPI_Receive
    opticalflow.o(.text.OF_readDeltaXY) refers to opticalflow.o(.bss.Delta_X) for Delta_X
    opticalflow.o(.text.OF_readDeltaXY) refers to opticalflow.o(.bss.Delta_Y) for Delta_Y
    opticalflow.o(.text.OF_readDeltaXY) refers to opticalflow.o(.bss.Squal) for Squal
    opticalflow.o(.text.OF_readDeltaXY) refers to opticalflow.o(.rodata.str1.1) for .L.str
    opticalflow.o(.text.OF_readDeltaXY) refers to bsp_uart.o(.text.DMA_Printf) for DMA_Printf
    opticalflow.o(.text.OF_readDeltaXY) refers to opticalflow.o(.bss.clear) for clear
    opticalflow.o(.ARM.exidx.text.OF_readDeltaXY) refers to opticalflow.o(.text.OF_readDeltaXY) for [Anonymous Symbol]
    bsp_uart.o(.text.HAL_UART_RxCpltCallback) refers to usart.o(.bss.huart1) for huart1
    bsp_uart.o(.text.HAL_UART_RxCpltCallback) refers to bsp_uart.o(.bss.Uart3_RXBuf) for Uart3_RXBuf
    bsp_uart.o(.text.HAL_UART_RxCpltCallback) refers to stm32h7xx_hal_uart.o(.text.HAL_UART_Receive_DMA) for HAL_UART_Receive_DMA
    bsp_uart.o(.ARM.exidx.text.HAL_UART_RxCpltCallback) refers to bsp_uart.o(.text.HAL_UART_RxCpltCallback) for [Anonymous Symbol]
    bsp_uart.o(.text.DMA_Printf) refers to usart.o(.bss.huart1) for huart1
    bsp_uart.o(.text.DMA_Printf) refers to bsp_uart.o(.bss.Uart3_TXBuf) for Uart3_TXBuf
    bsp_uart.o(.text.DMA_Printf) refers to vsnprintf.o(.text) for vsnprintf
    bsp_uart.o(.text.DMA_Printf) refers to stm32h7xx_hal_uart.o(.text.HAL_UART_Transmit) for HAL_UART_Transmit
    bsp_uart.o(.ARM.exidx.text.DMA_Printf) refers to bsp_uart.o(.text.DMA_Printf) for [Anonymous Symbol]
    bsp_uart.o(.text.DMA_JustFloat) refers to bsp_uart.o(.bss.Uart3_TXBuf) for Uart3_TXBuf
    bsp_uart.o(.text.DMA_JustFloat) refers to usart.o(.bss.huart1) for huart1
    bsp_uart.o(.text.DMA_JustFloat) refers to bsp_uart.o(.data.tail) for tail
    bsp_uart.o(.text.DMA_JustFloat) refers to stm32h7xx_hal_uart.o(.text.HAL_UART_Transmit_DMA) for HAL_UART_Transmit_DMA
    bsp_uart.o(.ARM.exidx.text.DMA_JustFloat) refers to bsp_uart.o(.text.DMA_JustFloat) for [Anonymous Symbol]
    startup_stm32h743xx.o(STACK) refers (Special) to heapauxi.o(.text) for __use_two_region_memory
    startup_stm32h743xx.o(HEAP) refers (Special) to heapauxi.o(.text) for __use_two_region_memory
    startup_stm32h743xx.o(RESET) refers (Special) to heapauxi.o(.text) for __use_two_region_memory
[...]
    CRS_IRQHandler                           0x0800042b   Thumb Code     0  startup_stm32h743xx.o(.text)
    DCMI_IRQHandler                          0x0800042b   Thumb Code     0  startup_stm32h743xx.o(.text)
    DFSDM1_FLT0_IRQHandler                   0x0800042b   Thumb Code     0  startup_stm32h743xx.o(.text)
    DFSDM1_FLT1_IRQHandler                   0x0800042b   Thumb Code     0  startup_stm32h743xx.o(.text)
    DFSDM1_FLT2_IRQHandler                   0x0800042b   Thumb Code     0  startup_stm32h743xx.o(.text)
    DFSDM1_FLT3_IRQHandler                   0x0800042b   Thumb Code     0  startup_stm32h743xx.o(.text)
    DMA1_Stream1_IRQHandler                  0x0800042b   Thumb Code     0  startup_stm32h743xx.o(.text)
    DMA1_Stream2_IRQHandler                  0x0800042b   Thumb Code     0  startup_stm32h743xx.o(.text)
    DMA1_Stream3_IRQHandler                  0x0800042b   Thumb Code     0  startup_stm32h743xx.o(.text)
    DMA1_Stream4_IRQHandler                  0x0800042b   Thumb Code     0  startup_stm32h743xx.o(.text)
    DMA1_Stream5_IRQHandler                  0x0800042b   Thumb Code     0  startup_stm32h743xx.o(.text)
    DMA1_Stream6_IRQHandler                  0x0800042b   Thumb Code     0  startup_stm32h743xx.o(.text)
    DMA1_Stream7_IRQHandler                  0x0800042b   Thumb Code     0  startup_stm32h743xx.o(.text)
    DMA2D_IRQHandler                         0x0800042b   Thumb Code     0  startup_stm32h743xx.o(.text)
    DMA2_Stream0_IRQHandler                  0x0800042b   Thumb Code     0  startup_stm32h743xx.o(.text)
    DMA2_Stream1_IRQHandler                  0x0800042b   Thumb Code     0  startup_stm32h743xx.o(.text)
    DMA2_Stream2_IRQHandler                  0x0800042b   Thumb Code     0  startup_stm32h743xx.o(.text)
    DMA2_Stream3_IRQHandler                  0x0800042b   Thumb Code     0  startup_stm32h743xx.o(.text)
    DMA2_Stream4_IRQHandler                  0x0800042b   Thumb Code     0  startup_stm32h743xx.o(.text)
    DMA2_Stream5_IRQHandler                  0x0800042b   Thumb Code     0  startup_stm32h743xx.o(.text)
    DMA2_Stream6_IRQHandler                  0x0800042b   Thumb Code     0  startup_stm32h743xx.o(.text)
    DMA2_Stream7_IRQHandler                  0x0800042b   Thumb Code     0  startup_stm32h743xx.o(.text)
    DMAMUX1_OVR_IRQHandler                   0x0800042b   Thumb Code     0  startup_stm32h743xx.o(.text)
    DMAMUX2_OVR_IRQHandler                   0x0800042b   Thumb Code     0  startup_stm32h743xx.o(.text)
    ECC_IRQHandler                           0x0800042b   Thumb Code     0  startup_stm32h743xx.o(.text)
    ETH_IRQHandler                           0x0800042b   Thumb Code     0  startup_stm32h743xx.o(.text)
    ETH_WKUP_IRQHandler                      0x0800042b   Thumb Code     0  startup_stm32h743xx.o(.text)
    EXTI0_IRQHandler                         0x0800042b   Thumb Code     0  startup_stm32h743xx.o(.text)
    EXTI15_10_IRQHandler                     0x0800042b   Thumb Code     0  startup_stm32h743xx.o(.text)
    EXTI1_IRQHandler                         0x0800042b   Thumb Code     0  startup_stm32h743xx.o(.text)
    EXTI2_IRQHandler                         0x0800042b   Thumb Code     0  startup_stm32h743xx.o(.text)
    EXTI3_IRQHandler                         0x0800042b   Thumb Code     0  startup_stm32h743xx.o(.text)
    EXTI4_IRQHandler                         0x0800042b   Thumb Code     0  startup_stm32h743xx.o(.text)
    EXTI9_5_IRQHandler                       0x0800042b   Thumb Code     0  startup_stm32h743xx.o(.text)
    FDCAN1_IT1_IRQHandler                    0x0800042b   Thumb Code     0  startup_stm32h743xx.o(.text)
    FDCAN2_IT1_IRQHandler                    0x0800042b   Thumb Code     0  startup_stm32h743xx.o(.text)
    FDCAN_CAL_IRQHandler                     0x0800042b   Thumb Code     0  startup_stm32h743xx.o(.text)
    FLASH_IRQHandler                         0x0800042b   Thumb Code     0  startup_stm32h743xx.o(.text)
    FMC_IRQHandler                           0x0800042b   Thumb Code     0  startup_stm32h743xx.o(.text)
    FPU_IRQHandler                           0x0800042b   Thumb Code     0  startup_stm32h743xx.o(.text)
    HRTIM1_FLT_IRQHandler                    0x0800042b   Thumb Code     0  startup_stm32h743xx.o(.text)
    HRTIM1_Master_IRQHandler                 0x0800042b   Thumb Code     0  startup_stm32h743xx.o(.text)
    HRTIM1_TIMA_IRQHandler                   0x0800042b   Thumb Code     0  startup_stm32h743xx.o(.text)
    HRTIM1_TIMB_IRQHandler                   0x0800042b   Thumb Code     0  startup_stm32h743xx.o(.text)
    HRTIM1_TIMC_IRQHandler                   0x0800042b   Thumb Code     0  startup_stm32h743xx.o(.text)
    HRTIM1_TIMD_IRQHandler                   0x0800042b   Thumb Code     0  startup_stm32h743xx.o(.text)
    HRTIM1_TIME_IRQHandler                   0x0800042b   Thumb Code     0  startup_stm32h743xx.o(.text)
    HSEM1_IRQHandler                         0x0800042b   Thumb Code     0  startup_stm32h743xx.o(.text)
    I2C1_ER_IRQHandler                       0x0800042b   Thumb Code     0  startup_stm32h743xx.o(.text)
    I2C1_EV_IRQHandler                       0x0800042b   Thumb Code     0  startup_stm32h743xx.o(.text)
    I2C2_ER_IRQHandler                       0x0800042b   Thumb Code     0  startup_stm32h743xx.o(.text)
    I2C2_EV_IRQHandler                       0x0800042b   Thumb Code     0  startup_stm32h743xx.o(.text)
    I2C3_ER_IRQHandler                       0x0800042b   Thumb Code     0  startup_stm32h743xx.o(.text)
    I2C3_EV_IRQHandler                       0x0800042b   Thumb Code     0  startup_stm32h743xx.o(.text)
    I2C4_ER_IRQHandler                       0x0800042b   Thumb Code     0  startup_stm32h743xx.o(.text)
    I2C4_EV_IRQHandler                       0x0800042b   Thumb Code     0  startup_stm32h743xx.o(.text)
    JPEG_IRQHandler                          0x0800042b   Thumb Code     0  startup_stm32h743xx.o(.text)
    LPTIM1_IRQHandler                        0x0800042b   Thumb Code     0  startup_stm32h743xx.o(.text)
    LPTIM2_IRQHandler                        0x0800042b   Thumb Code     0  startup_stm32h743xx.o(.text)
    LPTIM3_IRQHandler                        0x0800042b   Thumb Code     0  startup_stm32h743xx.o(.text)
    LPTIM4_IRQHandler                        0x0800042b   Thumb Code     0  startup_stm32h743xx.o(.text)
    LPTIM5_IRQHandler                        0x0800042b   Thumb Code     0  startup_stm32h743xx.o(.text)
    LPUART1_IRQHandler                       0x0800042b   Thumb Code     0  startup_stm32h743xx.o(.text)
    LTDC_ER_IRQHandler                       0x0800042b   Thumb Code     0  startup_stm32h743xx.o(.text)
    LTDC_IRQHandler                          0x0800042b   Thumb Code     0  startup_stm32h743xx.o(.text)
    MDIOS_IRQHandler                         0x0800042b   Thumb Code     0  startup_stm32h743xx.o(.text)
    MDIOS_WKUP_IRQHandler                    0x0800042b   Thumb Code     0  startup_stm32h743xx.o(.text)
    MDMA_IRQHandler                          0x0800042b   Thumb Code     0  startup_stm32h743xx.o(.text)
    OTG_FS_EP1_IN_IRQHandler                 0x0800042b   Thumb Code     0  startup_stm32h743xx.o(.text)
    OTG_FS_EP1_OUT_IRQHandler                0x0800042b   Thumb Code     0  startup_stm32h743xx.o(.text)
    OTG_FS_IRQHandler                        0x0800042b   Thumb Code     0  startup_stm32h743xx.o(.text)
    OTG_FS_WKUP_IRQHandler                   0x0800042b   Thumb Code     0  startup_stm32h743xx.o(.text)
    OTG_HS_EP1_IN_IRQHandler                 0x0800042b   Thumb Code     0  startup_stm32h743xx.o(.text)
    OTG_HS_EP1_OUT_IRQHandler                0x0800042b   Thumb Code     0  startup_stm32h743xx.o(.text)
    OTG_HS_IRQHandler                        0x0800042b   Thumb Code     0  startup_stm32h743xx.o(.text)
    OTG_HS_WKUP_IRQHandler                   0x0800042b   Thumb Code     0  startup_stm32h743xx.o(.text)
    PVD_AVD_IRQHandler                       0x0800042b   Thumb Code     0  startup_stm32h743xx.o(.text)
    QUADSPI_IRQHandler                       0x0800042b   Thumb Code     0  startup_stm32h743xx.o(.text)
    RCC_IRQHandler                           0x0800042b   Thumb Code     0  startup_stm32h743xx.o(.text)
    RNG_IRQHandler                           0x0800042b   Thumb Code     0  startup_stm32h743xx.o(.text)
    RTC_Alarm_IRQHandler                     0x0800042b   Thumb Code     0  startup_stm32h743xx.o(.text)
    RTC_WKUP_IRQHandler                      0x0800042b   Thumb Code     0  startup_stm32h743xx.o(.text)
    SAI1_IRQHandler                          0x0800042b   Thumb Code     0  startup_stm32h743xx.o(.text)
    SAI2_IRQHandler                          0x0800042b   Thumb Code     0  startup_stm32h743xx.o(.text)
    SAI3_IRQHandler                          0x0800042b   Thumb Code     0  startup_stm32h743xx.o(.text)
    SAI4_IRQHandler                          0x0800042b   Thumb Code     0  startup_stm32h743xx.o(.text)
    SDMMC1_IRQHandler                        0x0800042b   Thumb Code     0  startup_stm32h743xx.o(.text)
    SDMMC2_IRQHandler                        0x0800042b   Thumb Code     0  startup_stm32h743xx.o(.text)
    SPDIF_RX_IRQHandler                      0x0800042b   Thumb Code     0  startup_stm32h743xx.o(.text)
    SPI1_IRQHandler                          0x0800042b   Thumb Code     0  startup_stm32h743xx.o(.text)
    SPI2_IRQHandler                          0x0800042b   Thumb Code     0  startup_stm32h743xx.o(.text)
    SPI3_IRQHandler                          0x0800042b   Thumb Code     0  startup_stm32h743xx.o(.text)
    SPI4_IRQHandler                          0x0800042b   Thumb Code     0  startup_stm32h743xx.o(.text)
    SPI5_IRQHandler                          0x0800042b   Thumb Code     0  startup_stm32h743xx.o(.text)
    SPI6_IRQHandler                          0x0800042b   Thumb Code     0  startup_stm32h743xx.o(.text)
    SWPMI1_IRQHandler                        0x0800042b   Thumb Code     0  startup_stm32h743xx.o(.text)
    TAMP_STAMP_IRQHandler                    0x0800042b   Thumb Code     0  startup_stm32h743xx.o(.text)
    TIM15_IRQHandler                         0x0800042b   Thumb Code     0  startup_stm32h743xx.o(.text)
    TIM16_IRQHandler                         0x0800042b   Thumb Code     0  startup_stm32h743xx.o(.text)
    TIM17_IRQHandler                         0x0800042b   Thumb Code     0  startup_stm32h743xx.o(.text)
    TIM1_BRK_IRQHandler                      0x0800042b   Thumb Code     0  startup_stm32h743xx.o(.text)
    TIM1_CC_IRQHandler                       0x0800042b   Thumb Code     0  startup_stm32h743xx.o(.text)
    TIM1_TRG_COM_IRQHandler                  0x0800042b   Thumb Code     0  startup_stm32h743xx.o(.text)
    TIM1_UP_IRQHandler                       0x0800042b   Thumb Code     0  startup_stm32h743xx.o(.text)
    TIM2_IRQHandler                          0x0800042b   Thumb Code     0  startup_stm32h743xx.o(.text)
    TIM3_IRQHandler                          0x0800042b   Thumb Code     0  startup_stm32h743xx.o(.text)
    TIM4_IRQHandler                          0x0800042b   Thumb Code     0  startup_stm32h743xx.o(.text)
    TIM5_IRQHandler                          0x0800042b   Thumb Code     0  startup_stm32h743xx.o(.text)
    TIM6_DAC_IRQHandler                      0x0800042b   Thumb Code     0  startup_stm32h743xx.o(.text)
    TIM8_BRK_TIM12_IRQHandler                0x0800042b   Thumb Code     0  startup_stm32h743xx.o(.text)
    TIM8_CC_IRQHandler                       0x0800042b   Thumb Code     0  startup_stm32h743xx.o(.text)
    TIM8_TRG_COM_TIM14_IRQHandler            0x0800042b   Thumb Code     0  startup_stm32h743xx.o(.text)
    TIM8_UP_TIM13_IRQHandler                 0x0800042b   Thumb Code     0  startup_stm32h743xx.o(.text)
    UART4_IRQHandler                         0x0800042b   Thumb Code     0  startup_stm32h743xx.o(.text)
    UART5_IRQHandler                         0x0800042b   Thumb Code     0  startup_stm32h743xx.o(.text)
    UART7_IRQHandler                         0x0800042b   Thumb Code     0  startup_stm32h743xx.o(.text)
    UART8_IRQHandler                         0x0800042b   Thumb Code     0  startup_stm32h743xx.o(.text)
    USART1_IRQHandler                        0x0800042b   Thumb Code     0  startup_stm32h743xx.o(.text)
    USART2_IRQHandler                        0x0800042b   Thumb Code     0  startup_stm32h743xx.o(.text)
    USART3_IRQHandler                        0x0800042b   Thumb Code     0  startup_stm32h743xx.o(.text)
    USART6_IRQHandler                        0x0800042b   Thumb Code     0  startup_stm32h743xx.o(.text)
    WAKEUP_PIN_IRQHandler                    0x0800042b   Thumb Code     0  startup_stm32h743xx.o(.text)
    WWDG_IRQHandler                          0x0800042b   Thumb Code     0  startup_stm32h743xx.o(.text)
    __user_initial_stackheap                 0x0800042d   Thumb Code     0  startup_stm32h743xx.o(.text)
    __aeabi_uldivmod                         0x08000451   Thumb Code     0  lludivv7m.o(.text)
    _ll_udiv                                 0x08000451   Thumb Code   240  lludivv7m.o(.text)
    vsnprintf                                0x08000541   Thumb Code    56  vsnprintf.o(.text)
    __aeabi_memcpy4                          0x0800057d   Thumb Code     0  rt_memcpy_w.o(.text)
    __aeabi_memcpy8                          0x0800057d   Thumb Code     0  rt_memcpy_w.o(.text)
    __rt_memcpy_w                            0x0800057d   Thumb Code   100  rt_memcpy_w.o(.text)
    _memcpy_lastbytes_aligned                0x080005c5   Thumb Code     0  rt_memcpy_w.o(.text)
    __aeabi_memclr4                          0x080005e1   Thumb Code     0  rt_memclr_w.o(.text)
    __aeabi_memclr8                          0x080005e1   Thumb Code     0  rt_memclr_w.o(.text)
    __rt_memclr_w                            0x080005e1   Thumb Code     0  rt_memclr_w.o(.text)
    _memset_w                                0x080005e5   Thumb Code    74  rt_memclr_w.o(.text)
    __use_two_region_memory                  0x0800062f   Thumb Code     2  heapauxi.o(.text)
    __rt_heap_escrow$2region                 0x08000631   Thumb Code     2  heapauxi.o(.text)
    __rt_heap_expand$2region                 0x08000633   Thumb Code     2  heapauxi.o(.text)
    _printf_pre_padding                      0x08000635   Thumb Code    44  _printf_pad.o(.text)
    _printf_post_padding                     0x08000661   Thumb Code    34  _printf_pad.o(.text)
    _printf_truncate_signed                  0x08000683   Thumb Code    18  _printf_truncate.o(.text)
    _printf_truncate_unsigned                0x08000695   Thumb Code    18  _printf_truncate.o(.text)
    _printf_str                              0x080006a7   Thumb Code    82  _printf_str.o(.text)
    _printf_int_dec                          0x080006f9   Thumb Code   104  _printf_dec.o(.text)
    _printf_charcount                        0x08000771   Thumb Code    40  _printf_charcount.o(.text)
    _printf_char_common                      0x080007a3   Thumb Code    32  _printf_char_common.o(.text)
    _snputc                                  0x080007c9   Thumb Code    16  _snputc.o(.text)
    _printf_wctomb                           0x080007d9   Thumb Code   182  _printf_wctomb.o(.text)
    _printf_longlong_dec                     0x08000895   Thumb Code   108  _printf_longlong_dec.o(.text)
    _printf_longlong_oct                     0x08000911   Thumb Code    68  _printf_oct_int_ll.o(.text)
    _printf_int_oct                          0x08000955   Thumb Code    24  _printf_oct_int_ll.o(.text)
    _printf_ll_oct                           0x0800096d   Thumb Code    12  _printf_oct_int_ll.o(.text)
    _printf_longlong_hex                     0x08000981   Thumb Code    86  _printf_hex_int_ll_ptr.o(.text)
    _printf_int_hex                          0x080009d7   Thumb Code    28  _printf_hex_int_ll_ptr.o(.text)
    _printf_ll_hex                           0x080009f3   Thumb Code    12  _printf_hex_int_ll_ptr.o(.text)
    _printf_hex_ptr                          0x080009ff   Thumb Code    18  _printf_hex_int_ll_ptr.o(.text)
    __printf                                 0x08000a15   Thumb Code   388  __printf_flags_ss_wp.o(.text)
    _ll_udiv10                               0x08000b9d   Thumb Code   138  lludiv10.o(.text)
    _printf_int_common                       0x08000c27   Thumb Code   178  _printf_intcommon.o(.text)
    _printf_fp_dec_real                      0x08000e89   Thumb Code   620  _printf_fp_dec.o(.text)
    _printf_fp_hex_real                      0x080010f5   Thumb Code   756  _printf_fp_hex.o(.text)
    _printf_cs_common                        0x080013f1   Thumb Code    20  _printf_char.o(.text)
    _printf_char                             0x08001405   Thumb Code    16  _printf_char.o(.text)
    _printf_string                           0x08001415   Thumb Code     8  _printf_char.o(.text)
    _printf_lcs_common                       0x0800141d   Thumb Code    20  _printf_wchar.o(.text)
    _printf_wchar                            0x08001431   Thumb Code    16  _printf_wchar.o(.text)
    _printf_wstring                          0x08001441   Thumb Code     8  _printf_wchar.o(.text)
    _c16rtomb                                0x08001449   Thumb Code    72  _c16rtomb.o(.text)
    _wcrtomb                                 0x08001449   Thumb Code     0  _c16rtomb.o(.text)
    __user_setup_stackheap                   0x08001491   Thumb Code    74  sys_stackheap_outer.o(.text)
    __rt_ctype_table                         0x080014dd   Thumb Code    16  rt_ctype_table.o(.text)
    __rt_locale                              0x080014ed   Thumb Code     8  rt_locale_intlibspace.o(.text)
    _printf_fp_infnan                        0x080014f5   Thumb Code   112  _printf_fp_infnan.o(.text)
    _btod_etento                             0x08001575   Thumb Code   224  bigflt0.o(.text)
    exit                                     0x08001659   Thumb Code    18  exit.o(.text)
    __user_libspace                          0x0800166d   Thumb Code     8  libspace.o(.text)
    __user_perproc_libspace                  0x0800166d   Thumb Code     0  libspace.o(.text)
    __user_perthread_libspace                0x0800166d   Thumb Code     0  libspace.o(.text)
    strcmp                                   0x08001679   Thumb Code   124  strcmpv7m_pel.o(.text)
    _sys_exit                                0x080016f5   Thumb Code     8  sys_exit.o(.text)
    __I$use$semihosting                      0x08001701   Thumb Code     0  use_no_semi.o(.text)
    __use_no_semihosting_swi                 0x08001701   Thumb Code     2  use_no_semi.o(.text)
    __semihosting_library_function           0x08001703   Thumb Code     0  indicate_semi.o(.text)
    BusFault_Handler                         0x08001709   Thumb Code     4  stm32h7xx_it.o(.text.BusFault_Handler)
    DMA1_Stream0_IRQHandler                  0x08001711   Thumb Code    16  stm32h7xx_it.o(.text.DMA1_Stream0_IRQHandler)
    DMA_Printf                               0x08001c89   Thumb Code   102  bsp_uart.o(.text.DMA_Printf)
    DebugMon_Handler                         0x08001cf1   Thumb Code     2  stm32h7xx_it.o(.text.DebugMon_Handler)
    Error_Handler                            0x08001cf9   Thumb Code    14  main.o(.text.Error_Handler)
    FDCAN1_IT0_IRQHandler                    0x08001d09   Thumb Code    16  stm32h7xx_it.o(.text.FDCAN1_IT0_IRQHandler)
    FDCAN2_IT0_IRQHandler                    0x08001d19   Thumb Code    16  stm32h7xx_it.o(.text.FDCAN2_IT0_IRQHandler)
    FMC_SDRAM_Init                           0x08001ff1   Thumb Code   162  stm32h7xx_ll_fmc.o(.text.FMC_SDRAM_Init)
    FMC_SDRAM_Timing_Init                    0x08002099   Thumb Code   250  stm32h7xx_ll_fmc.o(.text.FMC_SDRAM_Timing_Init)
    HAL_DMA2D_Init                           0x08002199   Thumb Code   188  stm32h7xx_hal_dma2d.o(.text.HAL_DMA2D_Init)
    HAL_DMA2D_MspInit                        0x08002259   Thumb Code    58  dma2d.o(.text.HAL_DMA2D_MspInit)
    HAL_DMA_IRQHandler                       0x08002299   Thumb Code  4544  stm32h7xx_hal_dma.o(.text.HAL_DMA_IRQHandler)
    HAL_DMA_Init                             0x08003459   Thumb Code  2402  stm32h7xx_hal_dma.o(.text.HAL_DMA_Init)
    HAL_Delay                                0x08003dc1   Thumb Code    66  stm32h7xx_hal.o(.text.HAL_Delay)
    HAL_FDCAN_ClockCalibrationCallback       0x08003e09   Thumb Code    10  stm32h7xx_hal_fdcan.o(.text.HAL_FDCAN_ClockCalibrationCallback)
    HAL_FDCAN_ErrorCallback                  0x08003e19   Thumb Code     8  stm32h7xx_hal_fdcan.o(.text.HAL_FDCAN_ErrorCallback)
    HAL_FDCAN_ErrorStatusCallback            0x08003e21   Thumb Code    10  stm32h7xx_hal_fdcan.o(.text.HAL_FDCAN_ErrorStatusCallback)
    HAL_FDCAN_HighPriorityMessageCallback    0x08003e31   Thumb Code     8  stm32h7xx_hal_fdcan.o(.text.HAL_FDCAN_HighPriorityMessageCallback)
    HAL_FDCAN_IRQHandler                     0x08003e39   Thumb Code  1506  stm32h7xx_hal_fdcan.o(.text.HAL_FDCAN_IRQHandler)
    HAL_FDCAN_Init                           0x08004421   Thumb Code   992  stm32h7xx_hal_fdcan.o(.text.HAL_FDCAN_Init)
    HAL_FDCAN_MspInit                        0x08004801   Thumb Code   410  fdcan.o(.text.HAL_FDCAN_MspInit)
    HAL_FDCAN_RxBufferNewMessageCallback     0x080049a1   Thumb Code     8  stm32h7xx_hal_fdcan.o(.text.HAL_FDCAN_RxBufferNewMessageCallback)
    HAL_FDCAN_RxFifo0Callback                0x080049a9   Thumb Code    10  stm32h7xx_hal_fdcan.o(.text.HAL_FDCAN_RxFifo0Callback)
    HAL_FDCAN_RxFifo1Callback                0x080049b9   Thumb Code    10  stm32h7xx_hal_fdcan.o(.text.HAL_FDCAN_RxFifo1Callback)
    HAL_FDCAN_TT_GlobalTimeCallback          0x080049c9   Thumb Code    10  stm32h7xx_hal_fdcan.o(.text.HAL_FDCAN_TT_GlobalTimeCallback)
    HAL_FDCAN_TT_ScheduleSyncCallback        0x080049d9   Thumb Code    10  stm32h7xx_hal_fdcan.o(.text.HAL_FDCAN_TT_ScheduleSyncCallback)
    HAL_FDCAN_TT_StopWatchCallback           0x080049e9   Thumb Code    12  stm32h7xx_hal_fdcan.o(.text.HAL_FDCAN_TT_StopWatchCallback)
    HAL_FDCAN_TT_TimeMarkCallback            0x080049f9   Thumb Code    10  stm32h7xx_hal_fdcan.o(.text.HAL_FDCAN_TT_TimeMarkCallback)
    HAL_FDCAN_TimeoutOccurredCallback        0x08004a09   Thumb Code     8  stm32h7xx_hal_fdcan.o(.text.HAL_FDCAN_TimeoutOccurredCallback)
    HAL_FDCAN_TimestampWraparoundCallback    0x08004a11   Thumb Code     8  stm32h7xx_hal_fdcan.o(.text.HAL_FDCAN_TimestampWraparoundCallback)
    HAL_FDCAN_TxBufferAbortCallback          0x08004a19   Thumb Code    10  stm32h7xx_hal_fdcan.o(.text.HAL_FDCAN_TxBufferAbortCallback)
    HAL_FDCAN_TxBufferCompleteCallback       0x08004a29   Thumb Code    10  stm32h7xx_hal_fdcan.o(.text.HAL_FDCAN_TxBufferCompleteCallback)
    HAL_FDCAN_TxEventFifoCallback            0x08004a39   Thumb Code    10  stm32h7xx_hal_fdcan.o(.text.HAL_FDCAN_TxEventFifoCallback)
    HAL_FDCAN_TxFifoEmptyCallback            0x08004a49   Thumb Code     8  stm32h7xx_hal_fdcan.o(.text.HAL_FDCAN_TxFifoEmptyCallback)
    HAL_GPIO_Init                            0x08004ba1   Thumb Code   964  stm32h7xx_hal_gpio.o(.text.HAL_GPIO_Init)
    HAL_GPIO_WritePin                        0x08004f69   Thumb Code    46  stm32h7xx_hal_gpio.o(.text.HAL_GPIO_WritePin)
    HAL_GetREVID                             0x08004f99   Thumb Code    14  stm32h7xx_hal.o(.text.HAL_GetREVID)
    HAL_GetTick                              0x08004fa9   Thumb Code    12  stm32h7xx_hal.o(.text.HAL_GetTick)
    HAL_IncTick                              0x08004fb9   Thumb Code    26  stm32h7xx_hal.o(.text.HAL_IncTick)
    HAL_Init                                 0x08004fd9   Thumb Code   122  stm32h7xx_hal.o(.text.HAL_Init)
    HAL_InitTick                             0x08005059   Thumb Code   134  stm32h7xx_hal.o(.text.HAL_InitTick)
    HAL_LTDC_ConfigLayer                     0x080050e1   Thumb Code   188  stm32h7xx_hal_ltdc.o(.text.HAL_LTDC_ConfigLayer)
    HAL_LTDC_Init                            0x080051a1   Thumb Code   346  stm32h7xx_hal_ltdc.o(.text.HAL_LTDC_Init)
    HAL_LTDC_MspInit                         0x08005301   Thumb Code   680  ltdc.o(.text.HAL_LTDC_MspInit)
    HAL_MPU_ConfigRegion                     0x080055a9   Thumb Code   128  stm32h7xx_hal_cortex.o(.text.HAL_MPU_ConfigRegion)
    HAL_MPU_Disable                          0x08005629   Thumb Code    34  stm32h7xx_hal_cortex.o(.text.HAL_MPU_Disable)
    HAL_MPU_Enable                           0x08005651   Thumb Code    48  stm32h7xx_hal_cortex.o(.text.HAL_MPU_Enable)
    HAL_MspInit                              0x08005681   Thumb Code    36  stm32h7xx_hal_msp.o(.text.HAL_MspInit)
    HAL_NVIC_EnableIRQ                       0x080056a9   Thumb Code    20  stm32h7xx_hal_cortex.o(.text.HAL_NVIC_EnableIRQ)
    HAL_NVIC_SetPriority                     0x080056c1   Thumb Code    46  stm32h7xx_hal_cortex.o(.text.HAL_NVIC_SetPriority)
    HAL_NVIC_SetPriorityGrouping             0x080056f1   Thumb Code    16  stm32h7xx_hal_cortex.o(.text.HAL_NVIC_SetPriorityGrouping)
    HAL_PWREx_ConfigSupply                   0x08005701   Thumb Code   162  stm32h7xx_hal_pwr_ex.o(.text.HAL_PWREx_ConfigSupply)
    HAL_PWR_EnableBkUpAccess                 0x080057a9   Thumb Code    18  stm32h7xx_hal_pwr.o(.text.HAL_PWR_EnableBkUpAccess)
    HAL_QSPI_Init                            0x080057c1   Thumb Code   254  stm32h7xx_hal_qspi.o(.text.HAL_QSPI_Init)
    HAL_QSPI_MspInit                         0x080058c1   Thumb Code   368  quadspi.o(.text.HAL_QSPI_MspInit)
    HAL_QSPI_SetTimeout                      0x08005a31   Thumb Code    16  stm32h7xx_hal_qspi.o(.text.HAL_QSPI_SetTimeout)
    HAL_RCCEx_GetD3PCLK1Freq                 0x08005a41   Thumb Code    38  stm32h7xx_hal_rcc_ex.o(.text.HAL_RCCEx_GetD3PCLK1Freq)
    HAL_RCCEx_GetPLL2ClockFreq               0x08005a69   Thumb Code   668  stm32h7xx_hal_rcc_ex.o(.text.HAL_RCCEx_GetPLL2ClockFreq)
    HAL_RCCEx_GetPLL3ClockFreq               0x08005d19   Thumb Code   668  stm32h7xx_hal_rcc_ex.o(.text.HAL_RCCEx_GetPLL3ClockFreq)
    HAL_RCCEx_PeriphCLKConfig                0x08005fc9   Thumb Code  4256  stm32h7xx_hal_rcc_ex.o(.text.HAL_RCCEx_PeriphCLKConfig)
    HAL_RCC_ClockConfig                      0x08007069   Thumb Code  1176  stm32h7xx_hal_rcc.o(.text.HAL_RCC_ClockConfig)
    HAL_RCC_GetHCLKFreq                      0x08007501   Thumb Code    86  stm32h7xx_hal_rcc.o(.text.HAL_RCC_GetHCLKFreq)
    HAL_RCC_GetPCLK1Freq                     0x08007559   Thumb Code    38  stm32h7xx_hal_rcc.o(.text.HAL_RCC_GetPCLK1Freq)
    HAL_RCC_GetPCLK2Freq                     0x08007581   Thumb Code    38  stm32h7xx_hal_rcc.o(.text.HAL_RCC_GetPCLK2Freq)
    HAL_RCC_GetSysClockFreq                  0x080075a9   Thumb Code   768  stm32h7xx_hal_rcc.o(.text.HAL_RCC_GetSysClockFreq)
    HAL_RCC_OscConfig                        0x080078b9   Thumb Code  2904  stm32h7xx_hal_rcc.o(.text.HAL_RCC_OscConfig)
    HAL_RTC_Init                             0x08008411   Thumb Code   264  stm32h7xx_hal_rtc.o(.text.HAL_RTC_Init)
    HAL_RTC_MspInit                          0x08008519   Thumb Code    86  rtc.o(.text.HAL_RTC_MspInit)
    HAL_RTC_WaitForSynchro                   0x08008571   Thumb Code    84  stm32h7xx_hal_rtc.o(.text.HAL_RTC_WaitForSynchro)
    HAL_SDRAM_Init                           0x080085c9   Thumb Code   118  stm32h7xx_hal_sdram.o(.text.HAL_SDRAM_Init)
    HAL_SDRAM_MspInit                        0x08008641   Thumb Code    14  fmc.o(.text.HAL_SDRAM_MspInit)
    HAL_SPI_Init                             0x08008651   Thumb Code   658  stm32h7xx_hal_spi.o(.text.HAL_SPI_Init)
    HAL_SPI_MspInit                          0x080088e9   Thumb Code   168  spi.o(.text.HAL_SPI_MspInit)
    HAL_SPI_Receive                          0x08008991   Thumb Code  1232  stm32h7xx_hal_spi.o(.text.HAL_SPI_Receive)
    HAL_SPI_Transmit                         0x08008e61   Thumb Code   996  stm32h7xx_hal_spi.o(.text.HAL_SPI_Transmit)
    HAL_SYSTICK_Config                       0x08009249   Thumb Code    16  stm32h7xx_hal_cortex.o(.text.HAL_SYSTICK_Config)
    HAL_TIMEx_Break2Callback                 0x08009259   Thumb Code     8  stm32h7xx_hal_tim_ex.o(.text.HAL_TIMEx_Break2Callback)
    HAL_TIMEx_BreakCallback                  0x08009261   Thumb Code     8  stm32h7xx_hal_tim_ex.o(.text.HAL_TIMEx_BreakCallback)
    HAL_TIMEx_CommutCallback                 0x08009269   Thumb Code     8  stm32h7xx_hal_tim_ex.o(.text.HAL_TIMEx_CommutCallback)
    HAL_TIMEx_MasterConfigSynchronization    0x08009271   Thumb Code   344  stm32h7xx_hal_tim_ex.o(.text.HAL_TIMEx_MasterConfigSynchronization)
    HAL_TIM_Base_Init                        0x080093c9   Thumb Code   168  stm32h7xx_hal_tim.o(.text.HAL_TIM_Base_Init)
    HAL_TIM_Base_MspInit                     0x08009471   Thumb Code    78  tim.o(.text.HAL_TIM_Base_MspInit)
    HAL_TIM_Base_Start_IT                    0x080094c1   Thumb Code   260  stm32h7xx_hal_tim.o(.text.HAL_TIM_Base_Start_IT)
    HAL_TIM_IC_CaptureCallback               0x080095c9   Thumb Code     8  stm32h7xx_hal_tim.o(.text.HAL_TIM_IC_CaptureCallback)
    HAL_TIM_IRQHandler                       0x080095d1   Thumb Code   592  stm32h7xx_hal_tim.o(.text.HAL_TIM_IRQHandler)
    HAL_TIM_OC_DelayElapsedCallback          0x08009821   Thumb Code     8  stm32h7xx_hal_tim.o(.text.HAL_TIM_OC_DelayElapsedCallback)
    HAL_TIM_PWM_PulseFinishedCallback        0x08009829   Thumb Code     8  stm32h7xx_hal_tim.o(.text.HAL_TIM_PWM_PulseFinishedCallback)
    HAL_TIM_PeriodElapsedCallback            0x08009831   Thumb Code    56  opticalflow.o(.text.HAL_TIM_PeriodElapsedCallback)
    HAL_TIM_TriggerCallback                  0x08009869   Thumb Code     8  stm32h7xx_hal_tim.o(.text.HAL_TIM_TriggerCallback)
    HAL_UARTEx_DisableFifoMode               0x08009871   Thumb Code   124  stm32h7xx_hal_uart_ex.o(.text.HAL_UARTEx_DisableFifoMode)
    HAL_UARTEx_SetRxFifoThreshold            0x080098f1   Thumb Code   140  stm32h7xx_hal_uart_ex.o(.text.HAL_UARTEx_SetRxFifoThreshold)
    HAL_UARTEx_SetTxFifoThreshold            0x08009981   Thumb Code   140  stm32h7xx_hal_uart_ex.o(.text.HAL_UARTEx_SetTxFifoThreshold)
    HAL_UART_Init                            0x08009a11   Thumb Code   170  stm32h7xx_hal_uart.o(.text.HAL_UART_Init)
    HAL_UART_MspInit                         0x08009ac1   Thumb Code   250  usart.o(.text.HAL_UART_MspInit)
    HAL_UART_Transmit                        0x08009bc1   Thumb Code   312  stm32h7xx_hal_uart.o(.text.HAL_UART_Transmit)
    HardFault_Handler                        0x08009cf9   Thumb Code     4  stm32h7xx_it.o(.text.HardFault_Handler)
    MX_DMA2D_Init                            0x08009fc9   Thumb Code    50  dma2d.o(.text.MX_DMA2D_Init)
    MX_DMA_Init                              0x0800a001   Thumb Code    56  dma.o(.text.MX_DMA_Init)
    MX_FDCAN1_Init                           0x0800a039   Thumb Code   108  fdcan.o(.text.MX_FDCAN1_Init)
    MX_FDCAN2_Init                           0x0800a0a9   Thumb Code   108  fdcan.o(.text.MX_FDCAN2_Init)
    MX_FMC_Init                              0x0800a119   Thumb Code   128  fmc.o(.text.MX_FMC_Init)
    MX_GPIO_Init                             0x0800a199   Thumb Code   428  gpio.o(.text.MX_GPIO_Init)
    MX_LTDC_Init                             0x0800a349   Thumb Code   194  ltdc.o(.text.MX_LTDC_Init)
    MX_QUADSPI_Init                          0x0800a411   Thumb Code    68  quadspi.o(.text.MX_QUADSPI_Init)
    MX_RTC_Init                              0x0800a459   Thumb Code    62  rtc.o(.text.MX_RTC_Init)
    MX_SPI1_Init                             0x0800a499   Thumb Code   106  spi.o(.text.MX_SPI1_Init)
    MX_TIM7_Init                             0x0800a509   Thumb Code    90  tim.o(.text.MX_TIM7_Init)
    MX_USART1_UART_Init                      0x0800a569   Thumb Code   142  usart.o(.text.MX_USART1_UART_Init)
    MemManage_Handler                        0x0800a5f9   Thumb Code     4  stm32h7xx_it.o(.text.MemManage_Handler)
    NMI_Handler                              0x0800a601   Thumb Code     4  stm32h7xx_it.o(.text.NMI_Handler)
    OF_initDevice                            0x0800a679   Thumb Code   238  opticalflow.o(.text.OF_initDevice)
    OF_readDeltaXY                           0x0800a769   Thumb Code   452  opticalflow.o(.text.OF_readDeltaXY)
    PendSV_Handler                           0x0800a931   Thumb Code     2  stm32h7xx_it.o(.text.PendSV_Handler)
    RTC_EnterInitMode                        0x0800ad59   Thumb Code   126  stm32h7xx_hal_rtc.o(.text.RTC_EnterInitMode)
    RTC_ExitInitMode                         0x0800add9   Thumb Code   138  stm32h7xx_hal_rtc.o(.text.RTC_ExitInitMode)
    SVC_Handler                              0x0800b019   Thumb Code     2  stm32h7xx_it.o(.text.SVC_Handler)
    SysTick_Handler                          0x0800b079   Thumb Code     8  stm32h7xx_it.o(.text.SysTick_Handler)
    SystemClock_Config                       0x0800b081   Thumb Code   410  main.o(.text.SystemClock_Config)
    SystemInit                               0x0800b221   Thumb Code   352  system_stm32h7xx.o(.text.SystemInit)
    TIM7_IRQHandler                          0x0800b381   Thumb Code    16  stm32h7xx_it.o(.text.TIM7_IRQHandler)
    TIM_Base_SetConfig                       0x0800b391   Thumb Code   432  stm32h7xx_hal_tim.o(.text.TIM_Base_SetConfig)
    TIM_delayus                              0x0800b541   Thumb Code    38  opticalflow.o(.text.TIM_delayus)
    UART_AdvFeatureConfig                    0x0800b5f1   Thumb Code   328  stm32h7xx_hal_uart.o(.text.UART_AdvFeatureConfig)
    UART_CheckIdleState                      0x0800b739   Thumb Code   326  stm32h7xx_hal_uart.o(.text.UART_CheckIdleState)
    UART_SetConfig                           0x0800b921   Thumb Code  2338  stm32h7xx_hal_uart.o(.text.UART_SetConfig)
    UART_WaitOnFlagUntilTimeout              0x0800c249   Thumb Code   268  stm32h7xx_hal_uart.o(.text.UART_WaitOnFlagUntilTimeout)
    UsageFault_Handler                       0x0800c359   Thumb Code     4  stm32h7xx_it.o(.text.UsageFault_Handler)
    main                                     0x0800c429   Thumb Code   296  main.o(.text.main)
    _btod_d2e                                0x0800c551   Thumb Code    62  btod.o(CL$$btod_d2e)
    _d2e_denorm_low                          0x0800c58f   Thumb Code    70  btod.o(CL$$btod_d2e_denorm_low)
    _d2e_norm_op1                            0x0800c5d5   Thumb Code    96  btod.o(CL$$btod_d2e_norm_op1)
    __btod_div_common                        0x0800c635   Thumb Code   696  btod.o(CL$$btod_div_common)
    _e2e                                     0x0800c96d   Thumb Code   220  btod.o(CL$$btod_e2e)
    _btod_ediv                               0x0800ca49   Thumb Code    42  btod.o(CL$$btod_ediv)
    _btod_emul                               0x0800ca73   Thumb Code    42  btod.o(CL$$btod_emul)
    __btod_mult_common                       0x0800ca9d   Thumb Code   580  btod.o(CL$$btod_mult_common)
    __ARM_fpclassify                         0x0800cce1   Thumb Code    48  fpclassify.o(i.__ARM_fpclassify)
    _is_digit                                0x0800cd11   Thumb Code    14  __printf_wp.o(i._is_digit)
    _get_lc_numeric                          0x0800cd21   Thumb Code    44  lc_numeric_c.o(locale$$code)
    _get_lc_ctype                            0x0800cd4d   Thumb Code    44  lc_ctype_c.o(locale$$code)
    _fp_init                                 0x0800cd79   Thumb Code    26  fpinit.o(x$fpl$fpinit)
    __fplib_config_fpu_vfp                   0x0800cd91   Thumb Code     0  fpinit.o(x$fpl$fpinit)
    __fplib_config_pureend_doubles           0x0800cd91   Thumb Code     0  fpinit.o(x$fpl$fpinit)
    _printf_fp_dec                           0x0800cd93   Thumb Code     4  printf1.o(x$fpl$printf1)
    _printf_fp_hex                           0x0800cd97   Thumb Code     4  printf2.o(x$fpl$printf2)
    __I$use$fp                               0x0800cd9a   Number         0  usenofp.o(x$fpl$usenofp)
    D1CorePrescTable                         0x0800cee4   Data          16  system_stm32h7xx.o(.rodata.D1CorePrescTable)
    UARTPrescTable                           0x0800cf0c   Data          24  stm32h7xx_hal_uart.o(.rodata.UARTPrescTable)
    Region$$Table$$Base                      0x0800cf30   Number         0  anon$$obj.o(Region$$Table)
    Region$$Table$$Limit                     0x0800cf50   Number         0  anon$$obj.o(Region$$Table)
    __ctype                                  0x0800cf79   Data           0  lc_ctype_c.o(locale$$data)
    SystemCoreClock                          0x24000000   Data           4  system_stm32h7xx.o(.data.SystemCoreClock)
    SystemD2Clock                            0x24000004   Data           4  system_stm32h7xx.o(.data.SystemD2Clock)
    uwTickFreq                               0x24000008   Data           1  stm32h7xx_hal.o(.data.uwTickFreq)
    uwTickPrio                               0x2400000c   Data           4  stm32h7xx_hal.o(.data.uwTickPrio)
    __libspace_start                         0x24000010   Data          96  libspace.o(.bss)
    Delta_X                                  0x24000070   Data           1  opticalflow.o(.bss.Delta_X)
    __temporary_stack_top$libspace           0x24000070   Data           0  libspace.o(.bss)
    Delta_Y                                  0x24000071   Data           1  opticalflow.o(.bss.Delta_Y)
    Motion                                   0x2400007c   Data           1  opticalflow.o(.bss.Motion)
    Prodect_ID                               0x2400007d   Data           1  opticalflow.o(.bss.Prodect_ID)
    Revision_ID                              0x2400007e   Data           1  opticalflow.o(.bss.Revision_ID)
    Squal                                    0x2400007f   Data           1  opticalflow.o(.bss.Squal)
    TxData                                   0x24000080   Data           2  opticalflow.o(.bss.TxData)
    Uart3_TXBuf                              0x24000082   Data         256  bsp_uart.o(.bss.Uart3_TXBuf)
    clear                                    0x24000182   Data           1  opticalflow.o(.bss.clear)
    hdma2d                                   0x24000184   Data         104  dma2d.o(.bss.hdma2d)
    hdma_usart1_tx                           0x240001ec   Data         120  usart.o(.bss.hdma_usart1_tx)
    hfdcan1                                  0x24000264   Data         160  fdcan.o(.bss.hfdcan1)
    hfdcan2                                  0x24000304   Data         160  fdcan.o(.bss.hfdcan2)
    hltdc                                    0x240003a4   Data         168  ltdc.o(.bss.hltdc)
    hqspi                                    0x2400044c   Data          76  quadspi.o(.bss.hqspi)
    hrtc                                     0x24000498   Data          36  rtc.o(.bss.hrtc)
    hsdram1                                  0x240004bc   Data          52  fmc.o(.bss.hsdram1)
    hspi1                                    0x240004f0   Data         136  spi.o(.bss.hspi1)
    htim7                                    0x24000578   Data          76  tim.o(.bss.htim7)
    huart1                                   0x240005c4   Data         148  usart.o(.bss.huart1)
    timus                                    0x24000658   Data           4  opticalflow.o(.bss.timus)
    uwTick                                   0x2400065c   Data           4  stm32h7xx_hal.o(.bss.uwTick)



==============================================================================

Memory Map of the image

  Image Entry point : 0x08000299

  Load Region LR_IROM1 (Base: 0x08000000, Size: 0x0000d090, Max: 0x00200000, ABSOLUTE)

    Execution Region ER_IROM1 (Exec base: 0x08000000, Load base: 0x08000000, Size: 0x0000d07c, Max: 0x00200000, ABSOLUTE)

    Exec Addr    Load Addr    Size         Type   Attr      Idx    E Section Name        Object

    0x08000000   0x08000000   0x00000298   Data   RO           45    RESET               startup_stm32h743xx.o
    0x08000298   0x08000298   0x00000008   Code   RO         2771  * !!!main             c_w.l(__main.o)
    0x080002a0   0x080002a0   0x0000005c   Code   RO         3118    !!!scatter          c_w.l(__scatter.o)
    0x080002fc   0x080002fc   0x0000001a   Code   RO         3122    !!handler_copy      c_w.l(__scatter_copy.o)
    0x08000316   0x08000316   0x00000002   PAD
    0x08000318   0x08000318   0x00000002   Code   RO         3119    !!handler_null      c_w.l(__scatter.o)
    0x0800031a   0x0800031a   0x00000002   PAD
    0x0800031c   0x0800031c   0x0000001c   Code   RO         3124    !!handler_zi        c_w.l(__scatter_zi.o)
    0x08000338   0x08000338   0x00000000   Code   RO         2859    .ARM.Collect$$_printf_percent$$00000000  c_w.l(_printf_percent.o)
    0x08000338   0x08000338   0x00000006   Code   RO         2848    .ARM.Collect$$_printf_percent$$00000001  c_w.l(_printf_n.o)
    0x0800033e   0x0800033e   0x00000006   Code   RO         2850    .ARM.Collect$$_printf_percent$$00000002  c_w.l(_printf_p.o)
    0x08000344   0x08000344   0x00000006   Code   RO         2855    .ARM.Collect$$_printf_percent$$00000003  c_w.l(_printf_f.o)
    0x0800034a   0x0800034a   0x00000006   Code   RO         2856    .ARM.Collect$$_printf_percent$$00000004  c_w.l(_printf_e.o)
    0x08000350   0x08000350   0x00000006   Code   RO         2857    .ARM.Collect$$_printf_percent$$00000005  c_w.l(_printf_g.o)
    0x08000356   0x08000356   0x00000006   Code   RO         2858    .ARM.Collect$$_printf_percent$$00000006  c_w.l(_printf_a.o)
    0x0800035c   0x0800035c   0x0000000a   Code   RO         2863    .ARM.Collect$$_printf_percent$$00000007  c_w.l(_printf_ll.o)
    0x08000366   0x08000366   0x00000006   Code   RO         2852    .ARM.Collect$$_printf_percent$$00000008  c_w.l(_printf_i.o)
    0x0800036c   0x0800036c   0x00000006   Code   RO         2853    .ARM.Collect$$_printf_percent$$00000009  c_w.l(_printf_d.o)
    0x08000372   0x08000372   0x00000006   Code   RO         2854    .ARM.Collect$$_printf_percent$$0000000A  c_w.l(_printf_u.o)
    0x08000378   0x08000378   0x00000006   Code   RO         2851    .ARM.Collect$$_printf_percent$$0000000B  c_w.l(_printf_o.o)
    0x0800037e   0x0800037e   0x00000006   Code   RO         2849    .ARM.Collect$$_printf_percent$$0000000C  c_w.l(_printf_x.o)
    0x08000384   0x08000384   0x00000006   Code   RO         2860    .ARM.Collect$$_printf_percent$$0000000D  c_w.l(_printf_lli.o)
    0x0800038a   0x0800038a   0x00000006   Code   RO         2861    .ARM.Collect$$_printf_percent$$0000000E  c_w.l(_printf_lld.o)
    0x08000390   0x08000390   0x00000006   Code   RO         2862    .ARM.Collect$$_printf_percent$$0000000F  c_w.l(_printf_llu.o)
    0x08000396   0x08000396   0x00000006   Code   RO         2867    .ARM.Collect$$_printf_percent$$00000010  c_w.l(_printf_llo.o)
    0x0800039c   0x0800039c   0x00000006   Code   RO         2868    .ARM.Collect$$_printf_percent$$00000011  c_w.l(_printf_llx.o)
    0x080003a2   0x080003a2   0x0000000a   Code   RO         2864    .ARM.Collect$$_printf_percent$$00000012  c_w.l(_printf_l.o)
    0x080003ac   0x080003ac   0x00000006   Code   RO         2846    .ARM.Collect$$_printf_percent$$00000013  c_w.l(_printf_c.o)
    0x080003b2   0x080003b2   0x00000006   Code   RO         2847    .ARM.Collect$$_printf_percent$$00000014  c_w.l(_printf_s.o)
    0x080003b8   0x080003b8   0x00000006   Code   RO         2865    .ARM.Collect$$_printf_percent$$00000015  c_w.l(_printf_lc.o)
    0x080003be   0x080003be   0x00000006   Code   RO         2866    .ARM.Collect$$_printf_percent$$00000016  c_w.l(_printf_ls.o)
    0x080003c4   0x080003c4   0x00000004   Code   RO         2911    .ARM.Collect$$_printf_percent$$00000017  c_w.l(_printf_percent_end.o)
    0x080003c8   0x080003c8   0x00000002   Code   RO         2966    .ARM.Collect$$libinit$$00000000  c_w.l(libinit.o)
    0x080003ca   0x080003ca   0x00000004   Code   RO         2990    .ARM.Collect$$libinit$$00000001  c_w.l(libinit2.o)
    0x080003ce   0x080003ce   0x00000000   Code   RO         2993    .ARM.Collect$$libinit$$00000004  c_w.l(libinit2.o)
    0x080003ce   0x080003ce   0x00000000   Code   RO         2995    .ARM.Collect$$libinit$$00000006  c_w.l(libinit2.o)
    0x080003ce   0x080003ce   0x00000000   Code   RO         2998    .ARM.Collect$$libinit$$0000000C  c_w.l(libinit2.o)
    0x080003ce   0x080003ce   0x00000000   Code   RO         3000    .ARM.Collect$$libinit$$0000000E  c_w.l(libinit2.o)
    0x080003ce   0x080003ce   0x00000000   Code   RO         3002    .ARM.Collect$$libinit$$00000010  c_w.l(libinit2.o)
    0x080003ce   0x080003ce   0x00000006   Code   RO         3003    .ARM.Collect$$libinit$$00000011  c_w.l(libinit2.o)
    0x080003d4   0x080003d4   0x00000000   Code   RO         3005    .ARM.Collect$$libinit$$00000013  c_w.l(libinit2.o)
    0x080003d4   0x080003d4   0x0000000c   Code   RO         3006    .ARM.Collect$$libinit$$00000014  c_w.l(libinit2.o)
    0x080003e0   0x080003e0   0x00000000   Code   RO         3007    .ARM.Collect$$libinit$$00000015  c_w.l(libinit2.o)
    0x080003e0   0x080003e0   0x00000000   Code   RO         3009    .ARM.Collect$$libinit$$00000017  c_w.l(libinit2.o)
    0x080003e0   0x080003e0   0x0000000a   Code   RO         3010    .ARM.Collect$$libinit$$00000018  c_w.l(libinit2.o)
    0x080003ea   0x080003ea   0x00000000   Code   RO         3011    .ARM.Collect$$libinit$$00000019  c_w.l(libinit2.o)
    0x080003ea   0x080003ea   0x00000000   Code   RO         3013    .ARM.Collect$$libinit$$0000001B  c_w.l(libinit2.o)
    0x080003ea   0x080003ea   0x00000000   Code   RO         3015    .ARM.Collect$$libinit$$0000001D  c_w.l(libinit2.o)
    0x080003ea   0x080003ea   0x00000000   Code   RO         3017    .ARM.Collect$$libinit$$0000001F  c_w.l(libinit2.o)
    0x080003ea   0x080003ea   0x00000000   Code   RO         3019    .ARM.Collect$$libinit$$00000021  c_w.l(libinit2.o)
    0x080003ea   0x080003ea   0x00000000   Code   RO         3021    .ARM.Collect$$libinit$$00000023  c_w.l(libinit2.o)
    0x080003ea   0x080003ea   0x00000000   Code   RO         3023    .ARM.Collect$$libinit$$00000025  c_w.l(libinit2.o)
    0x080003ea   0x080003ea   0x00000000   Code   RO         3025    .ARM.Collect$$libinit$$00000027  c_w.l(libinit2.o)
    0x080003ea   0x080003ea   0x00000000   Code   RO         3029    .ARM.Collect$$libinit$$0000002E  c_w.l(libinit2.o)
    0x080003ea   0x080003ea   0x00000000   Code   RO         3031    .ARM.Collect$$libinit$$00000030  c_w.l(libinit2.o)
    0x080003ea   0x080003ea   0x00000000   Code   RO         3033    .ARM.Collect$$libinit$$00000032  c_w.l(libinit2.o)
    0x080003ea   0x080003ea   0x00000000   Code   RO         3035    .ARM.Collect$$libinit$$00000034  c_w.l(libinit2.o)
    0x080003ea   0x080003ea   0x00000002   Code   RO         3036    .ARM.Collect$$libinit$$00000035  c_w.l(libinit2.o)
    0x080003ec   0x080003ec   0x00000002   Code   RO         3073    .ARM.Collect$$libshutdown$$00000000  c_w.l(libshutdown.o)
    0x080003ee   0x080003ee   0x00000000   Code   RO         3101    .ARM.Collect$$libshutdown$$00000002  c_w.l(libshutdown2.o)
    0x080003ee   0x080003ee   0x00000000   Code   RO         3103    .ARM.Collect$$libshutdown$$00000004  c_w.l(libshutdown2.o)
    0x080003ee   0x080003ee   0x00000000   Code   RO         3106    .ARM.Collect$$libshutdown$$00000007  c_w.l(libshutdown2.o)
    0x080003ee   0x080003ee   0x00000000   Code   RO         3109    .ARM.Collect$$libshutdown$$0000000A  c_w.l(libshutdown2.o)
    0x080003ee   0x080003ee   0x00000000   Code   RO         3111    .ARM.Collect$$libshutdown$$0000000C  c_w.l(libshutdown2.o)
    0x080003ee   0x080003ee   0x00000000   Code   RO         3114    .ARM.Collect$$libshutdown$$0000000F  c_w.l(libshutdown2.o)
    0x080003ee   0x080003ee   0x00000002   Code   RO         3115    .ARM.Collect$$libshutdown$$00000010  c_w.l(libshutdown2.o)
    0x080003f0   0x080003f0   0x00000000   Code   RO         2773    .ARM.Collect$$rtentry$$00000000  c_w.l(__rtentry.o)
    0x080003f0   0x080003f0   0x00000000   Code   RO         2878    .ARM.Collect$$rtentry$$00000002  c_w.l(__rtentry2.o)
    0x080003f0   0x080003f0   0x00000006   Code   RO         2890    .ARM.Collect$$rtentry$$00000004  c_w.l(__rtentry4.o)
    0x080003f6   0x080003f6   0x00000000   Code   RO         2880    .ARM.Collect$$rtentry$$00000009  c_w.l(__rtentry2.o)
    0x080003f6   0x080003f6   0x00000004   Code   RO         2881    .ARM.Collect$$rtentry$$0000000A  c_w.l(__rtentry2.o)
    0x080003fa   0x080003fa   0x00000000   Code   RO         2883    .ARM.Collect$$rtentry$$0000000C  c_w.l(__rtentry2.o)
    0x080003fa   0x080003fa   0x00000008   Code   RO         2884    .ARM.Collect$$rtentry$$0000000D  c_w.l(__rtentry2.o)
    0x08000402   0x08000402   0x00000002   Code   RO         2975    .ARM.Collect$$rtexit$$00000000  c_w.l(rtexit.o)
    0x08000404   0x08000404   0x00000000   Code   RO         3042    .ARM.Collect$$rtexit$$00000002  c_w.l(rtexit2.o)
    0x08000404   0x08000404   0x00000004   Code   RO         3043    .ARM.Collect$$rtexit$$00000003  c_w.l(rtexit2.o)
    0x08000408   0x08000408   0x00000006   Code   RO         3044    .ARM.Collect$$rtexit$$00000004  c_w.l(rtexit2.o)
    0x0800040e   0x0800040e   0x00000002   PAD
    0x08000410   0x08000410   0x00000040   Code   RO           46    .text               startup_stm32h743xx.o
    0x08000450   0x08000450   0x000000f0   Code   RO         2761    .text               c_w.l(lludivv7m.o)
    0x08000540   0x08000540   0x0000003c   Code   RO         2763    .text               c_w.l(vsnprintf.o)
    0x0800057c   0x0800057c   0x00000064   Code   RO         2765    .text               c_w.l(rt_memcpy_w.o)
    0x080005e0   0x080005e0   0x0000004e   Code   RO         2767    .text               c_w.l(rt_memclr_w.o)
    0x0800062e   0x0800062e   0x00000006   Code   RO         2769    .text               c_w.l(heapauxi.o)
    0x08000634   0x08000634   0x0000004e   Code   RO         2780    .text               c_w.l(_printf_pad.o)
    0x08000682   0x08000682   0x00000024   Code   RO         2782    .text               c_w.l(_printf_truncate.o)
    0x080006a6   0x080006a6   0x00000052   Code   RO         2784    .text               c_w.l(_printf_str.o)
    0x080006f8   0x080006f8   0x00000078   Code   RO         2786    .text               c_w.l(_printf_dec.o)
    0x08000770   0x08000770   0x00000028   Code   RO         2788    .text               c_w.l(_printf_charcount.o)
    0x08000798   0x08000798   0x00000030   Code   RO         2790    .text               c_w.l(_printf_char_common.o)
    0x080007c8   0x080007c8   0x00000010   Code   RO         2792    .text               c_w.l(_snputc.o)
    0x080007d8   0x080007d8   0x000000bc   Code   RO         2794    .text               c_w.l(_printf_wctomb.o)
    0x08000894   0x08000894   0x0000007c   Code   RO         2797    .text               c_w.l(_printf_longlong_dec.o)
    0x08000910   0x08000910   0x00000070   Code   RO         2803    .text               c_w.l(_printf_oct_int_ll.o)
    0x08000980   0x08000980   0x00000094   Code   RO         2823    .text               c_w.l(_printf_hex_int_ll_ptr.o)
    0x08000a14   0x08000a14   0x00000188   Code   RO         2843    .text               c_w.l(__printf_flags_ss_wp.o)
    0x08000b9c   0x08000b9c   0x0000008a   Code   RO         2894    .text               c_w.l(lludiv10.o)
    0x08000c26   0x08000c26   0x000000b2   Code   RO         2896    .text               c_w.l(_printf_intcommon.o)
    0x08000cd8   0x08000cd8   0x0000041c   Code   RO         2898    .text               c_w.l(_printf_fp_dec.o)
    0x080010f4   0x080010f4   0x000002fc   Code   RO         2902    .text               c_w.l(_printf_fp_hex.o)
    0x080013f0   0x080013f0   0x0000002c   Code   RO         2907    .text               c_w.l(_printf_char.o)
    0x0800141c   0x0800141c   0x0000002c   Code   RO         2909    .text               c_w.l(_printf_wchar.o)
    0x08001448   0x08001448   0x00000048   Code   RO         2912    .text               c_w.l(_c16rtomb.o)
    0x08001490   0x08001490   0x0000004a   Code   RO         2914    .text               c_w.l(sys_stackheap_outer.o)
    0x080014da   0x080014da   0x00000002   PAD
    0x080014dc   0x080014dc   0x00000010   Code   RO         2916    .text               c_w.l(rt_ctype_table.o)
    0x080014ec   0x080014ec   0x00000008   Code   RO         2921    .text               c_w.l(rt_locale_intlibspace.o)
    0x080014f4   0x080014f4   0x00000080   Code   RO         2923    .text               c_w.l(_printf_fp_infnan.o)
    0x08001574   0x08001574   0x000000e4   Code   RO         2925    .text               c_w.l(bigflt0.o)
    0x08001658   0x08001658   0x00000012   Code   RO         2955    .text               c_w.l(exit.o)
    0x0800166a   0x0800166a   0x00000002   PAD
    0x0800166c   0x0800166c   0x00000008   Code   RO         2972    .text               c_w.l(libspace.o)
    0x08001674   0x08001674   0x00000004   PAD
    0x08001678   0x08001678   0x0000007c   Code   RO         2988    .text               c_w.l(strcmpv7m_pel.o)
    0x080016f4   0x080016f4   0x0000000c   Code   RO         3037    .text               c_w.l(sys_exit.o)
    0x08001700   0x08001700   0x00000002   Code   RO         3062    .text               c_w.l(use_no_semi.o)
    0x08001702   0x08001702   0x00000000   Code   RO         3064    .text               c_w.l(indicate_semi.o)
    0x08001702   0x08001702   0x00000006   PAD
    0x08001708   0x08001708   0x00000004   Code   RO          243    .text.BusFault_Handler  stm32h7xx_it.o
    0x0800170c   0x0800170c   0x00000004   PAD
    0x08001710   0x08001710   0x00000010   Code   RO          255    .text.DMA1_Stream0_IRQHandler  stm32h7xx_it.o
    0x08001720   0x08001720   0x000001ca   Code   RO          608    .text.DMA_CalcBaseAndBitshift  stm32h7xx_hal_dma.o
    0x080018ea   0x080018ea   0x00000006   PAD
    0x080018f0   0x080018f0   0x00000178   Code   RO          610    .text.DMA_CalcDMAMUXChannelBaseAndMask  stm32h7xx_hal_dma.o
    0x08001a68   0x08001a68   0x0000012a   Code   RO          612    .text.DMA_CalcDMAMUXRequestGenBaseAndMask  stm32h7xx_hal_dma.o
    0x08001b92   0x08001b92   0x00000006   PAD
    0x08001b98   0x08001b98   0x000000f0   Code   RO          606    .text.DMA_CheckFifoParam  stm32h7xx_hal_dma.o
    0x08001c88   0x08001c88   0x00000066   Code   RO           30    .text.DMA_Printf    bsp_uart.o
    0x08001cee   0x08001cee   0x00000002   PAD
    0x08001cf0   0x08001cf0   0x00000002   Code   RO          249    .text.DebugMon_Handler  stm32h7xx_it.o
    0x08001cf2   0x08001cf2   0x00000006   PAD
    0x08001cf8   0x08001cf8   0x0000000e   Code   RO           59    .text.Error_Handler  main.o
    0x08001d06   0x08001d06   0x00000002   PAD
    0x08001d08   0x08001d08   0x00000010   Code   RO          257    .text.FDCAN1_IT0_IRQHandler  stm32h7xx_it.o
    0x08001d18   0x08001d18   0x00000010   Code   RO          259    .text.FDCAN2_IT0_IRQHandler  stm32h7xx_it.o
    0x08001d28   0x08001d28   0x000002c2   Code   RO         1242    .text.FDCAN_CalcultateRamBlockAddresses  stm32h7xx_hal_fdcan.o
    0x08001fea   0x08001fea   0x00000006   PAD
    0x08001ff0   0x08001ff0   0x000000a2   Code   RO         1473    .text.FMC_SDRAM_Init  stm32h7xx_ll_fmc.o
    0x08002092   0x08002092   0x00000006   PAD
    0x08002098   0x08002098   0x000000fa   Code   RO         1475    .text.FMC_SDRAM_Timing_Init  stm32h7xx_ll_fmc.o
    0x08002192   0x08002192   0x00000006   PAD
    0x08002198   0x08002198   0x000000bc   Code   RO         1167    .text.HAL_DMA2D_Init  stm32h7xx_hal_dma2d.o
    0x08002254   0x08002254   0x00000004   PAD
    0x08002258   0x08002258   0x0000003a   Code   RO           87    .text.HAL_DMA2D_MspInit  dma2d.o
    0x08002292   0x08002292   0x00000006   PAD
    0x08002298   0x08002298   0x000011c0   Code   RO          628    .text.HAL_DMA_IRQHandler  stm32h7xx_hal_dma.o
    0x08003458   0x08003458   0x00000962   Code   RO          604    .text.HAL_DMA_Init  stm32h7xx_hal_dma.o
    0x08003dba   0x08003dba   0x00000006   PAD
    0x08003dc0   0x08003dc0   0x00000042   Code   RO          868    .text.HAL_Delay     stm32h7xx_hal.o
    0x08003e02   0x08003e02   0x00000006   PAD
    0x08003e08   0x08003e08   0x0000000a   Code   RO         1404    .text.HAL_FDCAN_ClockCalibrationCallback  stm32h7xx_hal_fdcan.o
    0x08003e12   0x08003e12   0x00000006   PAD
    0x08003e18   0x08003e18   0x00000008   Code   RO         1432    .text.HAL_FDCAN_ErrorCallback  stm32h7xx_hal_fdcan.o
    0x08003e20   0x08003e20   0x0000000a   Code   RO         1422    .text.HAL_FDCAN_ErrorStatusCallback  stm32h7xx_hal_fdcan.o
    0x08003e2a   0x08003e2a   0x00000006   PAD
    0x08003e30   0x08003e30   0x00000008   Code   RO         1400    .text.HAL_FDCAN_HighPriorityMessageCallback  stm32h7xx_hal_fdcan.o
    0x08003e38   0x08003e38   0x000005e2   Code   RO         1398    .text.HAL_FDCAN_IRQHandler  stm32h7xx_hal_fdcan.o
    0x0800441a   0x0800441a   0x00000006   PAD
    0x08004420   0x08004420   0x000003e0   Code   RO         1238    .text.HAL_FDCAN_Init  stm32h7xx_hal_fdcan.o
    0x08004800   0x08004800   0x0000019a   Code   RO          103    .text.HAL_FDCAN_MspInit  fdcan.o
    0x0800499a   0x0800499a   0x00000006   PAD
    0x080049a0   0x080049a0   0x00000008   Code   RO         1416    .text.HAL_FDCAN_RxBufferNewMessageCallback  stm32h7xx_hal_fdcan.o
    0x080049a8   0x080049a8   0x0000000a   Code   RO         1408    .text.HAL_FDCAN_RxFifo0Callback  stm32h7xx_hal_fdcan.o
    0x080049b2   0x080049b2   0x00000006   PAD
    0x080049b8   0x080049b8   0x0000000a   Code   RO         1410    .text.HAL_FDCAN_RxFifo1Callback  stm32h7xx_hal_fdcan.o
    0x080049c2   0x080049c2   0x00000006   PAD
    0x080049c8   0x080049c8   0x0000000a   Code   RO         1430    .text.HAL_FDCAN_TT_GlobalTimeCallback  stm32h7xx_hal_fdcan.o
    0x080049d2   0x080049d2   0x00000006   PAD
    0x080049d8   0x080049d8   0x0000000a   Code   RO         1424    .text.HAL_FDCAN_TT_ScheduleSyncCallback  stm32h7xx_hal_fdcan.o
    0x080049e2   0x080049e2   0x00000006   PAD
    0x080049e8   0x080049e8   0x0000000c   Code   RO         1428    .text.HAL_FDCAN_TT_StopWatchCallback  stm32h7xx_hal_fdcan.o
    0x080049f4   0x080049f4   0x00000004   PAD
    0x080049f8   0x080049f8   0x0000000a   Code   RO         1426    .text.HAL_FDCAN_TT_TimeMarkCallback  stm32h7xx_hal_fdcan.o
    0x08004a02   0x08004a02   0x00000006   PAD
    0x08004a08   0x08004a08   0x00000008   Code   RO         1420    .text.HAL_FDCAN_TimeoutOccurredCallback  stm32h7xx_hal_fdcan.o
    0x08004a10   0x08004a10   0x00000008   Code   RO         1418    .text.HAL_FDCAN_TimestampWraparoundCallback  stm32h7xx_hal_fdcan.o
    0x08004a18   0x08004a18   0x0000000a   Code   RO         1402    .text.HAL_FDCAN_TxBufferAbortCallback  stm32h7xx_hal_fdcan.o
    0x08004a22   0x08004a22   0x00000006   PAD
    0x08004a28   0x08004a28   0x0000000a   Code   RO         1414    .text.HAL_FDCAN_TxBufferCompleteCallback  stm32h7xx_hal_fdcan.o
    0x08004a32   0x08004a32   0x00000006   PAD
    0x08004a38   0x08004a38   0x0000000a   Code   RO         1406    .text.HAL_FDCAN_TxEventFifoCallback  stm32h7xx_hal_fdcan.o
    0x08004a42   0x08004a42   0x00000006   PAD
    0x08004a48   0x08004a48   0x00000008   Code   RO         1412    .text.HAL_FDCAN_TxFifoEmptyCallback  stm32h7xx_hal_fdcan.o
    0x08004a50   0x08004a50   0x0000014c   Code   RO          121    .text.HAL_FMC_MspInit  fmc.o
    0x08004b9c   0x08004b9c   0x00000004   PAD
    0x08004ba0   0x08004ba0   0x000003c4   Code   RO          552    .text.HAL_GPIO_Init  stm32h7xx_hal_gpio.o
    0x08004f64   0x08004f64   0x00000004   PAD
    0x08004f68   0x08004f68   0x0000002e   Code   RO          558    .text.HAL_GPIO_WritePin  stm32h7xx_hal_gpio.o
    0x08004f96   0x08004f96   0x00000002   PAD
    0x08004f98   0x08004f98   0x0000000e   Code   RO          876    .text.HAL_GetREVID  stm32h7xx_hal.o
    0x08004fa6   0x08004fa6   0x00000002   PAD
    0x08004fa8   0x08004fa8   0x0000000c   Code   RO          860    .text.HAL_GetTick   stm32h7xx_hal.o
    0x08004fb4   0x08004fb4   0x00000004   PAD
    0x08004fb8   0x08004fb8   0x0000001a   Code   RO          858    .text.HAL_IncTick   stm32h7xx_hal.o
    0x08004fd2   0x08004fd2   0x00000006   PAD
    0x08004fd8   0x08004fd8   0x0000007a   Code   RO          848    .text.HAL_Init      stm32h7xx_hal.o
    0x08005052   0x08005052   0x00000006   PAD
    0x08005058   0x08005058   0x00000086   Code   RO          850    .text.HAL_InitTick  stm32h7xx_hal.o
    0x080050de   0x080050de   0x00000002   PAD
    0x080050e0   0x080050e0   0x000000bc   Code   RO         1573    .text.HAL_LTDC_ConfigLayer  stm32h7xx_hal_ltdc.o
    0x0800519c   0x0800519c   0x00000004   PAD
    0x080051a0   0x080051a0   0x0000015a   Code   RO         1557    .text.HAL_LTDC_Init  stm32h7xx_hal_ltdc.o
    0x080052fa   0x080052fa   0x00000006   PAD
    0x08005300   0x08005300   0x000002a8   Code   RO          139    .text.HAL_LTDC_MspInit  ltdc.o
    0x080055a8   0x080055a8   0x00000080   Code   RO          314    .text.HAL_MPU_ConfigRegion  stm32h7xx_hal_cortex.o
    0x08005628   0x08005628   0x00000022   Code   RO          306    .text.HAL_MPU_Disable  stm32h7xx_hal_cortex.o
    0x0800564a   0x0800564a   0x00000006   PAD
    0x08005650   0x08005650   0x00000030   Code   RO          308    .text.HAL_MPU_Enable  stm32h7xx_hal_cortex.o
    0x08005680   0x08005680   0x00000024   Code   RO          270    .text.HAL_MspInit   stm32h7xx_hal_msp.o
    0x080056a4   0x080056a4   0x00000004   PAD
    0x080056a8   0x080056a8   0x00000014   Code   RO          290    .text.HAL_NVIC_EnableIRQ  stm32h7xx_hal_cortex.o
    0x080056bc   0x080056bc   0x00000004   PAD
    0x080056c0   0x080056c0   0x0000002e   Code   RO          282    .text.HAL_NVIC_SetPriority  stm32h7xx_hal_cortex.o
    0x080056ee   0x080056ee   0x00000002   PAD
    0x080056f0   0x080056f0   0x00000010   Code   RO          278    .text.HAL_NVIC_SetPriorityGrouping  stm32h7xx_hal_cortex.o
    0x08005700   0x08005700   0x000000a2   Code   RO          761    .text.HAL_PWREx_ConfigSupply  stm32h7xx_hal_pwr_ex.o
    0x080057a2   0x080057a2   0x00000006   PAD
    0x080057a8   0x080057a8   0x00000012   Code   RO          722    .text.HAL_PWR_EnableBkUpAccess  stm32h7xx_hal_pwr.o
    0x080057ba   0x080057ba   0x00000006   PAD
    0x080057c0   0x080057c0   0x000000fe   Code   RO         1646    .text.HAL_QSPI_Init  stm32h7xx_hal_qspi.o
    0x080058be   0x080058be   0x00000002   PAD
    0x080058c0   0x080058c0   0x00000170   Code   RO          154    .text.HAL_QSPI_MspInit  quadspi.o
    0x08005a30   0x08005a30   0x00000010   Code   RO         1650    .text.HAL_QSPI_SetTimeout  stm32h7xx_hal_qspi.o
    0x08005a40   0x08005a40   0x00000026   Code   RO          406    .text.HAL_RCCEx_GetD3PCLK1Freq  stm32h7xx_hal_rcc_ex.o
    0x08005a66   0x08005a66   0x00000002   PAD
    0x08005a68   0x08005a68   0x000002ac   Code   RO          402    .text.HAL_RCCEx_GetPLL2ClockFreq  stm32h7xx_hal_rcc_ex.o
    0x08005d14   0x08005d14   0x00000004   PAD
    0x08005d18   0x08005d18   0x000002ac   Code   RO          404    .text.HAL_RCCEx_GetPLL3ClockFreq  stm32h7xx_hal_rcc_ex.o
    0x08005fc4   0x08005fc4   0x00000004   PAD
    0x08005fc8   0x08005fc8   0x000010a0   Code   RO          390    .text.HAL_RCCEx_PeriphCLKConfig  stm32h7xx_hal_rcc_ex.o
    0x08007068   0x08007068   0x00000498   Code   RO          359    .text.HAL_RCC_ClockConfig  stm32h7xx_hal_rcc.o
    0x08007500   0x08007500   0x00000056   Code   RO          369    .text.HAL_RCC_GetHCLKFreq  stm32h7xx_hal_rcc.o
    0x08007556   0x08007556   0x00000002   PAD
    0x08007558   0x08007558   0x00000026   Code   RO          371    .text.HAL_RCC_GetPCLK1Freq  stm32h7xx_hal_rcc.o
    0x0800757e   0x0800757e   0x00000002   PAD
    0x08007580   0x08007580   0x00000026   Code   RO          373    .text.HAL_RCC_GetPCLK2Freq  stm32h7xx_hal_rcc.o
    0x080075a6   0x080075a6   0x00000002   PAD
    0x080075a8   0x080075a8   0x00000310   Code   RO          361    .text.HAL_RCC_GetSysClockFreq  stm32h7xx_hal_rcc.o
    0x080078b8   0x080078b8   0x00000b58   Code   RO          357    .text.HAL_RCC_OscConfig  stm32h7xx_hal_rcc.o
    0x08008410   0x08008410   0x00000108   Code   RO         1729    .text.HAL_RTC_Init  stm32h7xx_hal_rtc.o
    0x08008518   0x08008518   0x00000056   Code   RO          168    .text.HAL_RTC_MspInit  rtc.o
    0x0800856e   0x0800856e   0x00000002   PAD
    0x08008570   0x08008570   0x00000054   Code   RO         1767    .text.HAL_RTC_WaitForSynchro  stm32h7xx_hal_rtc.o
    0x080085c4   0x080085c4   0x00000004   PAD
    0x080085c8   0x080085c8   0x00000076   Code   RO         1498    .text.HAL_SDRAM_Init  stm32h7xx_hal_sdram.o
    0x0800863e   0x0800863e   0x00000002   PAD
    0x08008640   0x08008640   0x0000000e   Code   RO          119    .text.HAL_SDRAM_MspInit  fmc.o
    0x0800864e   0x0800864e   0x00000002   PAD
    0x08008650   0x08008650   0x00000292   Code   RO         2085    .text.HAL_SPI_Init  stm32h7xx_hal_spi.o
    0x080088e2   0x080088e2   0x00000006   PAD
    0x080088e8   0x080088e8   0x000000a8   Code   RO          196    .text.HAL_SPI_MspInit  spi.o
    0x08008990   0x08008990   0x000004d0   Code   RO         2101    .text.HAL_SPI_Receive  stm32h7xx_hal_spi.o
    0x08008e60   0x08008e60   0x000003e4   Code   RO         2095    .text.HAL_SPI_Transmit  stm32h7xx_hal_spi.o
    0x08009244   0x08009244   0x00000004   PAD
    0x08009248   0x08009248   0x00000010   Code   RO          302    .text.HAL_SYSTICK_Config  stm32h7xx_hal_cortex.o
    0x08009258   0x08009258   0x00000008   Code   RO         2540    .text.HAL_TIMEx_Break2Callback  stm32h7xx_hal_tim_ex.o
    0x08009260   0x08009260   0x00000008   Code   RO         2538    .text.HAL_TIMEx_BreakCallback  stm32h7xx_hal_tim_ex.o
    0x08009268   0x08009268   0x00000008   Code   RO         2534    .text.HAL_TIMEx_CommutCallback  stm32h7xx_hal_tim_ex.o
    0x08009270   0x08009270   0x00000158   Code   RO         2522    .text.HAL_TIMEx_MasterConfigSynchronization  stm32h7xx_hal_tim_ex.o
    0x080093c8   0x080093c8   0x000000a8   Code   RO         2205    .text.HAL_TIM_Base_Init  stm32h7xx_hal_tim.o
    0x08009470   0x08009470   0x0000004e   Code   RO          210    .text.HAL_TIM_Base_MspInit  tim.o
    0x080094be   0x080094be   0x00000002   PAD
    0x080094c0   0x080094c0   0x00000104   Code   RO         2219    .text.HAL_TIM_Base_Start_IT  stm32h7xx_hal_tim.o
    0x080095c4   0x080095c4   0x00000004   PAD
    0x080095c8   0x080095c8   0x00000008   Code   RO         2341    .text.HAL_TIM_IC_CaptureCallback  stm32h7xx_hal_tim.o
    0x080095d0   0x080095d0   0x00000250   Code   RO         2339    .text.HAL_TIM_IRQHandler  stm32h7xx_hal_tim.o
    0x08009820   0x08009820   0x00000008   Code   RO         2343    .text.HAL_TIM_OC_DelayElapsedCallback  stm32h7xx_hal_tim.o
    0x08009828   0x08009828   0x00000008   Code   RO         2345    .text.HAL_TIM_PWM_PulseFinishedCallback  stm32h7xx_hal_tim.o
    0x08009830   0x08009830   0x00000038   Code   RO            3    .text.HAL_TIM_PeriodElapsedCallback  opticalflow.o
    0x08009868   0x08009868   0x00000008   Code   RO         2349    .text.HAL_TIM_TriggerCallback  stm32h7xx_hal_tim.o
    0x08009870   0x08009870   0x0000007c   Code   RO         2723    .text.HAL_UARTEx_DisableFifoMode  stm32h7xx_hal_uart_ex.o
    0x080098ec   0x080098ec   0x00000004   PAD
    0x080098f0   0x080098f0   0x0000008c   Code   RO         2727    .text.HAL_UARTEx_SetRxFifoThreshold  stm32h7xx_hal_uart_ex.o
    0x0800997c   0x0800997c   0x00000004   PAD
    0x08009980   0x08009980   0x0000008c   Code   RO         2725    .text.HAL_UARTEx_SetTxFifoThreshold  stm32h7xx_hal_uart_ex.o
    0x08009a0c   0x08009a0c   0x00000004   PAD
    0x08009a10   0x08009a10   0x000000aa   Code   RO         2553    .text.HAL_UART_Init  stm32h7xx_hal_uart.o
    0x08009aba   0x08009aba   0x00000006   PAD
    0x08009ac0   0x08009ac0   0x000000fa   Code   RO          224    .text.HAL_UART_MspInit  usart.o
    0x08009bba   0x08009bba   0x00000006   PAD
    0x08009bc0   0x08009bc0   0x00000138   Code   RO         2573    .text.HAL_UART_Transmit  stm32h7xx_hal_uart.o
    0x08009cf8   0x08009cf8   0x00000004   Code   RO          239    .text.HardFault_Handler  stm32h7xx_it.o
    0x08009cfc   0x08009cfc   0x00000004   PAD
    0x08009d00   0x08009d00   0x00000270   Code   RO         1575    .text.LTDC_SetConfig  stm32h7xx_hal_ltdc.o
    0x08009f70   0x08009f70   0x00000058   Code   RO           55    .text.MPU_Config    main.o
    0x08009fc8   0x08009fc8   0x00000032   Code   RO           85    .text.MX_DMA2D_Init  dma2d.o
    0x08009ffa   0x08009ffa   0x00000006   PAD
    0x0800a000   0x0800a000   0x00000038   Code   RO           77    .text.MX_DMA_Init   dma.o
    0x0800a038   0x0800a038   0x0000006c   Code   RO           99    .text.MX_FDCAN1_Init  fdcan.o
    0x0800a0a4   0x0800a0a4   0x00000004   PAD
    0x0800a0a8   0x0800a0a8   0x0000006c   Code   RO          101    .text.MX_FDCAN2_Init  fdcan.o
    0x0800a114   0x0800a114   0x00000004   PAD
    0x0800a118   0x0800a118   0x00000080   Code   RO          117    .text.MX_FMC_Init   fmc.o
    0x0800a198   0x0800a198   0x000001ac   Code   RO           69    .text.MX_GPIO_Init  gpio.o
    0x0800a344   0x0800a344   0x00000004   PAD
    0x0800a348   0x0800a348   0x000000c2   Code   RO          137    .text.MX_LTDC_Init  ltdc.o
    0x0800a40a   0x0800a40a   0x00000006   PAD
    0x0800a410   0x0800a410   0x00000044   Code   RO          152    .text.MX_QUADSPI_Init  quadspi.o
    0x0800a454   0x0800a454   0x00000004   PAD
    0x0800a458   0x0800a458   0x0000003e   Code   RO          166    .text.MX_RTC_Init   rtc.o
    0x0800a496   0x0800a496   0x00000002   PAD
    0x0800a498   0x0800a498   0x0000006a   Code   RO          194    .text.MX_SPI1_Init  spi.o
    0x0800a502   0x0800a502   0x00000006   PAD
    0x0800a508   0x0800a508   0x0000005a   Code   RO          208    .text.MX_TIM7_Init  tim.o
    0x0800a562   0x0800a562   0x00000006   PAD
    0x0800a568   0x0800a568   0x0000008e   Code   RO          222    .text.MX_USART1_UART_Init  usart.o
    0x0800a5f6   0x0800a5f6   0x00000002   PAD
    0x0800a5f8   0x0800a5f8   0x00000004   Code   RO          241    .text.MemManage_Handler  stm32h7xx_it.o
    0x0800a5fc   0x0800a5fc   0x00000004   PAD
    0x0800a600   0x0800a600   0x00000004   Code   RO          237    .text.NMI_Handler   stm32h7xx_it.o
    0x0800a604   0x0800a604   0x00000004   PAD
    0x0800a608   0x0800a608   0x0000006c   Code   RO          288    .text.NVIC_EncodePriority  stm32h7xx_hal_cortex.o
    0x0800a674   0x0800a674   0x00000004   PAD
    0x0800a678   0x0800a678   0x000000ee   Code   RO            7    .text.OF_initDevice  opticalflow.o
    0x0800a766   0x0800a766   0x00000002   PAD
    0x0800a768   0x0800a768   0x000001c4   Code   RO            9    .text.OF_readDeltaXY  opticalflow.o
    0x0800a92c   0x0800a92c   0x00000004   PAD
    0x0800a930   0x0800a930   0x00000002   Code   RO          251    .text.PendSV_Handler  stm32h7xx_it.o
    0x0800a932   0x0800a932   0x00000006   PAD
    0x0800a938   0x0800a938   0x0000007a   Code   RO         1652    .text.QSPI_WaitFlagStateUntilTimeout  stm32h7xx_hal_qspi.o
    0x0800a9b2   0x0800a9b2   0x00000006   PAD
    0x0800a9b8   0x0800a9b8   0x000001ca   Code   RO          392    .text.RCCEx_PLL2_Config  stm32h7xx_hal_rcc_ex.o
    0x0800ab82   0x0800ab82   0x00000006   PAD
    0x0800ab88   0x0800ab88   0x000001ca   Code   RO          394    .text.RCCEx_PLL3_Config  stm32h7xx_hal_rcc_ex.o
    0x0800ad52   0x0800ad52   0x00000006   PAD
    0x0800ad58   0x0800ad58   0x0000007e   Code   RO         1733    .text.RTC_EnterInitMode  stm32h7xx_hal_rtc.o
    0x0800add6   0x0800add6   0x00000002   PAD
    0x0800add8   0x0800add8   0x0000008a   Code   RO         1735    .text.RTC_ExitInitMode  stm32h7xx_hal_rtc.o
    0x0800ae62   0x0800ae62   0x00000006   PAD
    0x0800ae68   0x0800ae68   0x00000116   Code   RO         2097    .text.SPI_CloseTransfer  stm32h7xx_hal_spi.o
    0x0800af7e   0x0800af7e   0x00000002   PAD
    0x0800af80   0x0800af80   0x0000002a   Code   RO         2087    .text.SPI_GetPacketSize  stm32h7xx_hal_spi.o
    0x0800afaa   0x0800afaa   0x00000006   PAD
    0x0800afb0   0x0800afb0   0x00000068   Code   RO         2099    .text.SPI_WaitOnFlagUntilTimeout  stm32h7xx_hal_spi.o
    0x0800b018   0x0800b018   0x00000002   Code   RO          247    .text.SVC_Handler   stm32h7xx_it.o
    0x0800b01a   0x0800b01a   0x00000006   PAD
    0x0800b020   0x0800b020   0x00000052   Code   RO          304    .text.SysTick_Config  stm32h7xx_hal_cortex.o
    0x0800b072   0x0800b072   0x00000006   PAD
    0x0800b078   0x0800b078   0x00000008   Code   RO          253    .text.SysTick_Handler  stm32h7xx_it.o
    0x0800b080   0x0800b080   0x0000019a   Code   RO           57    .text.SystemClock_Config  main.o
    0x0800b21a   0x0800b21a   0x00000006   PAD
    0x0800b220   0x0800b220   0x00000160   Code   RO         2746    .text.SystemInit    system_stm32h7xx.o
    0x0800b380   0x0800b380   0x00000010   Code   RO          261    .text.TIM7_IRQHandler  stm32h7xx_it.o
    0x0800b390   0x0800b390   0x000001b0   Code   RO         2209    .text.TIM_Base_SetConfig  stm32h7xx_hal_tim.o
    0x0800b540   0x0800b540   0x00000026   Code   RO            5    .text.TIM_delayus   opticalflow.o
    0x0800b566   0x0800b566   0x00000002   PAD
    0x0800b568   0x0800b568   0x00000086   Code   RO         2721    .text.UARTEx_SetNbDataToProcess  stm32h7xx_hal_uart_ex.o
    0x0800b5ee   0x0800b5ee   0x00000002   PAD
    0x0800b5f0   0x0800b5f0   0x00000148   Code   RO         2557    .text.UART_AdvFeatureConfig  stm32h7xx_hal_uart.o
    0x0800b738   0x0800b738   0x00000146   Code   RO         2561    .text.UART_CheckIdleState  stm32h7xx_hal_uart.o
    0x0800b87e   0x0800b87e   0x00000002   PAD
    0x0800b880   0x0800b880   0x0000009e   Code   RO         2613    .text.UART_EndRxTransfer  stm32h7xx_hal_uart.o
    0x0800b91e   0x0800b91e   0x00000002   PAD
    0x0800b920   0x0800b920   0x00000922   Code   RO         2559    .text.UART_SetConfig  stm32h7xx_hal_uart.o
    0x0800c242   0x0800c242   0x00000006   PAD
    0x0800c248   0x0800c248   0x0000010c   Code   RO         2575    .text.UART_WaitOnFlagUntilTimeout  stm32h7xx_hal_uart.o
    0x0800c354   0x0800c354   0x00000004   PAD
    0x0800c358   0x0800c358   0x00000004   Code   RO          245    .text.UsageFault_Handler  stm32h7xx_it.o
    0x0800c35c   0x0800c35c   0x00000004   PAD
    0x0800c360   0x0800c360   0x00000030   Code   RO          292    .text.__NVIC_EnableIRQ  stm32h7xx_hal_cortex.o
    0x0800c390   0x0800c390   0x00000010   Code   RO          284    .text.__NVIC_GetPriorityGrouping  stm32h7xx_hal_cortex.o
    0x0800c3a0   0x0800c3a0   0x00000042   Code   RO          286    .text.__NVIC_SetPriority  stm32h7xx_hal_cortex.o
    0x0800c3e2   0x0800c3e2   0x00000006   PAD
    0x0800c3e8   0x0800c3e8   0x0000003c   Code   RO          280    .text.__NVIC_SetPriorityGrouping  stm32h7xx_hal_cortex.o
    0x0800c424   0x0800c424   0x00000004   PAD
    0x0800c428   0x0800c428   0x00000128   Code   RO           53    .text.main          main.o
    0x0800c550   0x0800c550   0x0000003e   Code   RO         2928    CL$$btod_d2e        c_w.l(btod.o)
    0x0800c58e   0x0800c58e   0x00000046   Code   RO         2930    CL$$btod_d2e_denorm_low  c_w.l(btod.o)
    0x0800c5d4   0x0800c5d4   0x00000060   Code   RO         2929    CL$$btod_d2e_norm_op1  c_w.l(btod.o)
    0x0800c634   0x0800c634   0x00000338   Code   RO         2938    CL$$btod_div_common  c_w.l(btod.o)
    0x0800c96c   0x0800c96c   0x000000dc   Code   RO         2935    CL$$btod_e2e        c_w.l(btod.o)
    0x0800ca48   0x0800ca48   0x0000002a   Code   RO         2932    CL$$btod_ediv       c_w.l(btod.o)
    0x0800ca72   0x0800ca72   0x0000002a   Code   RO         2931    CL$$btod_emul       c_w.l(btod.o)
    0x0800ca9c   0x0800ca9c   0x00000244   Code   RO         2937    CL$$btod_mult_common  c_w.l(btod.o)
    0x0800cce0   0x0800cce0   0x00000030   Code   RO         2970    i.__ARM_fpclassify  m_wv.l(fpclassify.o)
    0x0800cd10   0x0800cd10   0x0000000e   Code   RO         2836    i._is_digit         c_w.l(__printf_wp.o)
    0x0800cd1e   0x0800cd1e   0x00000002   PAD
    0x0800cd20   0x0800cd20   0x0000002c   Code   RO         2953    locale$$code        c_w.l(lc_numeric_c.o)
    0x0800cd4c   0x0800cd4c   0x0000002c   Code   RO         2982    locale$$code        c_w.l(lc_ctype_c.o)
    0x0800cd78   0x0800cd78   0x0000001a   Code   RO         3056    x$fpl$fpinit        fz_wv.l(fpinit.o)
    0x0800cd92   0x0800cd92   0x00000004   Code   RO         2869    x$fpl$printf1       fz_wv.l(printf1.o)
    0x0800cd96   0x0800cd96   0x00000004   Code   RO         2871    x$fpl$printf2       fz_wv.l(printf2.o)
    0x0800cd9a   0x0800cd9a   0x00000000   Code   RO         2969    x$fpl$usenofp       fz_wv.l(usenofp.o)
    0x0800cd9a   0x0800cd9a   0x00000002   PAD
    0x0800cd9c   0x0800cd9c   0x00000008   Data   RO         2795    .constdata          c_w.l(_printf_wctomb.o)
    0x0800cda4   0x0800cda4   0x00000028   Data   RO         2824    .constdata          c_w.l(_printf_hex_int_ll_ptr.o)
    0x0800cdcc   0x0800cdcc   0x00000011   Data   RO         2844    .constdata          c_w.l(__printf_flags_ss_wp.o)
    0x0800cddd   0x0800cddd   0x00000026   Data   RO         2903    .constdata          c_w.l(_printf_fp_hex.o)
    0x0800ce03   0x0800ce03   0x00000001   PAD
    0x0800ce04   0x0800ce04   0x00000094   Data   RO         2926    .constdata          c_w.l(bigflt0.o)
    0x0800ce98   0x0800ce98   0x0000004c   Data   RO         1438    .rodata..L__const.HAL_FDCAN_Init.CvtEltSize  stm32h7xx_hal_fdcan.o
    0x0800cee4   0x0800cee4   0x00000010   Data   RO         2752    .rodata.D1CorePrescTable  system_stm32h7xx.o
    0x0800cef4   0x0800cef4   0x00000008   Data   RO          638    .rodata.DMA_CalcBaseAndBitshift.flagBitshiftOffset  stm32h7xx_hal_dma.o
    0x0800cefc   0x0800cefc   0x00000008   Data   RO         2738    .rodata.UARTEx_SetNbDataToProcess.denominator  stm32h7xx_hal_uart_ex.o
    0x0800cf04   0x0800cf04   0x00000008   Data   RO         2737    .rodata.UARTEx_SetNbDataToProcess.numerator  stm32h7xx_hal_uart_ex.o
    0x0800cf0c   0x0800cf0c   0x00000018   Data   RO         2693    .rodata.UARTPrescTable  stm32h7xx_hal_uart.o
    0x0800cf24   0x0800cf24   0x0000000a   Data   RO           20    .rodata.str1.1      opticalflow.o
    0x0800cf2e   0x0800cf2e   0x00000002   PAD
    0x0800cf30   0x0800cf30   0x00000020   Data   RO         3117    Region$$Table       anon$$obj.o
    0x0800cf50   0x0800cf50   0x0000001c   Data   RO         2952    locale$$data        c_w.l(lc_numeric_c.o)
    0x0800cf6c   0x0800cf6c   0x00000110   Data   RO         2981    locale$$data        c_w.l(lc_ctype_c.o)


    Execution Region RW_IRAM1 (Exec base: 0x20000000, Load base: 0x0800d07c, Size: 0x00000000, Max: 0x00020000, ABSOLUTE)

    **** No section assigned to this execution region ****


    Execution Region RW_IRAM2 (Exec base: 0x24000000, Load base: 0x0800d080, Size: 0x00003660, Max: 0x00080000, ABSOLUTE)

    Exec Addr    Load Addr    Size         Type   Attr      Idx    E Section Name        Object

    0x24000000   0x0800d080   0x00000004   Data   RW         2750    .data.SystemCoreClock  system_stm32h7xx.o
    0x24000004   0x0800d084   0x00000004   Data   RW         2751    .data.SystemD2Clock  system_stm32h7xx.o
    0x24000008   0x0800d088   0x00000001   Data   RW          945    .data.uwTickFreq    stm32h7xx_hal.o
    0x24000009   0x0800d089   0x00000003   PAD
    0x2400000c   0x0800d08c   0x00000004   Data   RW          944    .data.uwTickPrio    stm32h7xx_hal.o
    0x24000010        -       0x00000060   Zero   RW         2973    .bss                c_w.l(libspace.o)
    0x24000070        -       0x00000001   Zero   RW           17    .bss.Delta_X        opticalflow.o
    0x24000071        -       0x00000001   Zero   RW           18    .bss.Delta_Y        opticalflow.o
    0x24000072   0x0800d090   0x00000002   PAD
    0x24000074        -       0x00000004   Zero   RW          128    .bss.FMC_Initialized  fmc.o
    0x24000078        -       0x00000004   Zero   RW          109    .bss.HAL_RCC_FDCAN_CLK_ENABLED  fdcan.o
    0x2400007c        -       0x00000001   Zero   RW           16    .bss.Motion         opticalflow.o
    0x2400007d        -       0x00000001   Zero   RW           14    .bss.Prodect_ID     opticalflow.o
    0x2400007e        -       0x00000001   Zero   RW           15    .bss.Revision_ID    opticalflow.o
    0x2400007f        -       0x00000001   Zero   RW           19    .bss.Squal          opticalflow.o
    0x24000080        -       0x00000002   Zero   RW           13    .bss.TxData         opticalflow.o
    0x24000082        -       0x00000100   Zero   RW           34    .bss.Uart3_TXBuf    bsp_uart.o
    0x24000182        -       0x00000001   Zero   RW           11    .bss.clear          opticalflow.o
    0x24000183   0x0800d090   0x00000001   PAD
    0x24000184        -       0x00000068   Zero   RW           91    .bss.hdma2d         dma2d.o
    0x240001ec        -       0x00000078   Zero   RW          229    .bss.hdma_usart1_tx  usart.o
    0x24000264        -       0x000000a0   Zero   RW          107    .bss.hfdcan1        fdcan.o
    0x24000304        -       0x000000a0   Zero   RW          108    .bss.hfdcan2        fdcan.o
    0x240003a4        -       0x000000a8   Zero   RW          143    .bss.hltdc          ltdc.o
    0x2400044c        -       0x0000004c   Zero   RW          158    .bss.hqspi          quadspi.o
    0x24000498        -       0x00000024   Zero   RW          172    .bss.hrtc           rtc.o
    0x240004bc        -       0x00000034   Zero   RW          127    .bss.hsdram1        fmc.o
    0x240004f0        -       0x00000088   Zero   RW          200    .bss.hspi1          spi.o
    0x24000578        -       0x0000004c   Zero   RW          214    .bss.htim7          tim.o
    0x240005c4        -       0x00000094   Zero   RW          228    .bss.huart1         usart.o
    0x24000658        -       0x00000004   Zero   RW           12    .bss.timus          opticalflow.o
    0x2400065c        -       0x00000004   Zero   RW          946    .bss.uwTick         stm32h7xx_hal.o
    0x24000660        -       0x00002000   Zero   RW           44    HEAP                startup_stm32h743xx.o
    0x24002660        -       0x00001000   Zero   RW           43    STACK               startup_stm32h743xx.o


==============================================================================

Image component sizes


      Code (inc. data)   RO Data    RW Data    ZI Data      Debug   Object Name

       102          0          0          0        256       4863   bsp_uart.o
        56          0          0          0          0       5286   dma.o
       108          0          0          0        104       4273   dma2d.o
       626          0          0          0        324      11574   fdcan.o
       474          0          0          0         56       8122   fmc.o
       428          0          0          0          0       3124   gpio.o
       874          0          0          0        168       6932   ltdc.o
       808          0          0          0          0       6628   main.o
       784          0         10          0         13       5339   opticalflow.o
       436          0          0          0         76       7911   quadspi.o
       148          0          0          0         36       5954   rtc.o
       274          0          0          0        136       8109   spi.o
        64         26        664          0      12288        832   startup_stm32h743xx.o
       374          0          0          5          4      13755   stm32h7xx_hal.o
       688          0          0          0          0      11556   stm32h7xx_hal_cortex.o
      8318          8          8          0          0      12781   stm32h7xx_hal_dma.o
       188          0          0          0          0      12292   stm32h7xx_hal_dma2d.o
      3364          0         76          0          0      33555   stm32h7xx_hal_fdcan.o
      1010          0          0          0          0       6982   stm32h7xx_hal_gpio.o
      1158          0          0          0          0      12890   stm32h7xx_hal_ltdc.o
        36          0          0          0          0       2217   stm32h7xx_hal_msp.o
        18          0          0          0          0       4938   stm32h7xx_hal_pwr.o
       162          0          0          0          0      10358   stm32h7xx_hal_pwr_ex.o
       392          0          0          0          0      14482   stm32h7xx_hal_qspi.o
      5026         66          0          0          0      11884   stm32h7xx_hal_rcc.o
      6578         96          0          0          0      19262   stm32h7xx_hal_rcc_ex.o
       612          0          0          0          0      10723   stm32h7xx_hal_rtc.o
       118          0          0          0          0      10284   stm32h7xx_hal_sdram.o
      3310          0          0          0          0      20738   stm32h7xx_hal_spi.o
      1484          0          0          0          0      37555   stm32h7xx_hal_tim.o
       368          0          0          0          0      17479   stm32h7xx_hal_tim_ex.o
      3900        258         24          0          0      29223   stm32h7xx_hal_uart.o
       538          0         16          0          0       8879   stm32h7xx_hal_uart_ex.o
        98          0          0          0          0       1377   stm32h7xx_it.o
       412          0          0          0          0       7117   stm32h7xx_ll_fmc.o
       352          0         16          8          0       5794   system_stm32h7xx.o
       168          0          0          0         76       9334   tim.o
       392          0          0          0        268       8260   usart.o

    ----------------------------------------------------------------------
     44680        462        848         16      13808     412662   Object Totals
         0          0         32          0          0          0   (incl. Generated)
       434          8          2          3          3          0   (incl. Padding)

    ----------------------------------------------------------------------

      Code (inc. data)   RO Data    RW Data    ZI Data      Debug   Library Member Name

         8          0          0          0          0         68   __main.o
       392          4         17          0          0         92   __printf_flags_ss_wp.o
        14          0          0          0          0         68   __printf_wp.o
         0          0          0          0          0          0   __rtentry.o
        12          0          0          0          0          0   __rtentry2.o
         6          0          0          0          0          0   __rtentry4.o
        94          8          0          0          0          0   __scatter.o
        26          0          0          0          0          0   __scatter_copy.o
        28          0          0          0          0          0   __scatter_zi.o
        72          0          0          0          0         96   _c16rtomb.o
         6          0          0          0          0          0   _printf_a.o
         6          0          0          0          0          0   _printf_c.o
        44          0          0          0          0        108   _printf_char.o
        48          6          0          0          0         96   _printf_char_common.o
        40          0          0          0          0         68   _printf_charcount.o
         6          0          0          0          0          0   _printf_d.o
       120         16          0          0          0         92   _printf_dec.o
         6          0          0          0          0          0   _printf_e.o
         6          0          0          0          0          0   _printf_f.o
      1052          0          0          0          0        148   _printf_fp_dec.o
       764          8         38          0          0        100   _printf_fp_hex.o
       128         16          0          0          0         84   _printf_fp_infnan.o
         6          0          0          0          0          0   _printf_g.o
       148          4         40          0          0        160   _printf_hex_int_ll_ptr.o
         6          0          0          0          0          0   _printf_i.o
       178          0          0          0          0         88   _printf_intcommon.o
        10          0          0          0          0          0   _printf_l.o
         6          0          0          0          0          0   _printf_lc.o
        10          0          0          0          0          0   _printf_ll.o
         6          0          0          0          0          0   _printf_lld.o
         6          0          0          0          0          0   _printf_lli.o
         6          0          0          0          0          0   _printf_llo.o
         6          0          0          0          0          0   _printf_llu.o
         6          0          0          0          0          0   _printf_llx.o
       124         16          0          0          0         92   _printf_longlong_dec.o
         6          0          0          0          0          0   _printf_ls.o
         6          0          0          0          0          0   _printf_n.o
         6          0          0          0          0          0   _printf_o.o
       112          8          0          0          0        124   _printf_oct_int_ll.o
         6          0          0          0          0          0   _printf_p.o
        78          0          0          0          0        108   _printf_pad.o
         0          0          0          0          0          0   _printf_percent.o
         4          0          0          0          0          0   _printf_percent_end.o
         6          0          0          0          0          0   _printf_s.o
        82          0          0          0          0         80   _printf_str.o
        36          0          0          0          0         84   _printf_truncate.o
         6          0          0          0          0          0   _printf_u.o
        44          0          0          0          0        108   _printf_wchar.o
       188          6          8          0          0         92   _printf_wctomb.o
         6          0          0          0          0          0   _printf_x.o
        16          0          0          0          0         68   _snputc.o
       228          4        148          0          0         96   bigflt0.o
      1936        128          0          0          0        668   btod.o
        18          0          0          0          0         80   exit.o
         6          0          0          0          0        152   heapauxi.o
         0          0          0          0          0          0   indicate_semi.o
        44         10        272          0          0         76   lc_ctype_c.o
        44         10         28          0          0         76   lc_numeric_c.o
         2          0          0          0          0          0   libinit.o
        34          0          0          0          0          0   libinit2.o
         2          0          0          0          0          0   libshutdown.o
         2          0          0          0          0          0   libshutdown2.o
         8          4          0          0         96         68   libspace.o
       138          0          0          0          0         80   lludiv10.o
       240          0          0          0          0        100   lludivv7m.o
        16          4          0          0          0         76   rt_ctype_table.o
         8          4          0          0          0         68   rt_locale_intlibspace.o
        78          0          0          0          0         80   rt_memclr_w.o
       100          0          0          0          0         80   rt_memcpy_w.o
         2          0          0          0          0          0   rtexit.o
        10          0          0          0          0          0   rtexit2.o
       124          0          0          0          0         88   strcmpv7m_pel.o
        12          4          0          0          0         68   sys_exit.o
        74          0          0          0          0         80   sys_stackheap_outer.o
         2          0          0          0          0         68   use_no_semi.o
        60          4          0          0          0         80   vsnprintf.o
        26          0          0          0          0        116   fpinit.o
         4          0          0          0          0        116   printf1.o
         4          0          0          0          0        116   printf2.o
         0          0          0          0          0          0   usenofp.o
        48          0          0          0          0        124   fpclassify.o

    ----------------------------------------------------------------------
      7292        268        552          0         96       4580   Library Totals
        24          4          1          0          0          0   (incl. Padding)

    ----------------------------------------------------------------------

      Code (inc. data)   RO Data    RW Data    ZI Data      Debug   Library Name

      7186        264        551          0         96       4108   c_w.l
        34          0          0          0          0        348   fz_wv.l
        48          0          0          0          0        124   m_wv.l

    ----------------------------------------------------------------------
      7292        268        552          0         96       4580   Library Totals

    ----------------------------------------------------------------------

==============================================================================


      Code (inc. data)   RO Data    RW Data    ZI Data      Debug   

     51972        730       1400         16      13904     414206   Grand Totals
     51972        730       1400         16      13904     414206   ELF Image Totals
     51972        730       1400         16          0          0   ROM Totals

==============================================================================

    Total RO  Size (Code + RO Data)                53372 (  52.12kB)
    Total RW  Size (RW Data + ZI Data)             13920 (  13.59kB)
    Total ROM Size (Code + RO Data + RW Data)      53388 (  52.14kB)

==============================================================================

