Component: ARM Compiler 5.06 update 7 (build 960) Tool: armlink [4d3601]

==============================================================================

Section Cross References

    main.o(i.PrintfLogo) refers to printf8.o(i.__0printf$8) for __2printf
    main.o(i.PrintfLogo) refers to system_stm32h7xx.o(.data) for SystemCoreClock
    main.o(i.main) refers to bsp.o(i.bsp_Init) for bsp_Init
    main.o(i.main) refers to main.o(i.PrintfLogo) for PrintfLogo
    main.o(i.main) refers to demo_fmc_sdram.o(i.DemoFmcSDRAM) for DemoFmcSDRAM
    main.o(i.main) refers to demo_qspi_nor.o(i.DemoQSPINOR) for DemoQSPINOR
    main.o(i.main) refers to demo_i2c_eeprom.o(i.DemoI2CEEPROM) for DemoI2CEEPROM
    main.o(i.main) refers to demo_spi_nand.o(i.DemoSPINAND) for DemoSPINAND
    demo_fmc_sdram.o(i.DemoFmcSDRAM) refers to bsp.o(i.bsp_Idle) for bsp_Idle
    demo_fmc_sdram.o(i.DemoFmcSDRAM) refers to demo_fmc_sdram.o(i.WriteSpeedTest) for WriteSpeedTest
    demo_fmc_sdram.o(i.DemoFmcSDRAM) refers to demo_fmc_sdram.o(i.ReadSpeedTest) for ReadSpeedTest
    demo_fmc_sdram.o(i.DemoFmcSDRAM) refers to demo_fmc_sdram.o(i.ReadWriteTest) for ReadWriteTest
    demo_fmc_sdram.o(i.DemoFmcSDRAM) refers to bsp_fmc_sdram.o(i.bsp_TestExtSDRAM1) for bsp_TestExtSDRAM1
    demo_fmc_sdram.o(i.DemoFmcSDRAM) refers to printf8.o(i.__0printf$8) for __2printf
    demo_fmc_sdram.o(i.ReadSpeedTest) refers to bsp_timer.o(i.bsp_GetRunTime) for bsp_GetRunTime
    demo_fmc_sdram.o(i.ReadSpeedTest) refers to printf8.o(i.__0printf$8) for __2printf
    demo_fmc_sdram.o(i.ReadWriteTest) refers to printf8.o(i.__0printf$8) for __2printf
    demo_fmc_sdram.o(i.WriteSpeedTest) refers to bsp_timer.o(i.bsp_GetRunTime) for bsp_GetRunTime
    demo_fmc_sdram.o(i.WriteSpeedTest) refers to printf8.o(i.__0printf$8) for __2printf
    demo_i2c_eeprom.o(i.DemoI2CEEPROM) refers to printf8.o(i.__0printf$8) for __2printf
    demo_i2c_eeprom.o(i.DemoI2CEEPROM) refers to bsp_i2c_eeprom_24xx.o(i.ee_CheckOk) for ee_CheckOk
    demo_i2c_eeprom.o(i.DemoI2CEEPROM) refers to bsp_timer.o(i.bsp_GetRunTime) for bsp_GetRunTime
    demo_i2c_eeprom.o(i.DemoI2CEEPROM) refers to bsp_i2c_eeprom_24xx.o(i.ee_WriteBytes) for ee_WriteBytes
    demo_i2c_eeprom.o(i.DemoI2CEEPROM) refers to bsp_i2c_eeprom_24xx.o(i.ee_ReadBytes) for ee_ReadBytes
    demo_qspi_nor.o(i.DemoQSPINOR) refers to bsp_qspi_w25q256.o(i.QSPI_ReadID) for QSPI_ReadID
    demo_qspi_nor.o(i.DemoQSPINOR) refers to printf8.o(i.__0printf$8) for __2printf
    demo_qspi_nor.o(i.DemoQSPINOR) refers to bsp.o(i.bsp_Idle) for bsp_Idle
    demo_qspi_nor.o(i.DemoQSPINOR) refers to demo_qspi_nor.o(i.sfReadTest) for sfReadTest
    demo_qspi_nor.o(i.DemoQSPINOR) refers to demo_qspi_nor.o(i.sfWriteTest) for sfWriteTest
    demo_qspi_nor.o(i.DemoQSPINOR) refers to demo_qspi_nor.o(i.sfWriteAll) for sfWriteAll
    demo_qspi_nor.o(i.sfDispMenu) refers to printf8.o(i.__0printf$8) for __2printf
    demo_qspi_nor.o(i.sfErase) refers to bsp_timer.o(i.bsp_GetRunTime) for bsp_GetRunTime
    demo_qspi_nor.o(i.sfErase) refers to printf8.o(i.__0printf$8) for __2printf
    demo_qspi_nor.o(i.sfErase) refers to bsp_qspi_w25q256.o(i.QSPI_EraseSector) for QSPI_EraseSector
    demo_qspi_nor.o(i.sfReadTest) refers to memseta.o(.text) for __aeabi_memset
    demo_qspi_nor.o(i.sfReadTest) refers to bsp_qspi_w25q256.o(i.QSPI_ReadBuffer) for QSPI_ReadBuffer
    demo_qspi_nor.o(i.sfReadTest) refers to printf8.o(i.__0printf$8) for __2printf
    demo_qspi_nor.o(i.sfReadTest) refers to demo_qspi_nor.o(.bss) for buf
    demo_qspi_nor.o(i.sfTestReadSpeed) refers to bsp_timer.o(i.bsp_GetRunTime) for bsp_GetRunTime
    demo_qspi_nor.o(i.sfTestReadSpeed) refers to bsp_qspi_w25q256.o(i.QSPI_ReadBuffer) for QSPI_ReadBuffer
    demo_qspi_nor.o(i.sfTestReadSpeed) refers to printf8.o(i.__0printf$8) for __2printf
    demo_qspi_nor.o(i.sfTestReadSpeed) refers to demo_qspi_nor.o(.bss) for SpeedTestbuf
    demo_qspi_nor.o(i.sfViewData) refers to bsp_qspi_w25q256.o(i.QSPI_ReadBuffer) for QSPI_ReadBuffer
    demo_qspi_nor.o(i.sfViewData) refers to printf8.o(i.__0printf$8) for __2printf
    demo_qspi_nor.o(i.sfViewData) refers to demo_qspi_nor.o(.bss) for buf
    demo_qspi_nor.o(i.sfWriteAll) refers to bsp_qspi_w25q256.o(i.QSPI_EraseSector) for QSPI_EraseSector
    demo_qspi_nor.o(i.sfWriteAll) refers to bsp_timer.o(i.bsp_GetRunTime) for bsp_GetRunTime
    demo_qspi_nor.o(i.sfWriteAll) refers to bsp_qspi_w25q256.o(i.QSPI_WriteBuffer) for QSPI_WriteBuffer
    demo_qspi_nor.o(i.sfWriteAll) refers to printf8.o(i.__0printf$8) for __2printf
    demo_qspi_nor.o(i.sfWriteAll) refers to demo_qspi_nor.o(.bss) for buf
    demo_qspi_nor.o(i.sfWriteTest) refers to bsp_qspi_w25q256.o(i.QSPI_EraseSector) for QSPI_EraseSector
    demo_qspi_nor.o(i.sfWriteTest) refers to bsp_timer.o(i.bsp_GetRunTime) for bsp_GetRunTime
    demo_qspi_nor.o(i.sfWriteTest) refers to bsp_qspi_w25q256.o(i.QSPI_WriteBuffer) for QSPI_WriteBuffer
[...]
    i.HAL_SYSTICK_Config                     0x08003c92   Section        0  stm32h7xx_hal_cortex.o(i.HAL_SYSTICK_Config)
    i.HAL_TIM_Base_Init                      0x08003cc6   Section        0  stm32h7xx_hal_tim.o(i.HAL_TIM_Base_Init)
    i.HAL_TIM_Base_MspInit                   0x08003cfa   Section        0  stm32h7xx_hal_tim.o(i.HAL_TIM_Base_MspInit)
    i.HAL_TIM_Base_Start                     0x08003cfc   Section        0  stm32h7xx_hal_tim.o(i.HAL_TIM_Base_Start)
    i.HAL_UART_Init                          0x08003d1a   Section        0  stm32h7xx_hal_uart.o(i.HAL_UART_Init)
    i.HAL_UART_MspInit                       0x08003d92   Section        0  stm32h7xx_hal_uart.o(i.HAL_UART_MspInit)
    i.HC574_ConfigFMC                        0x08003d94   Section        0  bsp_fmc_io.o(i.HC574_ConfigFMC)
    HC574_ConfigFMC                          0x08003d95   Thumb Code   118  bsp_fmc_io.o(i.HC574_ConfigFMC)
    i.HC574_ConfigGPIO                       0x08003e34   Section        0  bsp_fmc_io.o(i.HC574_ConfigGPIO)
    HC574_ConfigGPIO                         0x08003e35   Thumb Code   256  bsp_fmc_io.o(i.HC574_ConfigGPIO)
    i.HC574_SetPin                           0x08003f4c   Section        0  bsp_fmc_io.o(i.HC574_SetPin)
    i.HardFaultHandler                       0x08003f78   Section        0  segger_hardfaulthandler.o(i.HardFaultHandler)
    i.InitHardUart                           0x08004080   Section        0  bsp_uart_fifo.o(i.InitHardUart)
    InitHardUart                             0x08004081   Thumb Code   230  bsp_uart_fifo.o(i.InitHardUart)
    i.IsKeyDownFunc                          0x08004174   Section        0  bsp_key.o(i.IsKeyDownFunc)
    IsKeyDownFunc                            0x08004175   Thumb Code   118  bsp_key.o(i.IsKeyDownFunc)
    i.KeyPinActive                           0x080041ec   Section        0  bsp_key.o(i.KeyPinActive)
    KeyPinActive                             0x080041ed   Thumb Code    48  bsp_key.o(i.KeyPinActive)
    i.MPU_Config                             0x08004220   Section        0  bsp.o(i.MPU_Config)
    MPU_Config                               0x08004221   Thumb Code   214  bsp.o(i.MPU_Config)
    i.MemManage_Handler                      0x080042f6   Section        0  stm32h7xx_it.o(i.MemManage_Handler)
    i.NMI_Handler                            0x080042fa   Section        0  stm32h7xx_it.o(i.NMI_Handler)
    i.PendSV_Handler                         0x080042fc   Section        0  stm32h7xx_it.o(i.PendSV_Handler)
    i.PrintfLogo                             0x08004300   Section        0  main.o(i.PrintfLogo)
    PrintfLogo                               0x08004301   Thumb Code    98  main.o(i.PrintfLogo)
    i.QSPI_AutoPollingMemReady               0x080044c4   Section        0  bsp_qspi_w25q256.o(i.QSPI_AutoPollingMemReady)
    QSPI_AutoPollingMemReady                 0x080044c5   Thumb Code   114  bsp_qspi_w25q256.o(i.QSPI_AutoPollingMemReady)
    i.QSPI_Config                            0x08004564   Section        0  stm32h7xx_hal_qspi.o(i.QSPI_Config)
    QSPI_Config                              0x08004565   Thumb Code   586  stm32h7xx_hal_qspi.o(i.QSPI_Config)
    i.QSPI_EraseSector                       0x080047b0   Section        0  bsp_qspi_w25q256.o(i.QSPI_EraseSector)
    i.QSPI_ReadBuffer                        0x08004838   Section        0  bsp_qspi_w25q256.o(i.QSPI_ReadBuffer)
    i.QSPI_ReadID                            0x080048d4   Section        0  bsp_qspi_w25q256.o(i.QSPI_ReadID)
    i.QSPI_WaitFlagStateUntilTimeout         0x08004984   Section        0  stm32h7xx_hal_qspi.o(i.QSPI_WaitFlagStateUntilTimeout)
    QSPI_WaitFlagStateUntilTimeout           0x08004985   Thumb Code    76  stm32h7xx_hal_qspi.o(i.QSPI_WaitFlagStateUntilTimeout)
    i.QSPI_WriteBuffer                       0x080049d0   Section        0  bsp_qspi_w25q256.o(i.QSPI_WriteBuffer)
    i.QSPI_WriteEnable                       0x08004a84   Section        0  bsp_qspi_w25q256.o(i.QSPI_WriteEnable)
    QSPI_WriteEnable                         0x08004a85   Thumb Code    76  bsp_qspi_w25q256.o(i.QSPI_WriteEnable)
    i.RCCEx_PLL2_Config                      0x08004afc   Section        0  stm32h7xx_hal_rcc_ex.o(i.RCCEx_PLL2_Config)
    RCCEx_PLL2_Config                        0x08004afd   Thumb Code   300  stm32h7xx_hal_rcc_ex.o(i.RCCEx_PLL2_Config)
    i.RCCEx_PLL3_Config                      0x08004c2c   Section        0  stm32h7xx_hal_rcc_ex.o(i.RCCEx_PLL3_Config)
    RCCEx_PLL3_Config                        0x08004c2d   Thumb Code   300  stm32h7xx_hal_rcc_ex.o(i.RCCEx_PLL3_Config)
    i.RS485_InitTXE                          0x08004d5c   Section        0  bsp_uart_fifo.o(i.RS485_InitTXE)
    i.ReadSpeedTest                          0x08004da0   Section        0  demo_fmc_sdram.o(i.ReadSpeedTest)
    ReadSpeedTest                            0x08004da1   Thumb Code   214  demo_fmc_sdram.o(i.ReadSpeedTest)
    i.ReadWriteTest                          0x08004ec0   Section        0  demo_fmc_sdram.o(i.ReadWriteTest)
    ReadWriteTest                            0x08004ec1   Thumb Code    40  demo_fmc_sdram.o(i.ReadWriteTest)
    i.SCB_EnableDCache                       0x08004f28   Section        0  bsp.o(i.SCB_EnableDCache)
    SCB_EnableDCache                         0x08004f29   Thumb Code   148  bsp.o(i.SCB_EnableDCache)
    i.SCB_EnableICache                       0x08004fc4   Section        0  bsp.o(i.SCB_EnableICache)
    SCB_EnableICache                         0x08004fc5   Thumb Code   116  bsp.o(i.SCB_EnableICache)
    i.SDRAM_GPIOConfig                       0x08005040   Section        0  bsp_fmc_sdram.o(i.SDRAM_GPIOConfig)
    SDRAM_GPIOConfig                         0x08005041   Thumb Code   298  bsp_fmc_sdram.o(i.SDRAM_GPIOConfig)
    i.SDRAM_Initialization_Sequence          0x08005188   Section        0  bsp_fmc_sdram.o(i.SDRAM_Initialization_Sequence)
    SDRAM_Initialization_Sequence            0x08005189   Thumb Code   146  bsp_fmc_sdram.o(i.SDRAM_Initialization_Sequence)
    i.SPI_CloseTransfer                      0x0800521a   Section        0  stm32h7xx_hal_spi.o(i.SPI_CloseTransfer)
    SPI_CloseTransfer                        0x0800521b   Thumb Code   252  stm32h7xx_hal_spi.o(i.SPI_CloseTransfer)
    i.SPI_GetPacketSize                      0x08005316   Section        0  stm32h7xx_hal_spi.o(i.SPI_GetPacketSize)
    SPI_GetPacketSize                        0x08005317   Thumb Code    26  stm32h7xx_hal_spi.o(i.SPI_GetPacketSize)
    i.SPI_WaitOnFlagUntilTimeout             0x08005330   Section        0  stm32h7xx_hal_spi.o(i.SPI_WaitOnFlagUntilTimeout)
    SPI_WaitOnFlagUntilTimeout               0x08005331   Thumb Code    64  stm32h7xx_hal_spi.o(i.SPI_WaitOnFlagUntilTimeout)
    i.SVC_Handler                            0x08005370   Section        0  stm32h7xx_it.o(i.SVC_Handler)
    i.SysTick_Handler                        0x08005374   Section        0  bsp_timer.o(i.SysTick_Handler)
    i.SysTick_ISR                            0x08005390   Section        0  bsp_timer.o(i.SysTick_ISR)
    i.SystemClock_Config                     0x08005414   Section        0  bsp.o(i.SystemClock_Config)
    SystemClock_Config                       0x08005415   Thumb Code   240  bsp.o(i.SystemClock_Config)
    i.SystemInit                             0x08005524   Section        0  system_stm32h7xx.o(i.SystemInit)
    i.TIM2_IRQHandler                        0x080055b8   Section        0  bsp_timer.o(i.TIM2_IRQHandler)
    i.TIM_Base_SetConfig                     0x0800566c   Section        0  stm32h7xx_hal_tim.o(i.TIM_Base_SetConfig)
    i.UART7_IRQHandler                       0x08005738   Section        0  bsp_uart_fifo.o(i.UART7_IRQHandler)
    i.UART_AdvFeatureConfig                  0x08005748   Section        0  stm32h7xx_hal_uart.o(i.UART_AdvFeatureConfig)
    i.UART_CheckIdleState                    0x08005832   Section        0  stm32h7xx_hal_uart.o(i.UART_CheckIdleState)
    i.UART_SetConfig                         0x080058a8   Section        0  stm32h7xx_hal_uart.o(i.UART_SetConfig)
    i.UART_WaitOnFlagUntilTimeout            0x0800624c   Section        0  stm32h7xx_hal_uart.o(i.UART_WaitOnFlagUntilTimeout)
    i.UartIRQ                                0x080062b8   Section        0  bsp_uart_fifo.o(i.UartIRQ)
    UartIRQ                                  0x080062b9   Thumb Code   378  bsp_uart_fifo.o(i.UartIRQ)
    i.UartVarInit                            0x08006434   Section        0  bsp_uart_fifo.o(i.UartVarInit)
    UartVarInit                              0x08006435   Thumb Code    48  bsp_uart_fifo.o(i.UartVarInit)
    i.UsageFault_Handler                     0x08006474   Section        0  stm32h7xx_it.o(i.UsageFault_Handler)
    i.WriteSpeedTest                         0x08006478   Section        0  demo_fmc_sdram.o(i.WriteSpeedTest)
    WriteSpeedTest                           0x08006479   Thumb Code   258  demo_fmc_sdram.o(i.WriteSpeedTest)
    i.__0printf$8                            0x080065d4   Section        0  printf8.o(i.__0printf$8)
    i.__NVIC_GetPriorityGrouping             0x080065f4   Section        0  stm32h7xx_hal_cortex.o(i.__NVIC_GetPriorityGrouping)
    __NVIC_GetPriorityGrouping               0x080065f5   Thumb Code    10  stm32h7xx_hal_cortex.o(i.__NVIC_GetPriorityGrouping)
    i.__NVIC_SetPriority                     0x08006604   Section        0  stm32h7xx_hal_cortex.o(i.__NVIC_SetPriority)
    __NVIC_SetPriority                       0x08006605   Thumb Code    32  stm32h7xx_hal_cortex.o(i.__NVIC_SetPriority)
    i.__scatterload_copy                     0x0800662c   Section       14  handlers.o(i.__scatterload_copy)
    i.__scatterload_null                     0x0800663a   Section        2  handlers.o(i.__scatterload_null)
    i.__scatterload_zeroinit                 0x0800663c   Section       14  handlers.o(i.__scatterload_zeroinit)
    i.__set_PRIMASK                          0x0800664a   Section        0  bsp_timer.o(i.__set_PRIMASK)
    __set_PRIMASK                            0x0800664b   Thumb Code     6  bsp_timer.o(i.__set_PRIMASK)
    i._printf_core                           0x08006650   Section        0  printf8.o(i._printf_core)
    _printf_core                             0x08006651   Thumb Code   984  printf8.o(i._printf_core)
    i._printf_post_padding                   0x08006a54   Section        0  printf8.o(i._printf_post_padding)
    _printf_post_padding                     0x08006a55   Thumb Code    36  printf8.o(i._printf_post_padding)
    i._printf_pre_padding                    0x08006a78   Section        0  printf8.o(i._printf_pre_padding)
    _printf_pre_padding                      0x08006a79   Thumb Code    46  printf8.o(i._printf_pre_padding)
    i.bsp_DelayUS                            0x08006aa8   Section        0  bsp_timer.o(i.bsp_DelayUS)
    i.bsp_DetectKey                          0x08006afc   Section        0  bsp_key.o(i.bsp_DetectKey)
    bsp_DetectKey                            0x08006afd   Thumb Code   200  bsp_key.o(i.bsp_DetectKey)
    i.bsp_GetRunTime                         0x08006bc8   Section        0  bsp_timer.o(i.bsp_GetRunTime)
    i.bsp_Idle                               0x08006be4   Section        0  bsp.o(i.bsp_Idle)
    i.bsp_Init                               0x08006be6   Section        0  bsp.o(i.bsp_Init)
    i.bsp_InitDWT                            0x08006c24   Section        0  bsp_dwt.o(i.bsp_InitDWT)
    i.bsp_InitExtIO                          0x08006c4c   Section        0  bsp_fmc_io.o(i.bsp_InitExtIO)
    i.bsp_InitExtSDRAM                       0x08006c70   Section        0  bsp_fmc_sdram.o(i.bsp_InitExtSDRAM)
    i.bsp_InitHardTimer                      0x08006d20   Section        0  bsp_timer.o(i.bsp_InitHardTimer)
    i.bsp_InitI2C                            0x08006e1c   Section        0  bsp_i2c_gpio.o(i.bsp_InitI2C)
    i.bsp_InitKey                            0x08006e70   Section        0  bsp_key.o(i.bsp_InitKey)
    i.bsp_InitKeyHard                        0x08006e7c   Section        0  bsp_key.o(i.bsp_InitKeyHard)
    bsp_InitKeyHard                          0x08006e7d   Thumb Code   184  bsp_key.o(i.bsp_InitKeyHard)
    i.bsp_InitKeyVar                         0x08006f3c   Section        0  bsp_key.o(i.bsp_InitKeyVar)
    bsp_InitKeyVar                           0x08006f3d   Thumb Code   112  bsp_key.o(i.bsp_InitKeyVar)
    i.bsp_InitLed                            0x08006fb4   Section        0  bsp_led.o(i.bsp_InitLed)
    i.bsp_InitQSPI_W25Q256                   0x08006fd0   Section        0  bsp_qspi_w25q256.o(i.bsp_InitQSPI_W25Q256)
    i.bsp_InitSFlash                         0x0800704c   Section        0  demo_spi_nand.o(i.bsp_InitSFlash)
    i.bsp_InitSPIBus                         0x08007094   Section        0  bsp_spi_bus.o(i.bsp_InitSPIBus)
    i.bsp_InitSPIParam                       0x080070b0   Section        0  bsp_spi_bus.o(i.bsp_InitSPIParam)
    i.bsp_InitTimer                          0x08007168   Section        0  bsp_timer.o(i.bsp_InitTimer)
    i.bsp_InitUart                           0x08007210   Section        0  bsp_uart_fifo.o(i.bsp_InitUart)
    i.bsp_KeyScan10ms                        0x08007220   Section        0  bsp_key.o(i.bsp_KeyScan10ms)
    i.bsp_LedOff                             0x08007236   Section        0  bsp_led.o(i.bsp_LedOff)
    i.bsp_PutKey                             0x08007274   Section        0  bsp_key.o(i.bsp_PutKey)
    i.bsp_RunPer10ms                         0x08007294   Section        0  bsp.o(i.bsp_RunPer10ms)
    i.bsp_RunPer1ms                          0x0800729c   Section        0  bsp.o(i.bsp_RunPer1ms)
    i.bsp_SetKeyParam                        0x080072a0   Section        0  bsp_key.o(i.bsp_SetKeyParam)
    i.bsp_SetUartParam                       0x080072c4   Section        0  bsp_uart_fifo.o(i.bsp_SetUartParam)
    i.bsp_SoftTimerDec                       0x0800732c   Section        0  bsp_timer.o(i.bsp_SoftTimerDec)
    bsp_SoftTimerDec                         0x0800732d   Thumb Code    28  bsp_timer.o(i.bsp_SoftTimerDec)
    i.bsp_SpiBusEnter                        0x08007348   Section        0  bsp_spi_bus.o(i.bsp_SpiBusEnter)
    i.bsp_SpiBusExit                         0x08007354   Section        0  bsp_spi_bus.o(i.bsp_SpiBusExit)
    i.bsp_TestExtSDRAM1                      0x08007360   Section        0  bsp_fmc_sdram.o(i.bsp_TestExtSDRAM1)
    i.bsp_spiTransfer                        0x08007418   Section        0  bsp_spi_bus.o(i.bsp_spiTransfer)
    i.ee_CheckOk                             0x08007484   Section        0  bsp_i2c_eeprom_24xx.o(i.ee_CheckOk)
    i.ee_ReadBytes                           0x0800749a   Section        0  bsp_i2c_eeprom_24xx.o(i.ee_ReadBytes)
    i.ee_WriteBytes                          0x08007518   Section        0  bsp_i2c_eeprom_24xx.o(i.ee_WriteBytes)
    i.fputc                                  0x080075d4   Section        0  bsp_uart_fifo.o(i.fputc)
    i.i2c_Ack                                0x080075f0   Section        0  bsp_i2c_gpio.o(i.i2c_Ack)
    i.i2c_CheckDevice                        0x08007624   Section        0  bsp_i2c_gpio.o(i.i2c_CheckDevice)
    i.i2c_Delay                              0x0800765c   Section        0  bsp_i2c_gpio.o(i.i2c_Delay)
    i2c_Delay                                0x0800765d   Thumb Code    10  bsp_i2c_gpio.o(i.i2c_Delay)
    i.i2c_NAck                               0x08007668   Section        0  bsp_i2c_gpio.o(i.i2c_NAck)
    i.i2c_ReadByte                           0x08007690   Section        0  bsp_i2c_gpio.o(i.i2c_ReadByte)
    i.i2c_SendByte                           0x080076d4   Section        0  bsp_i2c_gpio.o(i.i2c_SendByte)
    i.i2c_Start                              0x08007728   Section        0  bsp_i2c_gpio.o(i.i2c_Start)
    i.i2c_Stop                               0x08007758   Section        0  bsp_i2c_gpio.o(i.i2c_Stop)
    i.i2c_WaitAck                            0x08007784   Section        0  bsp_i2c_gpio.o(i.i2c_WaitAck)
    i.main                                   0x080077c0   Section        0  main.o(i.main)
    i.sfReadTest                             0x080077e0   Section        0  demo_qspi_nor.o(i.sfReadTest)
    sfReadTest                               0x080077e1   Thumb Code   124  demo_qspi_nor.o(i.sfReadTest)
    i.sfWriteAll                             0x080078c8   Section        0  demo_qspi_nor.o(i.sfWriteAll)
    sfWriteAll                               0x080078c9   Thumb Code   136  demo_qspi_nor.o(i.sfWriteAll)
    i.sfWriteTest                            0x08007990   Section        0  demo_qspi_nor.o(i.sfWriteTest)
    sfWriteTest                              0x08007991   Thumb Code   110  demo_qspi_nor.o(i.sfWriteTest)
    i.sf_EraseSector                         0x08007a5c   Section        0  demo_spi_nand.o(i.sf_EraseSector)
    i.sf_PageWrite                           0x08007acc   Section        0  demo_spi_nand.o(i.sf_PageWrite)
    i.sf_ReadBuffer                          0x08007bec   Section        0  demo_spi_nand.o(i.sf_ReadBuffer)
    i.sf_ReadID                              0x08007d00   Section        0  demo_spi_nand.o(i.sf_ReadID)
    i.sf_ReadInfo                            0x08007d4c   Section        0  demo_spi_nand.o(i.sf_ReadInfo)
    i.sf_SetCS                               0x08007e6c   Section        0  demo_spi_nand.o(i.sf_SetCS)
    i.sf_WaitForWriteEnd                     0x08007e9c   Section        0  demo_spi_nand.o(i.sf_WaitForWriteEnd)
    sf_WaitForWriteEnd                       0x08007e9d   Thumb Code    86  demo_spi_nand.o(i.sf_WaitForWriteEnd)
    i.sf_WriteEnable                         0x08007f00   Section        0  demo_spi_nand.o(i.sf_WriteEnable)
    sf_WriteEnable                           0x08007f01   Thumb Code    44  demo_spi_nand.o(i.sf_WriteEnable)
    .constdata                               0x08007f34   Section      112  bsp_key.o(.constdata)
    UARTPrescTable                           0x08007f34   Data          24  bsp_key.o(.constdata)
    USARTPrescTable                          0x08007f4c   Data          24  bsp_key.o(.constdata)
    s_gpio_list                              0x08007f64   Data          64  bsp_key.o(.constdata)
    .constdata                               0x08007fa4   Section       48  stm32h7xx_hal_uart.o(.constdata)
    UARTPrescTable                           0x08007fa4   Data          24  stm32h7xx_hal_uart.o(.constdata)
    USARTPrescTable                          0x08007fbc   Data          24  stm32h7xx_hal_uart.o(.constdata)
    .constdata                               0x08007fd4   Section       64  system_stm32h7xx.o(.constdata)
    UARTPrescTable                           0x08007fd4   Data          24  system_stm32h7xx.o(.constdata)
    USARTPrescTable                          0x08007fec   Data          24  system_stm32h7xx.o(.constdata)
    .data                                    0x20000000   Section       30  bsp_timer.o(.data)
    s_TIM_CallBack1                          0x20000000   Data           4  bsp_timer.o(.data)
    s_TIM_CallBack2                          0x20000004   Data           4  bsp_timer.o(.data)
    s_TIM_CallBack3                          0x20000008   Data           4  bsp_timer.o(.data)
    s_TIM_CallBack4                          0x2000000c   Data           4  bsp_timer.o(.data)
    s_uiDelayCount                           0x20000010   Data           4  bsp_timer.o(.data)
    s_ucTimeOutFlag                          0x20000014   Data           1  bsp_timer.o(.data)
    g_ucEnableSystickISR                     0x2000001c   Data           1  bsp_timer.o(.data)
    s_count                                  0x2000001d   Data           1  bsp_timer.o(.data)
    .data                                    0x20000020   Section        4  bsp_fmc_io.o(.data)
    .data                                    0x20000024   Section       21  bsp_spi_bus.o(.data)
    s_BaudRatePrescaler                      0x2000002c   Data           4  bsp_spi_bus.o(.data)
    s_CLKPhase                               0x20000030   Data           4  bsp_spi_bus.o(.data)
    s_CLKPolarity                            0x20000034   Data           4  bsp_spi_bus.o(.data)
    .data                                    0x2000003c   Section        9  stm32h7xx_hal.o(.data)
    uwTick                                   0x2000003c   Data           4  stm32h7xx_hal.o(.data)
    uwTickPrio                               0x20000040   Data           4  stm32h7xx_hal.o(.data)
    uwTickFreq                               0x20000044   Data           1  stm32h7xx_hal.o(.data)
    .data                                    0x20000048   Section        8  system_stm32h7xx.o(.data)
    .data                                    0x20000050   Section        4  segger_hardfaulthandler.o(.data)
    _Continue                                0x20000050   Data           4  segger_hardfaulthandler.o(.data)
    .data                                    0x20000054   Section        4  stdout.o(.data)
    .bss                                     0x20000060   Section    17408  demo_qspi_nor.o(.bss)
    .bss                                     0x20004460   Section     4124  demo_spi_nand.o(.bss)
    s_spiBuf                                 0x2000447c   Data        4096  demo_spi_nand.o(.bss)
    .bss                                     0x2000547c   Section      173  bsp_key.o(.bss)
    s_tBtn                                   0x2000547c   Data         160  bsp_key.o(.bss)
    s_tKey                                   0x2000551c   Data          13  bsp_key.o(.bss)
    .bss                                     0x2000552c   Section       48  bsp_timer.o(.bss)
    s_tTmr                                   0x2000552c   Data          48  bsp_timer.o(.bss)
    .bss                                     0x2000555c   Section     2092  bsp_uart_fifo.o(.bss)
    g_tUart7                                 0x2000555c   Data          44  bsp_uart_fifo.o(.bss)
    g_TxBuf7                                 0x20005588   Data        1024  bsp_uart_fifo.o(.bss)
    g_RxBuf7                                 0x20005988   Data        1024  bsp_uart_fifo.o(.bss)
    .bss                                     0x20005d88   Section       76  bsp_qspi_w25q256.o(.bss)
    QSPIHandle                               0x20005d88   Data          76  bsp_qspi_w25q256.o(.bss)
    .bss                                     0x20005de0   Section     8576  bsp_spi_bus.o(.bss)
    hspi                                     0x20005de0   Data         136  bsp_spi_bus.o(.bss)
    hdma_tx                                  0x20005e68   Data         120  bsp_spi_bus.o(.bss)
    hdma_rx                                  0x20005ee0   Data         120  bsp_spi_bus.o(.bss)
    .bss                                     0x20007f60   Section       64  segger_hardfaulthandler.o(.bss)
    HardFaultRegs                            0x20007f60   Data          64  segger_hardfaulthandler.o(.bss)
    STACK                                    0x20007fa0   Section     4096  startup_stm32h743xx.o(STACK)

    Global Symbols

    Symbol Name                              Value     Ov Type        Size  Object(Section)

    BuildAttributes$$THM_ISAv4$E$P$D$K$B$S$7EM$VFPv5_D16$PE$PLD8$A:L22UL41UL21$X:L11$S22US41US21$IEEE1$IW$USESV6$~STKCKD$USESV7$~SHL$OSPACE$ROPI$EBA8$MICROLIB$REQ8$PRES8$EABIv2 0x00000000   Number         0  anon$$obj.o ABSOLUTE
    __ARM_use_no_argv                        0x00000000   Number         0  main.o ABSOLUTE
    _printf_a                                0x00000000   Number         0  stubs.o ABSOLUTE
    _printf_c                                0x00000000   Number         0  stubs.o ABSOLUTE
    _printf_charcount                        0x00000000   Number         0  stubs.o ABSOLUTE
    _printf_d                                0x00000000   Number         0  stubs.o ABSOLUTE
    _printf_e                                0x00000000   Number         0  stubs.o ABSOLUTE
    _printf_f                                0x00000000   Number         0  stubs.o ABSOLUTE
    _printf_flags                            0x00000000   Number         0  stubs.o ABSOLUTE
    _printf_fp_dec                           0x00000000   Number         0  stubs.o ABSOLUTE
    _printf_fp_hex                           0x00000000   Number         0  stubs.o ABSOLUTE
    _printf_g                                0x00000000   Number         0  stubs.o ABSOLUTE
    _printf_i                                0x00000000   Number         0  stubs.o ABSOLUTE
    _printf_int_dec                          0x00000000   Number         0  stubs.o ABSOLUTE
    _printf_l                                0x00000000   Number         0  stubs.o ABSOLUTE
    _printf_lc                               0x00000000   Number         0  stubs.o ABSOLUTE
    _printf_ll                               0x00000000   Number         0  stubs.o ABSOLUTE
    _printf_lld                              0x00000000   Number         0  stubs.o ABSOLUTE
    _printf_lli                              0x00000000   Number         0  stubs.o ABSOLUTE
    _printf_llo                              0x00000000   Number         0  stubs.o ABSOLUTE
    _printf_llu                              0x00000000   Number         0  stubs.o ABSOLUTE
    _printf_llx                              0x00000000   Number         0  stubs.o ABSOLUTE
    _printf_longlong_dec                     0x00000000   Number         0  stubs.o ABSOLUTE
    _printf_longlong_hex                     0x00000000   Number         0  stubs.o ABSOLUTE
    _printf_longlong_oct                     0x00000000   Number         0  stubs.o ABSOLUTE
    _printf_ls                               0x00000000   Number         0  stubs.o ABSOLUTE
    _printf_mbtowc                           0x00000000   Number         0  stubs.o ABSOLUTE
    _printf_n                                0x00000000   Number         0  stubs.o ABSOLUTE
    _printf_o                                0x00000000   Number         0  stubs.o ABSOLUTE
    _printf_p                                0x00000000   Number         0  stubs.o ABSOLUTE
    _printf_percent                          0x00000000   Number         0  stubs.o ABSOLUTE
    _printf_pre_padding                      0x00000000   Number         0  stubs.o ABSOLUTE
    _printf_return_value                     0x00000000   Number         0  stubs.o ABSOLUTE
    _printf_s                                0x00000000   Number         0  stubs.o ABSOLUTE
    _printf_sizespec                         0x00000000   Number         0  stubs.o ABSOLUTE
    _printf_str                              0x00000000   Number         0  stubs.o ABSOLUTE
    _printf_truncate_signed                  0x00000000   Number         0  stubs.o ABSOLUTE
    _printf_truncate_unsigned                0x00000000   Number         0  stubs.o ABSOLUTE
    _printf_u                                0x00000000   Number         0  stubs.o ABSOLUTE
    _printf_wc                               0x00000000   Number         0  stubs.o ABSOLUTE
    _printf_wctomb                           0x00000000   Number         0  stubs.o ABSOLUTE
    _printf_widthprec                        0x00000000   Number         0  stubs.o ABSOLUTE
    _printf_x                                0x00000000   Number         0  stubs.o ABSOLUTE
    __arm_fini_                               - Undefined Weak Reference
    __cpp_initialize__aeabi_                  - Undefined Weak Reference
    __cxa_finalize                            - Undefined Weak Reference
    __decompress                              - Undefined Weak Reference
    _clock_init                               - Undefined Weak Reference
    _microlib_exit                            - Undefined Weak Reference
    __Vectors_Size                           0x00000298   Number         0  startup_stm32h743xx.o ABSOLUTE
    __Vectors                                0x08000000   Data           4  startup_stm32h743xx.o(RESET)
    __Vectors_End                            0x08000298   Data           0  startup_stm32h743xx.o(RESET)
    __main                                   0x08000299   Thumb Code     0  entry.o(.ARM.Collect$$$$00000000)
    _main_stk                                0x08000299   Thumb Code     0  entry2.o(.ARM.Collect$$$$00000001)
    _main_scatterload                        0x0800029d   Thumb Code     0  entry5.o(.ARM.Collect$$$$00000004)
    __main_after_scatterload                 0x080002a1   Thumb Code     0  entry5.o(.ARM.Collect$$$$00000004)
    _main_clock                              0x080002a1   Thumb Code     0  entry7b.o(.ARM.Collect$$$$00000008)
    _main_cpp_init                           0x080002a1   Thumb Code     0  entry8b.o(.ARM.Collect$$$$0000000A)
    _main_init                               0x080002a1   Thumb Code     0  entry9a.o(.ARM.Collect$$$$0000000B)
    __rt_lib_shutdown_fini                   0x080002a9   Thumb Code     0  entry12b.o(.ARM.Collect$$$$0000000E)
    __rt_final_cpp                           0x080002ad   Thumb Code     0  entry10a.o(.ARM.Collect$$$$0000000F)
    __rt_final_exit                          0x080002ad   Thumb Code     0  entry11a.o(.ARM.Collect$$$$00000011)
    Reset_Handler                            0x080002b1   Thumb Code     8  startup_stm32h743xx.o(.text)
    ADC3_IRQHandler                          0x080002cb   Thumb Code     0  startup_stm32h743xx.o(.text)
    ADC_IRQHandler                           0x080002cb   Thumb Code     0  startup_stm32h743xx.o(.text)
    BDMA_Channel0_IRQHandler                 0x080002cb   Thumb Code     0  startup_stm32h743xx.o(.text)
    BDMA_Channel1_IRQHandler                 0x080002cb   Thumb Code     0  startup_stm32h743xx.o(.text)
    BDMA_Channel2_IRQHandler                 0x080002cb   Thumb Code     0  startup_stm32h743xx.o(.text)
    BDMA_Channel3_IRQHandler                 0x080002cb   Thumb Code     0  startup_stm32h743xx.o(.text)
    BDMA_Channel4_IRQHandler                 0x080002cb   Thumb Code     0  startup_stm32h743xx.o(.text)
    BDMA_Channel5_IRQHandler                 0x080002cb   Thumb Code     0  startup_stm32h743xx.o(.text)
    BDMA_Channel6_IRQHandler                 0x080002cb   Thumb Code     0  startup_stm32h743xx.o(.text)
    BDMA_Channel7_IRQHandler                 0x080002cb   Thumb Code     0  startup_stm32h743xx.o(.text)
    CEC_IRQHandler                           0x080002cb   Thumb Code     0  startup_stm32h743xx.o(.text)
    COMP1_IRQHandler                         0x080002cb   Thumb Code     0  startup_stm32h743xx.o(.text)
    CRS_IRQHandler                           0x080002cb   Thumb Code     0  startup_stm32h743xx.o(.text)
    DCMI_IRQHandler                          0x080002cb   Thumb Code     0  startup_stm32h743xx.o(.text)
    DFSDM1_FLT0_IRQHandler                   0x080002cb   Thumb Code     0  startup_stm32h743xx.o(.text)
    DFSDM1_FLT1_IRQHandler                   0x080002cb   Thumb Code     0  startup_stm32h743xx.o(.text)
    DFSDM1_FLT2_IRQHandler                   0x080002cb   Thumb Code     0  startup_stm32h743xx.o(.text)
    DFSDM1_FLT3_IRQHandler                   0x080002cb   Thumb Code     0  startup_stm32h743xx.o(.text)
    DMA1_Stream0_IRQHandler                  0x080002cb   Thumb Code     0  startup_stm32h743xx.o(.text)
    DMA1_Stream1_IRQHandler                  0x080002cb   Thumb Code     0  startup_stm32h743xx.o(.text)
    DMA1_Stream2_IRQHandler                  0x080002cb   Thumb Code     0  startup_stm32h743xx.o(.text)
    DMA1_Stream3_IRQHandler                  0x080002cb   Thumb Code     0  startup_stm32h743xx.o(.text)
    DMA1_Stream4_IRQHandler                  0x080002cb   Thumb Code     0  startup_stm32h743xx.o(.text)
    DMA1_Stream5_IRQHandler                  0x080002cb   Thumb Code     0  startup_stm32h743xx.o(.text)
    DMA1_Stream6_IRQHandler                  0x080002cb   Thumb Code     0  startup_stm32h743xx.o(.text)
    DMA1_Stream7_IRQHandler                  0x080002cb   Thumb Code     0  startup_stm32h743xx.o(.text)
    DMA2D_IRQHandler                         0x080002cb   Thumb Code     0  startup_stm32h743xx.o(.text)
    DMA2_Stream0_IRQHandler                  0x080002cb   Thumb Code     0  startup_stm32h743xx.o(.text)
    DMA2_Stream1_IRQHandler                  0x080002cb   Thumb Code     0  startup_stm32h743xx.o(.text)
    DMA2_Stream2_IRQHandler                  0x080002cb   Thumb Code     0  startup_stm32h743xx.o(.text)
    DMA2_Stream3_IRQHandler                  0x080002cb   Thumb Code     0  startup_stm32h743xx.o(.text)
    DMA2_Stream4_IRQHandler                  0x080002cb   Thumb Code     0  startup_stm32h743xx.o(.text)
    DMA2_Stream5_IRQHandler                  0x080002cb   Thumb Code     0  startup_stm32h743xx.o(.text)
    DMA2_Stream6_IRQHandler                  0x080002cb   Thumb Code     0  startup_stm32h743xx.o(.text)
    DMA2_Stream7_IRQHandler                  0x080002cb   Thumb Code     0  startup_stm32h743xx.o(.text)
    DMAMUX1_OVR_IRQHandler                   0x080002cb   Thumb Code     0  startup_stm32h743xx.o(.text)
    DMAMUX2_OVR_IRQHandler                   0x080002cb   Thumb Code     0  startup_stm32h743xx.o(.text)
    ETH_IRQHandler                           0x080002cb   Thumb Code     0  startup_stm32h743xx.o(.text)
    ETH_WKUP_IRQHandler                      0x080002cb   Thumb Code     0  startup_stm32h743xx.o(.text)
    EXTI0_IRQHandler                         0x080002cb   Thumb Code     0  startup_stm32h743xx.o(.text)
    EXTI15_10_IRQHandler                     0x080002cb   Thumb Code     0  startup_stm32h743xx.o(.text)
    EXTI1_IRQHandler                         0x080002cb   Thumb Code     0  startup_stm32h743xx.o(.text)
    EXTI2_IRQHandler                         0x080002cb   Thumb Code     0  startup_stm32h743xx.o(.text)
    EXTI3_IRQHandler                         0x080002cb   Thumb Code     0  startup_stm32h743xx.o(.text)
    EXTI4_IRQHandler                         0x080002cb   Thumb Code     0  startup_stm32h743xx.o(.text)
    EXTI9_5_IRQHandler                       0x080002cb   Thumb Code     0  startup_stm32h743xx.o(.text)
    FDCAN1_IT0_IRQHandler                    0x080002cb   Thumb Code     0  startup_stm32h743xx.o(.text)
    FDCAN1_IT1_IRQHandler                    0x080002cb   Thumb Code     0  startup_stm32h743xx.o(.text)
    FDCAN2_IT0_IRQHandler                    0x080002cb   Thumb Code     0  startup_stm32h743xx.o(.text)
    FDCAN2_IT1_IRQHandler                    0x080002cb   Thumb Code     0  startup_stm32h743xx.o(.text)
    FDCAN_CAL_IRQHandler                     0x080002cb   Thumb Code     0  startup_stm32h743xx.o(.text)
    FLASH_IRQHandler                         0x080002cb   Thumb Code     0  startup_stm32h743xx.o(.text)
    FMC_IRQHandler                           0x080002cb   Thumb Code     0  startup_stm32h743xx.o(.text)
    FPU_IRQHandler                           0x080002cb   Thumb Code     0  startup_stm32h743xx.o(.text)
    HRTIM1_FLT_IRQHandler                    0x080002cb   Thumb Code     0  startup_stm32h743xx.o(.text)
    HRTIM1_Master_IRQHandler                 0x080002cb   Thumb Code     0  startup_stm32h743xx.o(.text)
    HRTIM1_TIMA_IRQHandler                   0x080002cb   Thumb Code     0  startup_stm32h743xx.o(.text)
    HRTIM1_TIMB_IRQHandler                   0x080002cb   Thumb Code     0  startup_stm32h743xx.o(.text)
    HRTIM1_TIMC_IRQHandler                   0x080002cb   Thumb Code     0  startup_stm32h743xx.o(.text)
    HRTIM1_TIMD_IRQHandler                   0x080002cb   Thumb Code     0  startup_stm32h743xx.o(.text)
    HRTIM1_TIME_IRQHandler                   0x080002cb   Thumb Code     0  startup_stm32h743xx.o(.text)
    HSEM1_IRQHandler                         0x080002cb   Thumb Code     0  startup_stm32h743xx.o(.text)
    I2C1_ER_IRQHandler                       0x080002cb   Thumb Code     0  startup_stm32h743xx.o(.text)
    I2C1_EV_IRQHandler                       0x080002cb   Thumb Code     0  startup_stm32h743xx.o(.text)
    I2C2_ER_IRQHandler                       0x080002cb   Thumb Code     0  startup_stm32h743xx.o(.text)
    I2C2_EV_IRQHandler                       0x080002cb   Thumb Code     0  startup_stm32h743xx.o(.text)
    I2C3_ER_IRQHandler                       0x080002cb   Thumb Code     0  startup_stm32h743xx.o(.text)
    I2C3_EV_IRQHandler                       0x080002cb   Thumb Code     0  startup_stm32h743xx.o(.text)
    I2C4_ER_IRQHandler                       0x080002cb   Thumb Code     0  startup_stm32h743xx.o(.text)
    I2C4_EV_IRQHandler                       0x080002cb   Thumb Code     0  startup_stm32h743xx.o(.text)
    JPEG_IRQHandler                          0x080002cb   Thumb Code     0  startup_stm32h743xx.o(.text)
    LPTIM1_IRQHandler                        0x080002cb   Thumb Code     0  startup_stm32h743xx.o(.text)
    LPTIM2_IRQHandler                        0x080002cb   Thumb Code     0  startup_stm32h743xx.o(.text)
    LPTIM3_IRQHandler                        0x080002cb   Thumb Code     0  startup_stm32h743xx.o(.text)
    LPTIM4_IRQHandler                        0x080002cb   Thumb Code     0  startup_stm32h743xx.o(.text)
    LPTIM5_IRQHandler                        0x080002cb   Thumb Code     0  startup_stm32h743xx.o(.text)
    LPUART1_IRQHandler                       0x080002cb   Thumb Code     0  startup_stm32h743xx.o(.text)
    LTDC_ER_IRQHandler                       0x080002cb   Thumb Code     0  startup_stm32h743xx.o(.text)
    LTDC_IRQHandler                          0x080002cb   Thumb Code     0  startup_stm32h743xx.o(.text)
    MDIOS_IRQHandler                         0x080002cb   Thumb Code     0  startup_stm32h743xx.o(.text)
    MDIOS_WKUP_IRQHandler                    0x080002cb   Thumb Code     0  startup_stm32h743xx.o(.text)
    MDMA_IRQHandler                          0x080002cb   Thumb Code     0  startup_stm32h743xx.o(.text)
    OTG_FS_EP1_IN_IRQHandler                 0x080002cb   Thumb Code     0  startup_stm32h743xx.o(.text)
    OTG_FS_EP1_OUT_IRQHandler                0x080002cb   Thumb Code     0  startup_stm32h743xx.o(.text)
    OTG_FS_IRQHandler                        0x080002cb   Thumb Code     0  startup_stm32h743xx.o(.text)
    OTG_FS_WKUP_IRQHandler                   0x080002cb   Thumb Code     0  startup_stm32h743xx.o(.text)
    OTG_HS_EP1_IN_IRQHandler                 0x080002cb   Thumb Code     0  startup_stm32h743xx.o(.text)
    OTG_HS_EP1_OUT_IRQHandler                0x080002cb   Thumb Code     0  startup_stm32h743xx.o(.text)
    OTG_HS_IRQHandler                        0x080002cb   Thumb Code     0  startup_stm32h743xx.o(.text)
    OTG_HS_WKUP_IRQHandler                   0x080002cb   Thumb Code     0  startup_stm32h743xx.o(.text)
    PVD_AVD_IRQHandler                       0x080002cb   Thumb Code     0  startup_stm32h743xx.o(.text)
    QUADSPI_IRQHandler                       0x080002cb   Thumb Code     0  startup_stm32h743xx.o(.text)
    RCC_IRQHandler                           0x080002cb   Thumb Code     0  startup_stm32h743xx.o(.text)
    RNG_IRQHandler                           0x080002cb   Thumb Code     0  startup_stm32h743xx.o(.text)
    RTC_Alarm_IRQHandler                     0x080002cb   Thumb Code     0  startup_stm32h743xx.o(.text)
    RTC_WKUP_IRQHandler                      0x080002cb   Thumb Code     0  startup_stm32h743xx.o(.text)
    SAI1_IRQHandler                          0x080002cb   Thumb Code     0  startup_stm32h743xx.o(.text)
    SAI2_IRQHandler                          0x080002cb   Thumb Code     0  startup_stm32h743xx.o(.text)
    SAI3_IRQHandler                          0x080002cb   Thumb Code     0  startup_stm32h743xx.o(.text)
    SAI4_IRQHandler                          0x080002cb   Thumb Code     0  startup_stm32h743xx.o(.text)
    SDMMC1_IRQHandler                        0x080002cb   Thumb Code     0  startup_stm32h743xx.o(.text)
    SDMMC2_IRQHandler                        0x080002cb   Thumb Code     0  startup_stm32h743xx.o(.text)
    SPDIF_RX_IRQHandler                      0x080002cb   Thumb Code     0  startup_stm32h743xx.o(.text)
    SPI1_IRQHandler                          0x080002cb   Thumb Code     0  startup_stm32h743xx.o(.text)
    SPI2_IRQHandler                          0x080002cb   Thumb Code     0  startup_stm32h743xx.o(.text)
    SPI3_IRQHandler                          0x080002cb   Thumb Code     0  startup_stm32h743xx.o(.text)
    SPI4_IRQHandler                          0x080002cb   Thumb Code     0  startup_stm32h743xx.o(.text)
    SPI5_IRQHandler                          0x080002cb   Thumb Code     0  startup_stm32h743xx.o(.text)
    SPI6_IRQHandler                          0x080002cb   Thumb Code     0  startup_stm32h743xx.o(.text)
    SWPMI1_IRQHandler                        0x080002cb   Thumb Code     0  startup_stm32h743xx.o(.text)
    TAMP_STAMP_IRQHandler                    0x080002cb   Thumb Code     0  startup_stm32h743xx.o(.text)
    TIM15_IRQHandler                         0x080002cb   Thumb Code     0  startup_stm32h743xx.o(.text)
    TIM16_IRQHandler                         0x080002cb   Thumb Code     0  startup_stm32h743xx.o(.text)
    TIM17_IRQHandler                         0x080002cb   Thumb Code     0  startup_stm32h743xx.o(.text)
    TIM1_BRK_IRQHandler                      0x080002cb   Thumb Code     0  startup_stm32h743xx.o(.text)
    TIM1_CC_IRQHandler                       0x080002cb   Thumb Code     0  startup_stm32h743xx.o(.text)
    TIM1_TRG_COM_IRQHandler                  0x080002cb   Thumb Code     0  startup_stm32h743xx.o(.text)
    TIM1_UP_IRQHandler                       0x080002cb   Thumb Code     0  startup_stm32h743xx.o(.text)
    TIM3_IRQHandler                          0x080002cb   Thumb Code     0  startup_stm32h743xx.o(.text)
    TIM4_IRQHandler                          0x080002cb   Thumb Code     0  startup_stm32h743xx.o(.text)
    TIM5_IRQHandler                          0x080002cb   Thumb Code     0  startup_stm32h743xx.o(.text)
    TIM6_DAC_IRQHandler                      0x080002cb   Thumb Code     0  startup_stm32h743xx.o(.text)
    TIM7_IRQHandler                          0x080002cb   Thumb Code     0  startup_stm32h743xx.o(.text)
    TIM8_BRK_TIM12_IRQHandler                0x080002cb   Thumb Code     0  startup_stm32h743xx.o(.text)
    TIM8_CC_IRQHandler                       0x080002cb   Thumb Code     0  startup_stm32h743xx.o(.text)
    TIM8_TRG_COM_TIM14_IRQHandler            0x080002cb   Thumb Code     0  startup_stm32h743xx.o(.text)
    TIM8_UP_TIM13_IRQHandler                 0x080002cb   Thumb Code     0  startup_stm32h743xx.o(.text)
    UART4_IRQHandler                         0x080002cb   Thumb Code     0  startup_stm32h743xx.o(.text)
    UART5_IRQHandler                         0x080002cb   Thumb Code     0  startup_stm32h743xx.o(.text)
    UART8_IRQHandler                         0x080002cb   Thumb Code     0  startup_stm32h743xx.o(.text)
    USART1_IRQHandler                        0x080002cb   Thumb Code     0  startup_stm32h743xx.o(.text)
    USART2_IRQHandler                        0x080002cb   Thumb Code     0  startup_stm32h743xx.o(.text)
    USART3_IRQHandler                        0x080002cb   Thumb Code     0  startup_stm32h743xx.o(.text)
    USART6_IRQHandler                        0x080002cb   Thumb Code     0  startup_stm32h743xx.o(.text)
    WAKEUP_PIN_IRQHandler                    0x080002cb   Thumb Code     0  startup_stm32h743xx.o(.text)
    WWDG_IRQHandler                          0x080002cb   Thumb Code     0  startup_stm32h743xx.o(.text)
    __aeabi_uldivmod                         0x080002d5   Thumb Code    98  uldiv.o(.text)
    __aeabi_memcpy                           0x08000337   Thumb Code    36  memcpya.o(.text)
    __aeabi_memcpy4                          0x08000337   Thumb Code     0  memcpya.o(.text)
    __aeabi_memcpy8                          0x08000337   Thumb Code     0  memcpya.o(.text)
    __aeabi_memset                           0x0800035b   Thumb Code    14  memseta.o(.text)
    __aeabi_memset4                          0x0800035b   Thumb Code     0  memseta.o(.text)
    __aeabi_memset8                          0x0800035b   Thumb Code     0  memseta.o(.text)
    __aeabi_memclr                           0x08000369   Thumb Code     4  memseta.o(.text)
    __aeabi_memclr4                          0x08000369   Thumb Code     0  memseta.o(.text)
    __aeabi_memclr8                          0x08000369   Thumb Code     0  memseta.o(.text)
    _memset$wrapper                          0x0800036d   Thumb Code    18  memseta.o(.text)
    strcpy                                   0x0800037f   Thumb Code    18  strcpy.o(.text)
    __aeabi_llsl                             0x08000391   Thumb Code    30  llshl.o(.text)
    _ll_shift_l                              0x08000391   Thumb Code     0  llshl.o(.text)
    __aeabi_llsr                             0x080003af   Thumb Code    32  llushr.o(.text)
    _ll_ushift_r                             0x080003af   Thumb Code     0  llushr.o(.text)
    __scatterload                            0x080003d1   Thumb Code    28  init.o(.text)
    __scatterload_rt2                        0x080003d1   Thumb Code     0  init.o(.text)
    HardFault_Handler                        0x080003f5   Thumb Code     0  hardfaulthandler.o(OSKERNEL)
    BusFault_Handler                         0x08000407   Thumb Code     4  stm32h7xx_it.o(i.BusFault_Handler)
    DebugMon_Handler                         0x08000417   Thumb Code     2  stm32h7xx_it.o(i.DebugMon_Handler)
    DemoFmcSDRAM                             0x08000419   Thumb Code    44  demo_fmc_sdram.o(i.DemoFmcSDRAM)
    DemoI2CEEPROM                            0x0800047d   Thumb Code   214  demo_i2c_eeprom.o(i.DemoI2CEEPROM)
    DemoQSPINOR                              0x0800064d   Thumb Code    78  demo_qspi_nor.o(i.DemoQSPINOR)
    DemoSPINAND                              0x080007c9   Thumb Code   226  demo_spi_nand.o(i.DemoSPINAND)
    Error_Handler                            0x080009bd   Thumb Code     8  bsp.o(i.Error_Handler)
    FMC_NORSRAM_Extended_Timing_Init         0x080009c5   Thumb Code    66  stm32h7xx_ll_fmc.o(i.FMC_NORSRAM_Extended_Timing_Init)
    FMC_NORSRAM_Init                         0x08000a0d   Thumb Code   124  stm32h7xx_ll_fmc.o(i.FMC_NORSRAM_Init)
    FMC_NORSRAM_Timing_Init                  0x08000a8d   Thumb Code    94  stm32h7xx_ll_fmc.o(i.FMC_NORSRAM_Timing_Init)
    FMC_SDRAM_Init                           0x08000aeb   Thumb Code   116  stm32h7xx_ll_fmc.o(i.FMC_SDRAM_Init)
    FMC_SDRAM_ProgramRefreshRate             0x08000b5f   Thumb Code    14  stm32h7xx_ll_fmc.o(i.FMC_SDRAM_ProgramRefreshRate)
    FMC_SDRAM_SendCommand                    0x08000b6d   Thumb Code    38  stm32h7xx_ll_fmc.o(i.FMC_SDRAM_SendCommand)
    FMC_SDRAM_Timing_Init                    0x08000b95   Thumb Code   152  stm32h7xx_ll_fmc.o(i.FMC_SDRAM_Timing_Init)
    HAL_Delay                                0x08000c31   Thumb Code    36  stm32h7xx_hal.o(i.HAL_Delay)
    HAL_EnableCompensationCell               0x08000c59   Thumb Code    14  stm32h7xx_hal.o(i.HAL_EnableCompensationCell)
    HAL_GPIO_DeInit                          0x08000c6d   Thumb Code   338  stm32h7xx_hal_gpio.o(i.HAL_GPIO_DeInit)
    HAL_GPIO_Init                            0x08000df1   Thumb Code   534  stm32h7xx_hal_gpio.o(i.HAL_GPIO_Init)
    HAL_GetTick                              0x0800103d   Thumb Code     6  stm32h7xx_hal.o(i.HAL_GetTick)
    HAL_IncTick                              0x08001049   Thumb Code    16  stm32h7xx_hal.o(i.HAL_IncTick)
    HAL_Init                                 0x08001061   Thumb Code    28  stm32h7xx_hal.o(i.HAL_Init)
    HAL_InitTick                             0x0800107d   Thumb Code    64  stm32h7xx_hal.o(i.HAL_InitTick)
    HAL_MPU_ConfigRegion                     0x080010c9   Thumb Code    88  stm32h7xx_hal_cortex.o(i.HAL_MPU_ConfigRegion)
    HAL_MPU_Disable                          0x08001125   Thumb Code    38  stm32h7xx_hal_cortex.o(i.HAL_MPU_Disable)
    HAL_MPU_Enable                           0x08001151   Thumb Code    58  stm32h7xx_hal_cortex.o(i.HAL_MPU_Enable)
    HAL_MspInit                              0x08001191   Thumb Code     2  stm32h7xx_hal.o(i.HAL_MspInit)
    HAL_NVIC_EnableIRQ                       0x08001193   Thumb Code    32  stm32h7xx_hal_cortex.o(i.HAL_NVIC_EnableIRQ)
    HAL_NVIC_SetPriority                     0x080011b3   Thumb Code   122  stm32h7xx_hal_cortex.o(i.HAL_NVIC_SetPriority)
    HAL_NVIC_SetPriorityGrouping             0x0800122d   Thumb Code    32  stm32h7xx_hal_cortex.o(i.HAL_NVIC_SetPriorityGrouping)
    HAL_QSPI_AutoPolling                     0x08001255   Thumb Code   212  stm32h7xx_hal_qspi.o(i.HAL_QSPI_AutoPolling)
    HAL_QSPI_Command                         0x08001329   Thumb Code   166  stm32h7xx_hal_qspi.o(i.HAL_QSPI_Command)
    HAL_QSPI_DeInit                          0x080013cf   Thumb Code    70  stm32h7xx_hal_qspi.o(i.HAL_QSPI_DeInit)
    HAL_QSPI_Init                            0x08001415   Thumb Code   244  stm32h7xx_hal_qspi.o(i.HAL_QSPI_Init)
    HAL_QSPI_MspDeInit                       0x08001511   Thumb Code    98  bsp_qspi_w25q256.o(i.HAL_QSPI_MspDeInit)
    HAL_QSPI_MspInit                         0x08001581   Thumb Code   344  bsp_qspi_w25q256.o(i.HAL_QSPI_MspInit)
    HAL_QSPI_Receive                         0x080016e5   Thumb Code   226  stm32h7xx_hal_qspi.o(i.HAL_QSPI_Receive)
    HAL_QSPI_SetTimeout                      0x080017c7   Thumb Code     4  stm32h7xx_hal_qspi.o(i.HAL_QSPI_SetTimeout)
    HAL_QSPI_Transmit                        0x080017cb   Thumb Code   210  stm32h7xx_hal_qspi.o(i.HAL_QSPI_Transmit)
    HAL_RCCEx_GetD1SysClockFreq              0x0800189d   Thumb Code    44  stm32h7xx_hal_rcc_ex.o(i.HAL_RCCEx_GetD1SysClockFreq)
    HAL_RCCEx_GetD3PCLK1Freq                 0x080018d5   Thumb Code    34  stm32h7xx_hal_rcc_ex.o(i.HAL_RCCEx_GetD3PCLK1Freq)
    HAL_RCCEx_GetPLL2ClockFreq               0x08001901   Thumb Code   532  stm32h7xx_hal_rcc_ex.o(i.HAL_RCCEx_GetPLL2ClockFreq)
    HAL_RCCEx_GetPLL3ClockFreq               0x08001b2d   Thumb Code   532  stm32h7xx_hal_rcc_ex.o(i.HAL_RCCEx_GetPLL3ClockFreq)
    HAL_RCCEx_PeriphCLKConfig                0x08001d59   Thumb Code  2868  stm32h7xx_hal_rcc_ex.o(i.HAL_RCCEx_PeriphCLKConfig)
    HAL_RCC_ClockConfig                      0x08002891   Thumb Code   574  stm32h7xx_hal_rcc.o(i.HAL_RCC_ClockConfig)
    HAL_RCC_GetHCLKFreq                      0x08002ae1   Thumb Code    42  stm32h7xx_hal_rcc.o(i.HAL_RCC_GetHCLKFreq)
    HAL_RCC_GetPCLK1Freq                     0x08002b19   Thumb Code    34  stm32h7xx_hal_rcc.o(i.HAL_RCC_GetPCLK1Freq)
    HAL_RCC_GetPCLK2Freq                     0x08002b45   Thumb Code    36  stm32h7xx_hal_rcc.o(i.HAL_RCC_GetPCLK2Freq)
    HAL_RCC_GetSysClockFreq                  0x08002b71   Thumb Code   556  stm32h7xx_hal_rcc.o(i.HAL_RCC_GetSysClockFreq)
    HAL_RCC_OscConfig                        0x08002db5   Thumb Code  1724  stm32h7xx_hal_rcc.o(i.HAL_RCC_OscConfig)
    HAL_SDRAM_Init                           0x08003479   Thumb Code    76  stm32h7xx_hal_sdram.o(i.HAL_SDRAM_Init)
    HAL_SDRAM_MspInit                        0x080034c9   Thumb Code     2  stm32h7xx_hal_sdram.o(i.HAL_SDRAM_MspInit)
    HAL_SDRAM_ProgramRefreshRate             0x080034cb   Thumb Code    40  stm32h7xx_hal_sdram.o(i.HAL_SDRAM_ProgramRefreshRate)
    HAL_SDRAM_SendCommand                    0x080034f3   Thumb Code    58  stm32h7xx_hal_sdram.o(i.HAL_SDRAM_SendCommand)
    HAL_SPI_Init                             0x0800352d   Thumb Code   598  stm32h7xx_hal_spi.o(i.HAL_SPI_Init)
    HAL_SPI_MspInit                          0x08003791   Thumb Code   180  bsp_spi_bus.o(i.HAL_SPI_MspInit)
    HAL_SPI_TransmitReceive                  0x0800384d   Thumb Code   988  stm32h7xx_hal_spi.o(i.HAL_SPI_TransmitReceive)
    HAL_SRAM_Init                            0x08003c29   Thumb Code   100  stm32h7xx_hal_sram.o(i.HAL_SRAM_Init)
    HAL_SRAM_MspInit                         0x08003c91   Thumb Code     2  stm32h7xx_hal_sram.o(i.HAL_SRAM_MspInit)
    HAL_SYSTICK_Config                       0x08003c93   Thumb Code    52  stm32h7xx_hal_cortex.o(i.HAL_SYSTICK_Config)
    HAL_TIM_Base_Init                        0x08003cc7   Thumb Code    52  stm32h7xx_hal_tim.o(i.HAL_TIM_Base_Init)
    HAL_TIM_Base_MspInit                     0x08003cfb   Thumb Code     2  stm32h7xx_hal_tim.o(i.HAL_TIM_Base_MspInit)
    HAL_TIM_Base_Start                       0x08003cfd   Thumb Code    30  stm32h7xx_hal_tim.o(i.HAL_TIM_Base_Start)
    HAL_UART_Init                            0x08003d1b   Thumb Code   120  stm32h7xx_hal_uart.o(i.HAL_UART_Init)
    HAL_UART_MspInit                         0x08003d93   Thumb Code     2  stm32h7xx_hal_uart.o(i.HAL_UART_MspInit)
    HC574_SetPin                             0x08003f4d   Thumb Code    34  bsp_fmc_io.o(i.HC574_SetPin)
    HardFaultHandler                         0x08003f79   Thumb Code   202  segger_hardfaulthandler.o(i.HardFaultHandler)
    MemManage_Handler                        0x080042f7   Thumb Code     4  stm32h7xx_it.o(i.MemManage_Handler)
    NMI_Handler                              0x080042fb   Thumb Code     2  stm32h7xx_it.o(i.NMI_Handler)
    PendSV_Handler                           0x080042fd   Thumb Code     2  stm32h7xx_it.o(i.PendSV_Handler)
    QSPI_EraseSector                         0x080047b1   Thumb Code    92  bsp_qspi_w25q256.o(i.QSPI_EraseSector)
    QSPI_ReadBuffer                          0x08004839   Thumb Code   112  bsp_qspi_w25q256.o(i.QSPI_ReadBuffer)
    QSPI_ReadID                              0x080048d5   Thumb Code   132  bsp_qspi_w25q256.o(i.QSPI_ReadID)
    QSPI_WriteBuffer                         0x080049d1   Thumb Code   134  bsp_qspi_w25q256.o(i.QSPI_WriteBuffer)
    RS485_InitTXE                            0x08004d5d   Thumb Code    60  bsp_uart_fifo.o(i.RS485_InitTXE)
    SVC_Handler                              0x08005371   Thumb Code     2  stm32h7xx_it.o(i.SVC_Handler)
    SysTick_Handler                          0x08005375   Thumb Code    22  bsp_timer.o(i.SysTick_Handler)
    SysTick_ISR                              0x08005391   Thumb Code   110  bsp_timer.o(i.SysTick_ISR)
    SystemInit                               0x08005525   Thumb Code   130  system_stm32h7xx.o(i.SystemInit)
    TIM2_IRQHandler                          0x080055b9   Thumb Code   164  bsp_timer.o(i.TIM2_IRQHandler)
    TIM_Base_SetConfig                       0x0800566d   Thumb Code   172  stm32h7xx_hal_tim.o(i.TIM_Base_SetConfig)
    UART7_IRQHandler                         0x08005739   Thumb Code    10  bsp_uart_fifo.o(i.UART7_IRQHandler)
    UART_AdvFeatureConfig                    0x08005749   Thumb Code   234  stm32h7xx_hal_uart.o(i.UART_AdvFeatureConfig)
    UART_CheckIdleState                      0x08005833   Thumb Code   116  stm32h7xx_hal_uart.o(i.UART_CheckIdleState)
    UART_SetConfig                           0x080058a9   Thumb Code  2452  stm32h7xx_hal_uart.o(i.UART_SetConfig)
    UART_WaitOnFlagUntilTimeout              0x0800624d   Thumb Code   108  stm32h7xx_hal_uart.o(i.UART_WaitOnFlagUntilTimeout)
    UsageFault_Handler                       0x08006475   Thumb Code     4  stm32h7xx_it.o(i.UsageFault_Handler)
    __0printf$8                              0x080065d5   Thumb Code    22  printf8.o(i.__0printf$8)
    __1printf$8                              0x080065d5   Thumb Code     0  printf8.o(i.__0printf$8)
    __2printf                                0x080065d5   Thumb Code     0  printf8.o(i.__0printf$8)
    __scatterload_copy                       0x0800662d   Thumb Code    14  handlers.o(i.__scatterload_copy)
    __scatterload_null                       0x0800663b   Thumb Code     2  handlers.o(i.__scatterload_null)
    __scatterload_zeroinit                   0x0800663d   Thumb Code    14  handlers.o(i.__scatterload_zeroinit)
    bsp_DelayUS                              0x08006aa9   Thumb Code    76  bsp_timer.o(i.bsp_DelayUS)
    bsp_GetRunTime                           0x08006bc9   Thumb Code    22  bsp_timer.o(i.bsp_GetRunTime)
    bsp_Idle                                 0x08006be5   Thumb Code     2  bsp.o(i.bsp_Idle)
    bsp_Init                                 0x08006be7   Thumb Code    60  bsp.o(i.bsp_Init)
    bsp_InitDWT                              0x08006c25   Thumb Code    30  bsp_dwt.o(i.bsp_InitDWT)
    bsp_InitExtIO                            0x08006c4d   Thumb Code    28  bsp_fmc_io.o(i.bsp_InitExtIO)
    bsp_InitExtSDRAM                         0x08006c71   Thumb Code   136  bsp_fmc_sdram.o(i.bsp_InitExtSDRAM)
    bsp_InitHardTimer                        0x08006d21   Thumb Code   182  bsp_timer.o(i.bsp_InitHardTimer)
    bsp_InitI2C                              0x08006e1d   Thumb Code    74  bsp_i2c_gpio.o(i.bsp_InitI2C)
    bsp_InitKey                              0x08006e71   Thumb Code    12  bsp_key.o(i.bsp_InitKey)
    bsp_InitLed                              0x08006fb5   Thumb Code    28  bsp_led.o(i.bsp_InitLed)
    bsp_InitQSPI_W25Q256                     0x08006fd1   Thumb Code    74  bsp_qspi_w25q256.o(i.bsp_InitQSPI_W25Q256)
    bsp_InitSFlash                           0x0800704d   Thumb Code    64  demo_spi_nand.o(i.bsp_InitSFlash)
    bsp_InitSPIBus                           0x08007095   Thumb Code    22  bsp_spi_bus.o(i.bsp_InitSPIBus)
    bsp_InitSPIParam                         0x080070b1   Thumb Code   128  bsp_spi_bus.o(i.bsp_InitSPIParam)
    bsp_InitTimer                            0x08007169   Thumb Code   146  bsp_timer.o(i.bsp_InitTimer)
    bsp_InitUart                             0x08007211   Thumb Code    16  bsp_uart_fifo.o(i.bsp_InitUart)
    bsp_KeyScan10ms                          0x08007221   Thumb Code    22  bsp_key.o(i.bsp_KeyScan10ms)
    bsp_LedOff                               0x08007237   Thumb Code    60  bsp_led.o(i.bsp_LedOff)
    bsp_PutKey                               0x08007275   Thumb Code    28  bsp_key.o(i.bsp_PutKey)
    bsp_RunPer10ms                           0x08007295   Thumb Code     8  bsp.o(i.bsp_RunPer10ms)
    bsp_RunPer1ms                            0x0800729d   Thumb Code     2  bsp.o(i.bsp_RunPer1ms)
    bsp_SetKeyParam                          0x080072a1   Thumb Code    30  bsp_key.o(i.bsp_SetKeyParam)
    bsp_SetUartParam                         0x080072c5   Thumb Code    66  bsp_uart_fifo.o(i.bsp_SetUartParam)
    bsp_SpiBusEnter                          0x08007349   Thumb Code     8  bsp_spi_bus.o(i.bsp_SpiBusEnter)
    bsp_SpiBusExit                           0x08007355   Thumb Code     8  bsp_spi_bus.o(i.bsp_SpiBusExit)
    bsp_TestExtSDRAM1                        0x08007361   Thumb Code   178  bsp_fmc_sdram.o(i.bsp_TestExtSDRAM1)
    bsp_spiTransfer                          0x08007419   Thumb Code    50  bsp_spi_bus.o(i.bsp_spiTransfer)
    ee_CheckOk                               0x08007485   Thumb Code    22  bsp_i2c_eeprom_24xx.o(i.ee_CheckOk)
    ee_ReadBytes                             0x0800749b   Thumb Code   126  bsp_i2c_eeprom_24xx.o(i.ee_ReadBytes)
    ee_WriteBytes                            0x08007519   Thumb Code   188  bsp_i2c_eeprom_24xx.o(i.ee_WriteBytes)
    fputc                                    0x080075d5   Thumb Code    22  bsp_uart_fifo.o(i.fputc)
    i2c_Ack                                  0x080075f1   Thumb Code    48  bsp_i2c_gpio.o(i.i2c_Ack)
    i2c_CheckDevice                          0x08007625   Thumb Code    52  bsp_i2c_gpio.o(i.i2c_CheckDevice)
    i2c_NAck                                 0x08007669   Thumb Code    36  bsp_i2c_gpio.o(i.i2c_NAck)
    i2c_ReadByte                             0x08007691   Thumb Code    62  bsp_i2c_gpio.o(i.i2c_ReadByte)
    i2c_SendByte                             0x080076d5   Thumb Code    78  bsp_i2c_gpio.o(i.i2c_SendByte)
    i2c_Start                                0x08007729   Thumb Code    42  bsp_i2c_gpio.o(i.i2c_Start)
    i2c_Stop                                 0x08007759   Thumb Code    38  bsp_i2c_gpio.o(i.i2c_Stop)
    i2c_WaitAck                              0x08007785   Thumb Code    56  bsp_i2c_gpio.o(i.i2c_WaitAck)
    main                                     0x080077c1   Thumb Code    30  main.o(i.main)
    sf_EraseSector                           0x08007a5d   Thumb Code   102  demo_spi_nand.o(i.sf_EraseSector)
    sf_PageWrite                             0x08007acd   Thumb Code   278  demo_spi_nand.o(i.sf_PageWrite)
    sf_ReadBuffer                            0x08007bed   Thumb Code   258  demo_spi_nand.o(i.sf_ReadBuffer)
    sf_ReadID                                0x08007d01   Thumb Code    62  demo_spi_nand.o(i.sf_ReadID)
    sf_ReadInfo                              0x08007d4d   Thumb Code   204  demo_spi_nand.o(i.sf_ReadInfo)
    sf_SetCS                                 0x08007e6d   Thumb Code    42  demo_spi_nand.o(i.sf_SetCS)
    D1CorePrescTable                         0x08008004   Data          16  system_stm32h7xx.o(.constdata)
    Region$$Table$$Base                      0x08008014   Number         0  anon$$obj.o(Region$$Table)
    Region$$Table$$Limit                     0x08008034   Number         0  anon$$obj.o(Region$$Table)
    g_iRunTime                               0x20000018   Data           4  bsp_timer.o(.data)
    g_HC574                                  0x20000020   Data           4  bsp_fmc_io.o(.data)
    g_spiLen                                 0x20000024   Data           4  bsp_spi_bus.o(.data)
    wTransferState                           0x20000028   Data           4  bsp_spi_bus.o(.data)
    g_spi_busy                               0x20000038   Data           1  bsp_spi_bus.o(.data)
    SystemCoreClock                          0x20000048   Data           4  system_stm32h7xx.o(.data)
    SystemD2Clock                            0x2000004c   Data           4  system_stm32h7xx.o(.data)
    __stdout                                 0x20000054   Data           4  stdout.o(.data)
    buf                                      0x20000060   Data        1024  demo_qspi_nor.o(.bss)
    SpeedTestbuf                             0x20000460   Data       16384  demo_qspi_nor.o(.bss)
    g_tSF                                    0x20004460   Data          28  demo_spi_nand.o(.bss)
    g_spiTxBuf                               0x20005f58   Data        4096  bsp_spi_bus.o(.bss)
    g_spiRxBuf                               0x20006f60   Data        4096  bsp_spi_bus.o(.bss)
    __initial_sp                             0x20008fa0   Data           0  startup_stm32h743xx.o(STACK)



==============================================================================

Memory Map of the image

  Image Entry point : 0x08000299

  Load Region LR_IROM1 (Base: 0x08000000, Size: 0x0000808c, Max: 0x00200000, ABSOLUTE)

    Execution Region ER_IROM1 (Exec base: 0x08000000, Load base: 0x08000000, Size: 0x00008034, Max: 0x00200000, ABSOLUTE)

    Exec Addr    Load Addr    Size         Type   Attr      Idx    E Section Name        Object

    0x08000000   0x08000000   0x00000298   Data   RO         1784    RESET               startup_stm32h743xx.o
    0x08000298   0x08000298   0x00000000   Code   RO         5846  * .ARM.Collect$$$$00000000  mc_w.l(entry.o)
    0x08000298   0x08000298   0x00000004   Code   RO         6124    .ARM.Collect$$$$00000001  mc_w.l(entry2.o)
    0x0800029c   0x0800029c   0x00000004   Code   RO         6127    .ARM.Collect$$$$00000004  mc_w.l(entry5.o)
    0x080002a0   0x080002a0   0x00000000   Code   RO         6129    .ARM.Collect$$$$00000008  mc_w.l(entry7b.o)
    0x080002a0   0x080002a0   0x00000000   Code   RO         6131    .ARM.Collect$$$$0000000A  mc_w.l(entry8b.o)
    0x080002a0   0x080002a0   0x00000008   Code   RO         6132    .ARM.Collect$$$$0000000B  mc_w.l(entry9a.o)
    0x080002a8   0x080002a8   0x00000004   Code   RO         6139    .ARM.Collect$$$$0000000E  mc_w.l(entry12b.o)
    0x080002ac   0x080002ac   0x00000000   Code   RO         6134    .ARM.Collect$$$$0000000F  mc_w.l(entry10a.o)
    0x080002ac   0x080002ac   0x00000000   Code   RO         6136    .ARM.Collect$$$$00000011  mc_w.l(entry11a.o)
    0x080002ac   0x080002ac   0x00000004   Code   RO         6125    .ARM.Collect$$$$00002712  mc_w.l(entry2.o)
    0x080002b0   0x080002b0   0x00000024   Code   RO         1785    .text               startup_stm32h743xx.o
    0x080002d4   0x080002d4   0x00000062   Code   RO         5849    .text               mc_w.l(uldiv.o)
    0x08000336   0x08000336   0x00000024   Code   RO         5851    .text               mc_w.l(memcpya.o)
    0x0800035a   0x0800035a   0x00000024   Code   RO         5853    .text               mc_w.l(memseta.o)
    0x0800037e   0x0800037e   0x00000012   Code   RO         5859    .text               mc_w.l(strcpy.o)
    0x08000390   0x08000390   0x0000001e   Code   RO         6143    .text               mc_w.l(llshl.o)
    0x080003ae   0x080003ae   0x00000020   Code   RO         6145    .text               mc_w.l(llushr.o)
    0x080003ce   0x080003ce   0x00000002   PAD
    0x080003d0   0x080003d0   0x00000024   Code   RO         6158    .text               mc_w.l(init.o)
    0x080003f4   0x080003f4   0x00000012   Code   RO         5815    OSKERNEL            hardfaulthandler.o
    0x08000406   0x08000406   0x00000004   Code   RO         1322    i.BusFault_Handler  stm32h7xx_it.o
    0x0800040a   0x0800040a   0x0000000c   Code   RO          632    i.CPU_CACHE_Enable  bsp.o
    0x08000416   0x08000416   0x00000002   Code   RO         1323    i.DebugMon_Handler  stm32h7xx_it.o
    0x08000418   0x08000418   0x00000064   Code   RO          380    i.DemoFmcSDRAM      demo_fmc_sdram.o
    0x0800047c   0x0800047c   0x000001d0   Code   RO          433    i.DemoI2CEEPROM     demo_i2c_eeprom.o
    0x0800064c   0x0800064c   0x0000017c   Code   RO          459    i.DemoQSPINOR       demo_qspi_nor.o
    0x080007c8   0x080007c8   0x000001f4   Code   RO          522    i.DemoSPINAND       demo_spi_nand.o
    0x080009bc   0x080009bc   0x00000008   Code   RO          633    i.Error_Handler     bsp.o
    0x080009c4   0x080009c4   0x00000048   Code   RO         3703    i.FMC_NORSRAM_Extended_Timing_Init  stm32h7xx_ll_fmc.o
    0x08000a0c   0x08000a0c   0x00000080   Code   RO         3704    i.FMC_NORSRAM_Init  stm32h7xx_ll_fmc.o
    0x08000a8c   0x08000a8c   0x0000005e   Code   RO         3705    i.FMC_NORSRAM_Timing_Init  stm32h7xx_ll_fmc.o
    0x08000aea   0x08000aea   0x00000074   Code   RO         3710    i.FMC_SDRAM_Init    stm32h7xx_ll_fmc.o
    0x08000b5e   0x08000b5e   0x0000000e   Code   RO         3711    i.FMC_SDRAM_ProgramRefreshRate  stm32h7xx_ll_fmc.o
    0x08000b6c   0x08000b6c   0x00000026   Code   RO         3712    i.FMC_SDRAM_SendCommand  stm32h7xx_ll_fmc.o
    0x08000b92   0x08000b92   0x00000002   PAD
    0x08000b94   0x08000b94   0x0000009c   Code   RO         3714    i.FMC_SDRAM_Timing_Init  stm32h7xx_ll_fmc.o
    0x08000c30   0x08000c30   0x00000028   Code   RO         1799    i.HAL_Delay         stm32h7xx_hal.o
    0x08000c58   0x08000c58   0x00000014   Code   RO         1808    i.HAL_EnableCompensationCell  stm32h7xx_hal.o
    0x08000c6c   0x08000c6c   0x00000184   Code   RO         2353    i.HAL_GPIO_DeInit   stm32h7xx_hal_gpio.o
    0x08000df0   0x08000df0   0x0000024c   Code   RO         2356    i.HAL_GPIO_Init     stm32h7xx_hal_gpio.o
    0x0800103c   0x0800103c   0x0000000c   Code   RO         1815    i.HAL_GetTick       stm32h7xx_hal.o
    0x08001048   0x08001048   0x00000018   Code   RO         1818    i.HAL_IncTick       stm32h7xx_hal.o
    0x08001060   0x08001060   0x0000001c   Code   RO         1819    i.HAL_Init          stm32h7xx_hal.o
    0x0800107c   0x0800107c   0x0000004c   Code   RO         1820    i.HAL_InitTick      stm32h7xx_hal.o
    0x080010c8   0x080010c8   0x0000005c   Code   RO         2108    i.HAL_MPU_ConfigRegion  stm32h7xx_hal_cortex.o
    0x08001124   0x08001124   0x0000002c   Code   RO         2109    i.HAL_MPU_Disable   stm32h7xx_hal_cortex.o
    0x08001150   0x08001150   0x00000040   Code   RO         2110    i.HAL_MPU_Enable    stm32h7xx_hal_cortex.o
    0x08001190   0x08001190   0x00000002   Code   RO         1822    i.HAL_MspInit       stm32h7xx_hal.o
    0x08001192   0x08001192   0x00000020   Code   RO         2113    i.HAL_NVIC_EnableIRQ  stm32h7xx_hal_cortex.o
    0x080011b2   0x080011b2   0x0000007a   Code   RO         2119    i.HAL_NVIC_SetPriority  stm32h7xx_hal_cortex.o
    0x0800122c   0x0800122c   0x00000028   Code   RO         2120    i.HAL_NVIC_SetPriorityGrouping  stm32h7xx_hal_cortex.o
    0x08001254   0x08001254   0x000000d4   Code   RO         4688    i.HAL_QSPI_AutoPolling  stm32h7xx_hal_qspi.o
    0x08001328   0x08001328   0x000000a6   Code   RO         4691    i.HAL_QSPI_Command  stm32h7xx_hal_qspi.o
    0x080013ce   0x080013ce   0x00000046   Code   RO         4693    i.HAL_QSPI_DeInit   stm32h7xx_hal_qspi.o
    0x08001414   0x08001414   0x000000fc   Code   RO         4700    i.HAL_QSPI_Init     stm32h7xx_hal_qspi.o
    0x08001510   0x08001510   0x00000070   Code   RO         1503    i.HAL_QSPI_MspDeInit  bsp_qspi_w25q256.o
    0x08001580   0x08001580   0x00000164   Code   RO         1504    i.HAL_QSPI_MspInit  bsp_qspi_w25q256.o
    0x080016e4   0x080016e4   0x000000e2   Code   RO         4704    i.HAL_QSPI_Receive  stm32h7xx_hal_qspi.o
    0x080017c6   0x080017c6   0x00000004   Code   RO         4710    i.HAL_QSPI_SetTimeout  stm32h7xx_hal_qspi.o
    0x080017ca   0x080017ca   0x000000d2   Code   RO         4713    i.HAL_QSPI_Transmit  stm32h7xx_hal_qspi.o
    0x0800189c   0x0800189c   0x00000038   Code   RO         2433    i.HAL_RCCEx_GetD1SysClockFreq  stm32h7xx_hal_rcc_ex.o
    0x080018d4   0x080018d4   0x0000002c   Code   RO         2434    i.HAL_RCCEx_GetD3PCLK1Freq  stm32h7xx_hal_rcc_ex.o
    0x08001900   0x08001900   0x0000022c   Code   RO         2436    i.HAL_RCCEx_GetPLL2ClockFreq  stm32h7xx_hal_rcc_ex.o
    0x08001b2c   0x08001b2c   0x0000022c   Code   RO         2437    i.HAL_RCCEx_GetPLL3ClockFreq  stm32h7xx_hal_rcc_ex.o
    0x08001d58   0x08001d58   0x00000b38   Code   RO         2441    i.HAL_RCCEx_PeriphCLKConfig  stm32h7xx_hal_rcc_ex.o
    0x08002890   0x08002890   0x00000250   Code   RO         2256    i.HAL_RCC_ClockConfig  stm32h7xx_hal_rcc.o
    0x08002ae0   0x08002ae0   0x00000038   Code   RO         2260    i.HAL_RCC_GetHCLKFreq  stm32h7xx_hal_rcc.o
    0x08002b18   0x08002b18   0x0000002c   Code   RO         2262    i.HAL_RCC_GetPCLK1Freq  stm32h7xx_hal_rcc.o
    0x08002b44   0x08002b44   0x0000002c   Code   RO         2263    i.HAL_RCC_GetPCLK2Freq  stm32h7xx_hal_rcc.o
    0x08002b70   0x08002b70   0x00000244   Code   RO         2264    i.HAL_RCC_GetSysClockFreq  stm32h7xx_hal_rcc.o
    0x08002db4   0x08002db4   0x000006c4   Code   RO         2267    i.HAL_RCC_OscConfig  stm32h7xx_hal_rcc.o
    0x08003478   0x08003478   0x00000050   Code   RO         4533    i.HAL_SDRAM_Init    stm32h7xx_hal_sdram.o
    0x080034c8   0x080034c8   0x00000002   Code   RO         4535    i.HAL_SDRAM_MspInit  stm32h7xx_hal_sdram.o
    0x080034ca   0x080034ca   0x00000028   Code   RO         4536    i.HAL_SDRAM_ProgramRefreshRate  stm32h7xx_hal_sdram.o
    0x080034f2   0x080034f2   0x0000003a   Code   RO         4542    i.HAL_SDRAM_SendCommand  stm32h7xx_hal_sdram.o
    0x0800352c   0x0800352c   0x00000264   Code   RO         5430    i.HAL_SPI_Init      stm32h7xx_hal_spi.o
    0x08003790   0x08003790   0x000000bc   Code   RO         1706    i.HAL_SPI_MspInit   bsp_spi_bus.o
    0x0800384c   0x0800384c   0x000003dc   Code   RO         5439    i.HAL_SPI_TransmitReceive  stm32h7xx_hal_spi.o
    0x08003c28   0x08003c28   0x00000068   Code   RO         4265    i.HAL_SRAM_Init     stm32h7xx_hal_sram.o
    0x08003c90   0x08003c90   0x00000002   Code   RO         4267    i.HAL_SRAM_MspInit  stm32h7xx_hal_sram.o
    0x08003c92   0x08003c92   0x00000034   Code   RO         2124    i.HAL_SYSTICK_Config  stm32h7xx_hal_cortex.o
    0x08003cc6   0x08003cc6   0x00000034   Code   RO         2781    i.HAL_TIM_Base_Init  stm32h7xx_hal_tim.o
    0x08003cfa   0x08003cfa   0x00000002   Code   RO         2783    i.HAL_TIM_Base_MspInit  stm32h7xx_hal_tim.o
    0x08003cfc   0x08003cfc   0x0000001e   Code   RO         2784    i.HAL_TIM_Base_Start  stm32h7xx_hal_tim.o
    0x08003d1a   0x08003d1a   0x00000078   Code   RO         3873    i.HAL_UART_Init     stm32h7xx_hal_uart.o
    0x08003d92   0x08003d92   0x00000002   Code   RO         3875    i.HAL_UART_MspInit  stm32h7xx_hal_uart.o
    0x08003d94   0x08003d94   0x000000a0   Code   RO         1080    i.HC574_ConfigFMC   bsp_fmc_io.o
    0x08003e34   0x08003e34   0x00000118   Code   RO         1081    i.HC574_ConfigGPIO  bsp_fmc_io.o
    0x08003f4c   0x08003f4c   0x0000002c   Code   RO         1083    i.HC574_SetPin      bsp_fmc_io.o
    0x08003f78   0x08003f78   0x00000108   Code   RO         5821    i.HardFaultHandler  segger_hardfaulthandler.o
    0x08004080   0x08004080   0x000000f4   Code   RO         1147    i.InitHardUart      bsp_uart_fifo.o
    0x08004174   0x08004174   0x00000076   Code   RO          787    i.IsKeyDownFunc     bsp_key.o
    0x080041ea   0x080041ea   0x00000002   PAD
    0x080041ec   0x080041ec   0x00000034   Code   RO          788    i.KeyPinActive      bsp_key.o
    0x08004220   0x08004220   0x000000d6   Code   RO          634    i.MPU_Config        bsp.o
    0x080042f6   0x080042f6   0x00000004   Code   RO         1324    i.MemManage_Handler  stm32h7xx_it.o
    0x080042fa   0x080042fa   0x00000002   Code   RO         1325    i.NMI_Handler       stm32h7xx_it.o
    0x080042fc   0x080042fc   0x00000002   Code   RO         1326    i.PendSV_Handler    stm32h7xx_it.o
    0x080042fe   0x080042fe   0x00000002   PAD
    0x08004300   0x08004300   0x000001c4   Code   RO            4    i.PrintfLogo        main.o
    0x080044c4   0x080044c4   0x000000a0   Code   RO         1505    i.QSPI_AutoPollingMemReady  bsp_qspi_w25q256.o
    0x08004564   0x08004564   0x0000024a   Code   RO         4718    i.QSPI_Config       stm32h7xx_hal_qspi.o
    0x080047ae   0x080047ae   0x00000002   PAD
    0x080047b0   0x080047b0   0x00000088   Code   RO         1507    i.QSPI_EraseSector  bsp_qspi_w25q256.o
    0x08004838   0x08004838   0x0000009c   Code   RO         1509    i.QSPI_ReadBuffer   bsp_qspi_w25q256.o
    0x080048d4   0x080048d4   0x000000b0   Code   RO         1510    i.QSPI_ReadID       bsp_qspi_w25q256.o
    0x08004984   0x08004984   0x0000004c   Code   RO         4723    i.QSPI_WaitFlagStateUntilTimeout  stm32h7xx_hal_qspi.o
    0x080049d0   0x080049d0   0x000000b4   Code   RO         1511    i.QSPI_WriteBuffer  bsp_qspi_w25q256.o
    0x08004a84   0x08004a84   0x00000078   Code   RO         1512    i.QSPI_WriteEnable  bsp_qspi_w25q256.o
    0x08004afc   0x08004afc   0x00000130   Code   RO         2444    i.RCCEx_PLL2_Config  stm32h7xx_hal_rcc_ex.o
    0x08004c2c   0x08004c2c   0x00000130   Code   RO         2445    i.RCCEx_PLL3_Config  stm32h7xx_hal_rcc_ex.o
    0x08004d5c   0x08004d5c   0x00000044   Code   RO         1148    i.RS485_InitTXE     bsp_uart_fifo.o
    0x08004da0   0x08004da0   0x00000120   Code   RO          381    i.ReadSpeedTest     demo_fmc_sdram.o
    0x08004ec0   0x08004ec0   0x00000068   Code   RO          382    i.ReadWriteTest     demo_fmc_sdram.o
    0x08004f28   0x08004f28   0x0000009c   Code   RO          635    i.SCB_EnableDCache  bsp.o
    0x08004fc4   0x08004fc4   0x0000007c   Code   RO          636    i.SCB_EnableICache  bsp.o
    0x08005040   0x08005040   0x00000148   Code   RO         1455    i.SDRAM_GPIOConfig  bsp_fmc_sdram.o
    0x08005188   0x08005188   0x00000092   Code   RO         1456    i.SDRAM_Initialization_Sequence  bsp_fmc_sdram.o
    0x0800521a   0x0800521a   0x000000fc   Code   RO         5455    i.SPI_CloseTransfer  stm32h7xx_hal_spi.o
    0x08005316   0x08005316   0x0000001a   Code   RO         5466    i.SPI_GetPacketSize  stm32h7xx_hal_spi.o
    0x08005330   0x08005330   0x00000040   Code   RO         5473    i.SPI_WaitOnFlagUntilTimeout  stm32h7xx_hal_spi.o
    0x08005370   0x08005370   0x00000002   Code   RO         1327    i.SVC_Handler       stm32h7xx_it.o
    0x08005372   0x08005372   0x00000002   PAD
    0x08005374   0x08005374   0x0000001c   Code   RO          892    i.SysTick_Handler   bsp_timer.o
    0x08005390   0x08005390   0x00000084   Code   RO          893    i.SysTick_ISR       bsp_timer.o
    0x08005414   0x08005414   0x00000110   Code   RO          637    i.SystemClock_Config  bsp.o
    0x08005524   0x08005524   0x00000094   Code   RO         5782    i.SystemInit        system_stm32h7xx.o
    0x080055b8   0x080055b8   0x000000b4   Code   RO          894    i.TIM2_IRQHandler   bsp_timer.o
    0x0800566c   0x0800566c   0x000000cc   Code   RO         2865    i.TIM_Base_SetConfig  stm32h7xx_hal_tim.o
    0x08005738   0x08005738   0x00000010   Code   RO         1155    i.UART7_IRQHandler  bsp_uart_fifo.o
    0x08005748   0x08005748   0x000000ea   Code   RO         3886    i.UART_AdvFeatureConfig  stm32h7xx_hal_uart.o
    0x08005832   0x08005832   0x00000074   Code   RO         3887    i.UART_CheckIdleState  stm32h7xx_hal_uart.o
    0x080058a6   0x080058a6   0x00000002   PAD
    0x080058a8   0x080058a8   0x000009a4   Code   RO         3902    i.UART_SetConfig    stm32h7xx_hal_uart.o
    0x0800624c   0x0800624c   0x0000006c   Code   RO         3904    i.UART_WaitOnFlagUntilTimeout  stm32h7xx_hal_uart.o
    0x080062b8   0x080062b8   0x0000017a   Code   RO         1157    i.UartIRQ           bsp_uart_fifo.o
    0x08006432   0x08006432   0x00000002   PAD
    0x08006434   0x08006434   0x00000040   Code   RO         1160    i.UartVarInit       bsp_uart_fifo.o
    0x08006474   0x08006474   0x00000004   Code   RO         1328    i.UsageFault_Handler  stm32h7xx_it.o
    0x08006478   0x08006478   0x0000015c   Code   RO          383    i.WriteSpeedTest    demo_fmc_sdram.o
    0x080065d4   0x080065d4   0x00000020   Code   RO         6070    i.__0printf$8       mc_w.l(printf8.o)
    0x080065f4   0x080065f4   0x00000010   Code   RO         2126    i.__NVIC_GetPriorityGrouping  stm32h7xx_hal_cortex.o
    0x08006604   0x08006604   0x00000028   Code   RO         2127    i.__NVIC_SetPriority  stm32h7xx_hal_cortex.o
    0x0800662c   0x0800662c   0x0000000e   Code   RO         6166    i.__scatterload_copy  mc_w.l(handlers.o)
    0x0800663a   0x0800663a   0x00000002   Code   RO         6167    i.__scatterload_null  mc_w.l(handlers.o)
    0x0800663c   0x0800663c   0x0000000e   Code   RO         6168    i.__scatterload_zeroinit  mc_w.l(handlers.o)
    0x0800664a   0x0800664a   0x00000006   Code   RO          895    i.__set_PRIMASK     bsp_timer.o
    0x08006650   0x08006650   0x00000404   Code   RO         6077    i._printf_core      mc_w.l(printf8.o)
    0x08006a54   0x08006a54   0x00000024   Code   RO         6078    i._printf_post_padding  mc_w.l(printf8.o)
    0x08006a78   0x08006a78   0x0000002e   Code   RO         6079    i._printf_pre_padding  mc_w.l(printf8.o)
    0x08006aa6   0x08006aa6   0x00000002   PAD
    0x08006aa8   0x08006aa8   0x00000054   Code   RO          899    i.bsp_DelayUS       bsp_timer.o
    0x08006afc   0x08006afc   0x000000cc   Code   RO          791    i.bsp_DetectKey     bsp_key.o
    0x08006bc8   0x08006bc8   0x0000001c   Code   RO          900    i.bsp_GetRunTime    bsp_timer.o
    0x08006be4   0x08006be4   0x00000002   Code   RO          638    i.bsp_Idle          bsp.o
    0x08006be6   0x08006be6   0x0000003c   Code   RO          639    i.bsp_Init          bsp.o
    0x08006c22   0x08006c22   0x00000002   PAD
    0x08006c24   0x08006c24   0x00000028   Code   RO          761    i.bsp_InitDWT       bsp_dwt.o
    0x08006c4c   0x08006c4c   0x00000024   Code   RO         1085    i.bsp_InitExtIO     bsp_fmc_io.o
    0x08006c70   0x08006c70   0x000000b0   Code   RO         1457    i.bsp_InitExtSDRAM  bsp_fmc_sdram.o
    0x08006d20   0x08006d20   0x000000fc   Code   RO          901    i.bsp_InitHardTimer  bsp_timer.o
    0x08006e1c   0x08006e1c   0x00000054   Code   RO         1626    i.bsp_InitI2C       bsp_i2c_gpio.o
    0x08006e70   0x08006e70   0x0000000c   Code   RO          795    i.bsp_InitKey       bsp_key.o
    0x08006e7c   0x08006e7c   0x000000c0   Code   RO          796    i.bsp_InitKeyHard   bsp_key.o
    0x08006f3c   0x08006f3c   0x00000078   Code   RO          797    i.bsp_InitKeyVar    bsp_key.o
    0x08006fb4   0x08006fb4   0x0000001c   Code   RO          711    i.bsp_InitLed       bsp_led.o
    0x08006fd0   0x08006fd0   0x0000007c   Code   RO         1513    i.bsp_InitQSPI_W25Q256  bsp_qspi_w25q256.o
    0x0800704c   0x0800704c   0x00000048   Code   RO          523    i.bsp_InitSFlash    demo_spi_nand.o
    0x08007094   0x08007094   0x0000001c   Code   RO         1708    i.bsp_InitSPIBus    bsp_spi_bus.o
    0x080070b0   0x080070b0   0x000000b8   Code   RO         1709    i.bsp_InitSPIParam  bsp_spi_bus.o
    0x08007168   0x08007168   0x000000a8   Code   RO          902    i.bsp_InitTimer     bsp_timer.o
    0x08007210   0x08007210   0x00000010   Code   RO         1162    i.bsp_InitUart      bsp_uart_fifo.o
    0x08007220   0x08007220   0x00000016   Code   RO          798    i.bsp_KeyScan10ms   bsp_key.o
    0x08007236   0x08007236   0x0000003c   Code   RO          713    i.bsp_LedOff        bsp_led.o
    0x08007272   0x08007272   0x00000002   PAD
    0x08007274   0x08007274   0x00000020   Code   RO          800    i.bsp_PutKey        bsp_key.o
    0x08007294   0x08007294   0x00000008   Code   RO          640    i.bsp_RunPer10ms    bsp.o
    0x0800729c   0x0800729c   0x00000002   Code   RO          641    i.bsp_RunPer1ms     bsp.o
    0x0800729e   0x0800729e   0x00000002   PAD
    0x080072a0   0x080072a0   0x00000024   Code   RO          801    i.bsp_SetKeyParam   bsp_key.o
    0x080072c4   0x080072c4   0x00000068   Code   RO         1163    i.bsp_SetUartParam  bsp_uart_fifo.o
    0x0800732c   0x0800732c   0x0000001c   Code   RO          903    i.bsp_SoftTimerDec  bsp_timer.o
    0x08007348   0x08007348   0x0000000c   Code   RO         1711    i.bsp_SpiBusEnter   bsp_spi_bus.o
    0x08007354   0x08007354   0x0000000c   Code   RO         1712    i.bsp_SpiBusExit    bsp_spi_bus.o
    0x08007360   0x08007360   0x000000b8   Code   RO         1458    i.bsp_TestExtSDRAM1  bsp_fmc_sdram.o
    0x08007418   0x08007418   0x0000006c   Code   RO         1713    i.bsp_spiTransfer   bsp_spi_bus.o
    0x08007484   0x08007484   0x00000016   Code   RO         1588    i.ee_CheckOk        bsp_i2c_eeprom_24xx.o
    0x0800749a   0x0800749a   0x0000007e   Code   RO         1589    i.ee_ReadBytes      bsp_i2c_eeprom_24xx.o
    0x08007518   0x08007518   0x000000bc   Code   RO         1590    i.ee_WriteBytes     bsp_i2c_eeprom_24xx.o
    0x080075d4   0x080075d4   0x0000001c   Code   RO         1171    i.fputc             bsp_uart_fifo.o
    0x080075f0   0x080075f0   0x00000034   Code   RO         1627    i.i2c_Ack           bsp_i2c_gpio.o
    0x08007624   0x08007624   0x00000038   Code   RO         1628    i.i2c_CheckDevice   bsp_i2c_gpio.o
    0x0800765c   0x0800765c   0x0000000a   Code   RO         1629    i.i2c_Delay         bsp_i2c_gpio.o
    0x08007666   0x08007666   0x00000002   PAD
    0x08007668   0x08007668   0x00000028   Code   RO         1630    i.i2c_NAck          bsp_i2c_gpio.o
    0x08007690   0x08007690   0x00000044   Code   RO         1631    i.i2c_ReadByte      bsp_i2c_gpio.o
    0x080076d4   0x080076d4   0x00000054   Code   RO         1632    i.i2c_SendByte      bsp_i2c_gpio.o
    0x08007728   0x08007728   0x00000030   Code   RO         1633    i.i2c_Start         bsp_i2c_gpio.o
    0x08007758   0x08007758   0x0000002c   Code   RO         1634    i.i2c_Stop          bsp_i2c_gpio.o
    0x08007784   0x08007784   0x0000003c   Code   RO         1635    i.i2c_WaitAck       bsp_i2c_gpio.o
    0x080077c0   0x080077c0   0x0000001e   Code   RO            5    i.main              main.o
    0x080077de   0x080077de   0x00000002   PAD
    0x080077e0   0x080077e0   0x000000e8   Code   RO          462    i.sfReadTest        demo_qspi_nor.o
    0x080078c8   0x080078c8   0x000000c8   Code   RO          465    i.sfWriteAll        demo_qspi_nor.o
    0x08007990   0x08007990   0x000000cc   Code   RO          466    i.sfWriteTest       demo_qspi_nor.o
    0x08007a5c   0x08007a5c   0x00000070   Code   RO          527    i.sf_EraseSector    demo_spi_nand.o
    0x08007acc   0x08007acc   0x00000120   Code   RO          529    i.sf_PageWrite      demo_spi_nand.o
    0x08007bec   0x08007bec   0x00000114   Code   RO          530    i.sf_ReadBuffer     demo_spi_nand.o
    0x08007d00   0x08007d00   0x0000004c   Code   RO          531    i.sf_ReadID         demo_spi_nand.o
    0x08007d4c   0x08007d4c   0x00000120   Code   RO          532    i.sf_ReadInfo       demo_spi_nand.o
    0x08007e6c   0x08007e6c   0x00000030   Code   RO          533    i.sf_SetCS          demo_spi_nand.o
    0x08007e9c   0x08007e9c   0x00000064   Code   RO          534    i.sf_WaitForWriteEnd  demo_spi_nand.o
    0x08007f00   0x08007f00   0x00000034   Code   RO          536    i.sf_WriteEnable    demo_spi_nand.o
    0x08007f34   0x08007f34   0x00000070   Data   RO          803    .constdata          bsp_key.o
    0x08007fa4   0x08007fa4   0x00000030   Data   RO         3905    .constdata          stm32h7xx_hal_uart.o
    0x08007fd4   0x08007fd4   0x00000040   Data   RO         5783    .constdata          system_stm32h7xx.o
    0x08008014   0x08008014   0x00000020   Data   RO         6164    Region$$Table       anon$$obj.o


    Execution Region RW_IRAM1 (Exec base: 0x20000000, Load base: 0x08008034, Size: 0x00008fa0, Max: 0x00020000, ABSOLUTE)

    Exec Addr    Load Addr    Size         Type   Attr      Idx    E Section Name        Object

    0x20000000   0x08008034   0x0000001e   Data   RW          910    .data               bsp_timer.o
    0x2000001e   0x08008052   0x00000002   PAD
    0x20000020   0x08008054   0x00000004   Data   RW         1088    .data               bsp_fmc_io.o
    0x20000024   0x08008058   0x00000015   Data   RW         1716    .data               bsp_spi_bus.o
    0x20000039   0x0800806d   0x00000003   PAD
    0x2000003c   0x08008070   0x00000009   Data   RW         1842    .data               stm32h7xx_hal.o
    0x20000045   0x08008079   0x00000003   PAD
    0x20000048   0x0800807c   0x00000008   Data   RW         5784    .data               system_stm32h7xx.o
    0x20000050   0x08008084   0x00000004   Data   RW         5824    .data               segger_hardfaulthandler.o
    0x20000054   0x08008088   0x00000004   Data   RW         6140    .data               mc_w.l(stdout.o)
    0x20000058   0x0800808c   0x00000008   PAD
    0x20000060        -       0x00004400   Zero   RW          467    .bss                demo_qspi_nor.o
    0x20004460        -       0x0000101c   Zero   RW          537    .bss                demo_spi_nand.o
    0x2000547c        -       0x000000ad   Zero   RW          802    .bss                bsp_key.o
    0x20005529   0x0800808c   0x00000003   PAD
    0x2000552c        -       0x00000030   Zero   RW          908    .bss                bsp_timer.o
    0x2000555c        -       0x0000082c   Zero   RW         1172    .bss                bsp_uart_fifo.o
    0x20005d88        -       0x0000004c   Zero   RW         1514    .bss                bsp_qspi_w25q256.o
    0x20005dd4   0x0800808c   0x0000000c   PAD
    0x20005de0        -       0x00002180   Zero   RW         1714    .bss                bsp_spi_bus.o
    0x20007f60        -       0x00000040   Zero   RW         5822    .bss                segger_hardfaulthandler.o
    0x20007fa0        -       0x00001000   Zero   RW         1782    STACK               startup_stm32h743xx.o


    Execution Region RW_IRAM2 (Exec base: 0x24000000, Load base: 0x0800808c, Size: 0x00000000, Max: 0x00080000, ABSOLUTE)

    **** No section assigned to this execution region ****


    Execution Region RW_IRAM3 (Exec base: 0x30000000, Load base: 0x0800808c, Size: 0x00000000, Max: 0x00048000, ABSOLUTE)

    **** No section assigned to this execution region ****


    Execution Region RW_IRAM4 (Exec base: 0x38000000, Load base: 0x0800808c, Size: 0x00000000, Max: 0x00010000, ABSOLUTE, UNINIT)

    **** No section assigned to this execution region ****


==============================================================================

Image component sizes


      Code (inc. data)   RO Data    RW Data    ZI Data      Debug   Object Name

       858         48          0          0          0      40886   bsp.o
        40         10          0          0          0        486   bsp_dwt.o
       520         84          0          4          0       3165   bsp_fmc_io.o
       834         76          0          0          0       4351   bsp_fmc_sdram.o
       336          0          0          0          0       2840   bsp_i2c_eeprom_24xx.o
       546         50          0          0          0       6532   bsp_i2c_gpio.o
       788         34        112          0        173       6531   bsp_key.o
        88          0          0          0          0       1103   bsp_led.o
      1520        344          0          0         76       8081   bsp_qspi_w25q256.o
       532        136          0         21       8576       5642   bsp_spi_bus.o
       906        150          0         30         48      47117   bsp_timer.o
       918         88          0          0       2092       8521   bsp_uart_fifo.o
       840        284          0          0          0       6471   demo_fmc_sdram.o
       464        250          0          0          0        944   demo_i2c_eeprom.o
      1016        568          0          0      17408       3129   demo_qspi_nor.o
      1812        446          0          0       4124       8276   demo_spi_nand.o
        18          0          0          0          0        328   hardfaulthandler.o
       482        354          0          0          0    1264967   main.o
       264         62          0          4         64       3575   segger_hardfaulthandler.o
        36          8        664          0       4096        944   startup_stm32h743xx.o
       202         36          0          9          0       5277   stm32h7xx_hal.o
       502         38          0          0          0      41837   stm32h7xx_hal_cortex.o
       976        104          0          0          0       2786   stm32h7xx_hal_gpio.o
      1802          8          0          0          0       8961   stm32h7xx_hal_qspi.o
      3048         86          0          0          0       6116   stm32h7xx_hal_rcc.o
      4692        118          0          0          0       7535   stm32h7xx_hal_rcc_ex.o
       180          4          0          0          0       3416   stm32h7xx_hal_sdram.o
      1942         14          0          0          0       5349   stm32h7xx_hal_spi.o
       106          4          0          0          0       1847   stm32h7xx_hal_sram.o
       288         32          0          0          0       3205   stm32h7xx_hal_tim.o
      3048        130         48          0          0       6468   stm32h7xx_hal_uart.o
        20          0          0          0          0       3392   stm32h7xx_it.o
       618         14          0          0          0       5920   stm32h7xx_ll_fmc.o
       148         18         64          8          0       1562   system_stm32h7xx.o

    ----------------------------------------------------------------------
     30414       3598        920         84      36672    1527560   Object Totals
         0          0         32          0          0          0   (incl. Generated)
        24          0          0          8         15          0   (incl. Padding)

    ----------------------------------------------------------------------

      Code (inc. data)   RO Data    RW Data    ZI Data      Debug   Library Member Name

         0          0          0          0          0          0   entry.o
         0          0          0          0          0          0   entry10a.o
         0          0          0          0          0          0   entry11a.o
         4          0          0          0          0          0   entry12b.o
         8          4          0          0          0          0   entry2.o
         4          0          0          0          0          0   entry5.o
         0          0          0          0          0          0   entry7b.o
         0          0          0          0          0          0   entry8b.o
         8          4          0          0          0          0   entry9a.o
        30          0          0          0          0          0   handlers.o
        36          8          0          0          0         68   init.o
        30          0          0          0          0         68   llshl.o
        32          0          0          0          0         68   llushr.o
        36          0          0          0          0         68   memcpya.o
        36          0          0          0          0        108   memseta.o
      1142         54          0          0          0        352   printf8.o
         0          0          0          4          0          0   stdout.o
        18          0          0          0          0         68   strcpy.o
        98          0          0          0          0         92   uldiv.o

    ----------------------------------------------------------------------
      1486         70          0          4          8        892   Library Totals
         4          0          0          0          8          0   (incl. Padding)

    ----------------------------------------------------------------------

      Code (inc. data)   RO Data    RW Data    ZI Data      Debug   Library Name

      1482         70          0          4          0        892   mc_w.l

    ----------------------------------------------------------------------
      1486         70          0          4          8        892   Library Totals

    ----------------------------------------------------------------------

==============================================================================


      Code (inc. data)   RO Data    RW Data    ZI Data      Debug   

     31900       3668        920         88      36680    1511540   Grand Totals
     31900       3668        920         88      36680    1511540   ELF Image Totals
     31900       3668        920         88          0          0   ROM Totals

==============================================================================

    Total RO  Size (Code + RO Data)                32820 (  32.05kB)
    Total RW  Size (RW Data + ZI Data)             36768 (  35.91kB)
    Total ROM Size (Code + RO Data + RW Data)      32908 (  32.14kB)

==============================================================================

